Component: ARM Compiler 5.06 update 7 (build 960) Tool: armlink [4d3601]

==============================================================================

Section Cross References

    startup_stm32l072xx.o(RESET) refers to startup_stm32l072xx.o(STACK) for __initial_sp
    startup_stm32l072xx.o(RESET) refers to startup_stm32l072xx.o(.text) for Reset_Handler
    startup_stm32l072xx.o(RESET) refers to stm32l0xx_it.o(i.NMI_Handler) for NMI_Handler
    startup_stm32l072xx.o(RESET) refers to stm32l0xx_it.o(i.HardFault_Handler) for HardFault_Handler
    startup_stm32l072xx.o(RESET) refers to stm32l0xx_it.o(i.SVC_Handler) for SVC_Handler
    startup_stm32l072xx.o(RESET) refers to stm32l0xx_it.o(i.PendSV_Handler) for PendSV_Handler
    startup_stm32l072xx.o(RESET) refers to stm32l0xx_it.o(i.SysTick_Handler) for SysTick_Handler
    startup_stm32l072xx.o(RESET) refers to stm32l0xx_it.o(i.RTC_IRQHandler) for RTC_IRQHandler
    startup_stm32l072xx.o(RESET) refers to stm32l0xx_it.o(i.EXTI0_1_IRQHandler) for EXTI0_1_IRQHandler
    startup_stm32l072xx.o(RESET) refers to stm32l0xx_it.o(i.EXTI4_15_IRQHandler) for EXTI4_15_IRQHandler
    startup_stm32l072xx.o(RESET) refers to stm32l0xx_it.o(i.DMA1_Channel2_3_IRQHandler) for DMA1_Channel2_3_IRQHandler
    startup_stm32l072xx.o(RESET) refers to stm32l0xx_it.o(i.USART1_IRQHandler) for USART1_IRQHandler
    startup_stm32l072xx.o(RESET) refers to stm32l0xx_it.o(i.USART2_IRQHandler) for USART2_IRQHandler
    startup_stm32l072xx.o(RESET) refers to stm32l0xx_it.o(i.RNG_LPUART1_IRQHandler) for RNG_LPUART1_IRQHandler
    startup_stm32l072xx.o(.text) refers to system_stm32l0xx.o(i.SystemInit) for SystemInit
    startup_stm32l072xx.o(.text) refers to entry.o(.ARM.Collect$$$$00000000) for __main
    main.o(i.GNSSTimerEvent) refers to main.o(.data) for .data
    main.o(i.GNSS_Start) refers to time_server.o(i.TimerInit) for TimerInit
    main.o(i.GNSS_Start) refers to time_server.o(i.TimerSetValue) for TimerSetValue
    main.o(i.GNSS_Start) refers to time_server.o(i.TimerStart) for TimerStart
    main.o(i.GNSS_Start) refers to main.o(i.GNSS_tdc_TimerEvent) for GNSS_tdc_TimerEvent
    main.o(i.GNSS_Start) refers to main.o(.bss) for .bss
    main.o(i.GNSS_Start) refers to common.o(.data) for sys
    main.o(i.GNSS_tdc_TimerEvent) refers to time_server.o(i.TimerSetValue) for TimerSetValue
    main.o(i.GNSS_tdc_TimerEvent) refers to time_server.o(i.TimerStart) for TimerStart
    main.o(i.GNSS_tdc_TimerEvent) refers to common.o(.data) for sys
    main.o(i.GNSS_tdc_TimerEvent) refers to main.o(.bss) for .bss
    main.o(i.GNSS_tdc_TimerEvent) refers to at.o(.data) for gps_flag
    main.o(i.GNSS_tdc_TimerEvent) refers to main.o(.data) for .data
    main.o(i.GPIO_BLE_STATUS_Ioinit) refers to memseta.o(.text) for __aeabi_memclr4
    main.o(i.GPIO_BLE_STATUS_Ioinit) refers to stm32l0xx_hal_gpio.o(i.HAL_GPIO_Init) for HAL_GPIO_Init
    main.o(i.HAL_GPIO_EXTI_Callback) refers to stm32l0xx_hal_gpio.o(i.HAL_GPIO_ReadPin) for HAL_GPIO_ReadPin
    main.o(i.HAL_GPIO_EXTI_Callback) refers to lowpower.o(i.LPM_DisableStopMode) for LPM_DisableStopMode
    main.o(i.HAL_GPIO_EXTI_Callback) refers to printfa.o(i.__0printf) for __2printf
    main.o(i.HAL_GPIO_EXTI_Callback) refers to nbinit.o(.data) for nb
    main.o(i.HAL_GPIO_EXTI_Callback) refers to main.o(.data) for .data
    main.o(i.HAL_GPIO_EXTI_Callback) refers to common.o(.data) for sensor
    main.o(i.HAL_RTCEx_AlarmBEventCallback) refers to stm32l0xx_hal_iwdg.o(i.HAL_IWDG_Refresh) for HAL_IWDG_Refresh
    main.o(i.HAL_RTCEx_AlarmBEventCallback) refers to time_server.o(i.My_AlarmInit) for My_AlarmInit
    main.o(i.HAL_RTCEx_AlarmBEventCallback) refers to iwdg.o(.bss) for hiwdg
    main.o(i.HAL_RTCEx_AlarmBEventCallback) refers to common.o(.data) for sys
    main.o(i.HAL_RTCEx_AlarmBEventCallback) refers to main.o(.data) for .data
    main.o(i.HAL_RTCEx_AlarmBEventCallback) refers to nbinit.o(.data) for nb
    main.o(i.HAL_RTC_AlarmAEventCallback) refers to time_server.o(i.TimerIrqHandler) for TimerIrqHandler
    main.o(i.HAL_UART_RxCpltCallback) refers to stm32l0xx_hal_uart.o(i.HAL_UART_Receive_IT) for HAL_UART_Receive_IT
    main.o(i.HAL_UART_RxCpltCallback) refers to usart.o(.bss) for hlpuart1
    main.o(i.HAL_UART_RxCpltCallback) refers to main.o(.data) for .data
    main.o(i.HAL_UART_RxCpltCallback) refers to nbinit.o(.data) for nb
    main.o(i.HAL_UART_RxCpltCallback) refers to main.o(.bss) for .bss
    main.o(i.HW_GetUniqueId) refers to printfa.o(i.__0sprintf) for __2sprintf
    main.o(i.HW_GetUniqueId) refers to strcat.o(.text) for strcat
    main.o(i.HW_GetUniqueId) refers to main.o(.bss) for .bss
    main.o(i.LoraStartCheckBLE) refers to time_server.o(i.TimerInit) for TimerInit
    main.o(i.LoraStartCheckBLE) refers to time_server.o(i.TimerSetValue) for TimerSetValue
    main.o(i.LoraStartCheckBLE) refers to time_server.o(i.TimerStart) for TimerStart
    main.o(i.LoraStartCheckBLE) refers to main.o(i.OnCheckBLETimesEvent) for OnCheckBLETimesEvent
[...]
    nbecho_flag                              0x20000019   Data           1  main.o(.data)
    gnss_tdc_flag                            0x2000001a   Data           1  main.o(.data)
    ble_sleep_flags                          0x2000001c   Data           1  main.o(.data)
    ble_sleep_command                        0x2000001d   Data           1  main.o(.data)
    sleep_status                             0x2000001e   Data           1  main.o(.data)
    tdc_clock_log_flag                       0x2000001f   Data           1  main.o(.data)
    Calibrat_flag                            0x20000020   Data           1  main.o(.data)
    gpstime_flag                             0x20000021   Data           1  main.o(.data)
    last_tdc_temp                            0x20000024   Data           4  main.o(.data)
    MCU_ID                                   0x2000002d   Data           8  main.o(.data)
    mqtt_qos_flags                           0x20000046   Data           1  at.o(.data)
    mqtt_qos                                 0x20000047   Data           1  at.o(.data)
    ipv46                                    0x20000048   Data           1  at.o(.data)
    gps_flag                                 0x20000049   Data           1  at.o(.data)
    getsensorvalue_flag                      0x2000004a   Data           1  at.o(.data)
    gnss_timer                               0x2000004c   Data           2  at.o(.data)
    detect_flags                             0x20000050   Data           1  common.o(.data)
    mode2_flag                               0x20000051   Data           1  common.o(.data)
    fdr_qsw                                  0x20000052   Data           1  common.o(.data)
    debugss                                  0x20000054   Data           1  common.o(.data)
    tmp117_connect_status                    0x20000055   Data           1  common.o(.data)
    fire_version                             0x20000056   Data           2  common.o(.data)
    fire_pro                                 0x20000058   Data           2  common.o(.data)
    hum_store                                0x2000005a   Data           2  common.o(.data)
    tem_store                                0x2000005c   Data           2  common.o(.data)
    adc0_datalog                             0x2000005e   Data           2  common.o(.data)
    adc1_datalog                             0x20000060   Data           2  common.o(.data)
    adc4_datalog                             0x20000062   Data           2  common.o(.data)
    distance_datalog                         0x20000064   Data           2  common.o(.data)
    sys                                      0x20000068   Data          68  common.o(.data)
    sensor                                   0x200000b0   Data          96  common.o(.data)
    PAGEError                                0x20000110   Data           4  flash_eraseprogram.o(.data)
    data32                                   0x20000114   Data           4  flash_eraseprogram.o(.data)
    gxht30_temp_record                       0x2000014c   Data           4  sht31.o(.data)
    gxht30_hum_record                        0x20000150   Data           4  sht31.o(.data)
    hum_value                                0x20000154   Data           4  sht31.o(.data)
    tem_value                                0x20000158   Data           4  sht31.o(.data)
    ds18b20_connect_status                   0x2000015c   Data           1  ds18b20.o(.data)
    ds1820_value                             0x20000160   Data           4  ds18b20.o(.data)
    ds1820_value2                            0x20000164   Data           4  ds18b20.o(.data)
    ds1820_value3                            0x20000168   Data           4  ds18b20.o(.data)
    HX711_Buffer                             0x2000016c   Data           4  weight.o(.data)
    Weight_Maopi                             0x20000170   Data           4  weight.o(.data)
    Weight_Shiwu                             0x20000174   Data           4  weight.o(.data)
    clock_cal_time_flag                      0x20000178   Data           1  nbinit.o(.data)
    reupload_time                            0x2000017a   Data           1  nbinit.o(.data)
    succes_Status                            0x2000017b   Data           1  nbinit.o(.data)
    udp_close_flag                           0x2000017c   Data           1  nbinit.o(.data)
    gnss_time_num                            0x2000017d   Data           1  nbinit.o(.data)
    no_singal_flag                           0x2000017e   Data           1  nbinit.o(.data)
    DNS_RE_FLAG                              0x2000017f   Data           1  nbinit.o(.data)
    first_sample                             0x20000180   Data           1  nbinit.o(.data)
    tcp_close_flag                           0x20000181   Data           1  nbinit.o(.data)
    try_num                                  0x20000184   Data           1  nbinit.o(.data)
    nb_cmd_status                            0x20000185   Data           1  nbinit.o(.data)
    cal_time_difference                      0x20000188   Data           4  nbinit.o(.data)
    ATSendStr                                0x2000018c   Data           4  nbinit.o(.data)
    len_string                               0x20000190   Data           4  nbinit.o(.data)
    nb                                       0x20000194   Data          56  nbinit.o(.data)
    at_downlink_flag                         0x200001cc   Data           1  nb_mqtt.o(.data)
    pro_data_num                             0x200001ce   Data           2  nb_udp.o(.data)
    uwTickFreq                               0x200001d0   Data           1  stm32l0xx_hal.o(.data)
    uwTickPrio                               0x200001d4   Data           4  stm32l0xx_hal.o(.data)
    uwTick                                   0x200001d8   Data           4  stm32l0xx_hal.o(.data)
    SystemCoreClock                          0x200001dc   Data           4  system_stm32l0xx.o(.data)
    __stdout                                 0x200001e0   Data           4  stdout.o(.data)
    rxDATA_u1                                0x20000314   Data         100  main.o(.bss)
    MCU_pwd                                  0x20000378   Data          20  main.o(.bss)
    MCU_pwd_tem                              0x2000038c   Data          20  main.o(.bss)
    TxTimer                                  0x200003a0   Data          20  main.o(.bss)
    CheckBLETimesTimer                       0x200003b4   Data          20  main.o(.bss)
    PressButtonTimesLedTimer                 0x200003c8   Data          20  main.o(.bss)
    PressButtonTimeoutTimer                  0x200003dc   Data          20  main.o(.bss)
    nb_intTimeoutTimer                       0x200003f0   Data          20  main.o(.bss)
    timesampleTimer                          0x20000404   Data          20  main.o(.bss)
    CalibrationtimeTimer                     0x20000418   Data          20  main.o(.bss)
    GNSSTimer                                0x2000042c   Data          20  main.o(.bss)
    GNSS_tdc_Timer                           0x20000440   Data          20  main.o(.bss)
    hadc                                     0x20000454   Data          92  adc.o(.bss)
    hi2c1                                    0x200004b0   Data          76  i2c.o(.bss)
    hiwdg                                    0x200004fc   Data          16  iwdg.o(.bss)
    hlpuart1                                 0x2000050c   Data         132  usart.o(.bss)
    huart1                                   0x20000590   Data         132  usart.o(.bss)
    huart2                                   0x20000614   Data         132  usart.o(.bss)
    hdma_lpuart1_tx                          0x20000698   Data          72  usart.o(.bss)
    RtcHandle                                0x200006e0   Data          36  hw_rtc.o(.bss)
    user                                     0x2000159e   Data        2035  common.o(.bss)
    record_log                               0x20001f80   Data         512  nbinit.o(.bss)
    buff                                     0x20002380   Data        2000  nb_mqtt.o(.bss)
    downlink_data                            0x20002b50   Data        1000  nb_mqtt.o(.bss)
    pFlash                                   0x20002f38   Data          24  stm32l0xx_hal_flash.o(.bss)
    __initial_sp                             0x20003398   Data           0  startup_stm32l072xx.o(STACK)



==============================================================================

Memory Map of the image

  Image Entry point : 0x080078c1

  Load Region LR_IROM1 (Base: 0x08007800, Size: 0x0001a180, Max: 0x00028800, ABSOLUTE, COMPRESSED[0x00019fc8])

    Execution Region ER_IROM1 (Exec base: 0x08007800, Load base: 0x08007800, Size: 0x00019f98, Max: 0x00028800, ABSOLUTE)

    Exec Addr    Load Addr    Size         Type   Attr      Idx    E Section Name        Object

    0x08007800   0x08007800   0x000000c0   Data   RO            3    RESET               startup_stm32l072xx.o
    0x080078c0   0x080078c0   0x00000000   Code   RO         6911  * .ARM.Collect$$$$00000000  mc_p.l(entry.o)
    0x080078c0   0x080078c0   0x00000004   Code   RO         7282    .ARM.Collect$$$$00000001  mc_p.l(entry2.o)
    0x080078c4   0x080078c4   0x00000004   Code   RO         7285    .ARM.Collect$$$$00000004  mc_p.l(entry5.o)
    0x080078c8   0x080078c8   0x00000000   Code   RO         7287    .ARM.Collect$$$$00000008  mc_p.l(entry7b.o)
    0x080078c8   0x080078c8   0x00000000   Code   RO         7289    .ARM.Collect$$$$0000000A  mc_p.l(entry8b.o)
    0x080078c8   0x080078c8   0x00000008   Code   RO         7290    .ARM.Collect$$$$0000000B  mc_p.l(entry9a.o)
    0x080078d0   0x080078d0   0x00000004   Code   RO         7297    .ARM.Collect$$$$0000000E  mc_p.l(entry12b.o)
    0x080078d4   0x080078d4   0x00000000   Code   RO         7292    .ARM.Collect$$$$0000000F  mc_p.l(entry10a.o)
    0x080078d4   0x080078d4   0x00000000   Code   RO         7294    .ARM.Collect$$$$00000011  mc_p.l(entry11a.o)
    0x080078d4   0x080078d4   0x00000004   Code   RO         7283    .ARM.Collect$$$$00002712  mc_p.l(entry2.o)
    0x080078d8   0x080078d8   0x0000001c   Code   RO            4    .text               startup_stm32l072xx.o
    0x080078f4   0x080078f4   0x0000002c   Code   RO         6914    .text               mc_p.l(uidiv.o)
    0x08007920   0x08007920   0x00000028   Code   RO         6916    .text               mc_p.l(idiv.o)
    0x08007948   0x08007948   0x00000060   Code   RO         6918    .text               mc_p.l(uldiv.o)
    0x080079a8   0x080079a8   0x0000007a   Code   RO         6920    .text               mc_p.l(llmul.o)
    0x08007a22   0x08007a22   0x00000002   PAD
    0x08007a24   0x08007a24   0x00000008   Code   RO         6922    .text               mc_p.l(ctype_o.o)
    0x08007a2c   0x08007a2c   0x00000012   Code   RO         6944    .text               mc_p.l(isspace_o.o)
    0x08007a3e   0x08007a3e   0x0000000c   Code   RO         6950    .text               mc_p.l(toupper.o)
    0x08007a4a   0x08007a4a   0x00000002   PAD
    0x08007a4c   0x08007a4c   0x0000008c   Code   RO         6958    .text               mc_p.l(mktime.o)
    0x08007ad8   0x08007ad8   0x000003ac   Code   RO         6961    .text               mc_p.l(strftime.o)
    0x08007e84   0x08007e84   0x0000003c   Code   RO         6964    .text               mc_p.l(asctime_s.o)
    0x08007ec0   0x08007ec0   0x0000000c   Code   RO         6967    .text               mc_p.l(ctime.o)
    0x08007ecc   0x08007ecc   0x00000024   Code   RO         6969    .text               mc_p.l(memcpya.o)
    0x08007ef0   0x08007ef0   0x00000024   Code   RO         6971    .text               mc_p.l(memseta.o)
    0x08007f14   0x08007f14   0x00000018   Code   RO         6973    .text               mc_p.l(strcat.o)
    0x08007f2c   0x08007f2c   0x00000028   Code   RO         6975    .text               mc_p.l(strstr.o)
    0x08007f54   0x08007f54   0x0000001a   Code   RO         6977    .text               mc_p.l(strncpy.o)
    0x08007f6e   0x08007f6e   0x00000014   Code   RO         6979    .text               mc_p.l(strchr.o)
    0x08007f82   0x08007f82   0x0000000e   Code   RO         6981    .text               mc_p.l(strlen.o)
    0x08007f90   0x08007f90   0x0000001c   Code   RO         6983    .text               mc_p.l(strcmp.o)
    0x08007fac   0x08007fac   0x00000016   Code   RO         6985    .text               mc_p.l(strrchr.o)
    0x08007fc2   0x08007fc2   0x0000001a   Code   RO         7250    .text               mc_p.l(atoi.o)
    0x08007fdc   0x08007fdc   0x000000b2   Code   RO         7252    .text               mf_p.l(fadd.o)
    0x0800808e   0x0800808e   0x0000007a   Code   RO         7254    .text               mf_p.l(fmul.o)
    0x08008108   0x08008108   0x0000007c   Code   RO         7256    .text               mf_p.l(fdiv.o)
    0x08008184   0x08008184   0x00000168   Code   RO         7258    .text               mf_p.l(dadd.o)
    0x080082ec   0x080082ec   0x000000d0   Code   RO         7260    .text               mf_p.l(dmul.o)
    0x080083bc   0x080083bc   0x000000f0   Code   RO         7262    .text               mf_p.l(ddiv.o)
    0x080084ac   0x080084ac   0x0000002c   Code   RO         7264    .text               mf_p.l(dscalb.o)
    0x080084d8   0x080084d8   0x00000016   Code   RO         7266    .text               mf_p.l(fflti.o)
    0x080084ee   0x080084ee   0x00000002   PAD
    0x080084f0   0x080084f0   0x00000028   Code   RO         7268    .text               mf_p.l(dflti.o)
    0x08008518   0x08008518   0x0000001c   Code   RO         7270    .text               mf_p.l(dfltui.o)
    0x08008534   0x08008534   0x00000032   Code   RO         7272    .text               mf_p.l(ffixi.o)
    0x08008566   0x08008566   0x00000028   Code   RO         7274    .text               mf_p.l(ffixui.o)
    0x0800858e   0x0800858e   0x00000002   PAD
    0x08008590   0x08008590   0x00000048   Code   RO         7276    .text               mf_p.l(dfixi.o)
    0x080085d8   0x080085d8   0x00000028   Code   RO         7278    .text               mf_p.l(f2d.o)
    0x08008600   0x08008600   0x00000038   Code   RO         7280    .text               mf_p.l(d2f.o)
    0x08008638   0x08008638   0x00000020   Code   RO         7299    .text               mc_p.l(llshl.o)
    0x08008658   0x08008658   0x00000022   Code   RO         7301    .text               mc_p.l(llushr.o)
    0x0800867a   0x0800867a   0x00000026   Code   RO         7303    .text               mc_p.l(llsshr.o)
    0x080086a0   0x080086a0   0x00000010   Code   RO         7305    .text               mc_p.l(localtime_w.o)
    0x080086b0   0x080086b0   0x00000074   Code   RO         7308    .text               mc_p.l(localtime_i.o)
    0x08008724   0x08008724   0x000000a4   Code   RO         7322    .text               mc_p.l(strtod.o)
    0x080087c8   0x080087c8   0x00000070   Code   RO         7324    .text               mc_p.l(strtol.o)
    0x08008838   0x08008838   0x00000000   Code   RO         7326    .text               mc_p.l(iusefp.o)
    0x08008838   0x08008838   0x00000082   Code   RO         7327    .text               mf_p.l(fepilogue.o)
    0x080088ba   0x080088ba   0x000000be   Code   RO         7329    .text               mf_p.l(depilogue.o)
    0x08008978   0x08008978   0x00000040   Code   RO         7333    .text               mf_p.l(dfixul.o)
    0x080089b8   0x080089b8   0x00000028   Code   RO         7335    .text               mf_p.l(cdrcmple.o)
    0x080089e0   0x080089e0   0x00000024   Code   RO         7337    .text               mc_p.l(init.o)
    0x08008a04   0x08008a04   0x00000374   Code   RO         7341    .text               mc_p.l(scanf_fp.o)
    0x08008d78   0x08008d78   0x00000044   Code   RO         7345    .text               mc_p.l(_sgetc.o)
    0x08008dbc   0x08008dbc   0x000000a6   Code   RO         7347    .text               mc_p.l(_strtoul.o)
    0x08008e62   0x08008e62   0x0000001e   Code   RO         7352    .text               mc_p.l(_chval.o)
    0x08008e80   0x08008e80   0x0000001c   Code   RO         7354    .text               mf_p.l(dfltul.o)
    0x08008e9c   0x08008e9c   0x00000056   Code   RO         7364    .text               mc_p.l(__dczerorl2.o)
    0x08008ef2   0x08008ef2   0x00000002   PAD
    0x08008ef4   0x08008ef4   0x000000e4   Code   RO         1967    i.ADCModel          battery_read.o
    0x08008fd8   0x08008fd8   0x00000024   Code   RO         4060    i.ADC_DelayMicroSecond  stm32l0xx_hal_adc.o
    0x08008ffc   0x08008ffc   0x00000064   Code   RO         4062    i.ADC_Enable        stm32l0xx_hal_adc.o
    0x08009060   0x08009060   0x000000dc   Code   RO         1290    i.ATInsPro          at.o
    0x0800913c   0x0800913c   0x000002d4   Code   RO         2006    i.BSP_sensor_Init   common.o
    0x08009410   0x08009410   0x00000028   Code   RO         2271    i.CalendarDiv60     time_server.o
    0x08009438   0x08009438   0x00000010   Code   RO          645    i.DMA1_Channel2_3_IRQHandler  stm32l0xx_it.o
    0x08009448   0x08009448   0x0000002c   Code   RO         5553    i.DMA_SetConfig     stm32l0xx_hal_dma.o
    0x08009474   0x08009474   0x00000118   Code   RO         2447    i.DS18B20_GetTemp_SkipRom  ds18b20.o
    0x0800958c   0x0800958c   0x00000044   Code   RO         2448    i.DS18B20_Init      ds18b20.o
    0x080095d0   0x080095d0   0x00000074   Code   RO         2449    i.DS18B20_IoDeInit  ds18b20.o
    0x08009644   0x08009644   0x00000098   Code   RO         2450    i.DS18B20_Mode_IPU  ds18b20.o
    0x080096dc   0x080096dc   0x00000070   Code   RO         2451    i.DS18B20_Mode_Out_PP  ds18b20.o
    0x0800974c   0x0800974c   0x00000108   Code   RO         2452    i.DS18B20_Presence  ds18b20.o
    0x08009854   0x08009854   0x00000098   Code   RO         2454    i.DS18B20_ReadBit   ds18b20.o
    0x080098ec   0x080098ec   0x00000020   Code   RO         2455    i.DS18B20_ReadByte  ds18b20.o
    0x0800990c   0x0800990c   0x00000074   Code   RO         2456    i.DS18B20_Rst       ds18b20.o
    0x08009980   0x08009980   0x00000018   Code   RO         2457    i.DS18B20_SkipRom   ds18b20.o
    0x08009998   0x08009998   0x00000134   Code   RO         2459    i.DS18B20_WriteByte  ds18b20.o
    0x08009acc   0x08009acc   0x00000016   Code   RO         2460    i.DS18B20_delay     ds18b20.o
    0x08009ae2   0x08009ae2   0x00000002   PAD
    0x08009ae4   0x08009ae4   0x00000010   Code   RO         2007    i.DatalogClear      common.o
    0x08009af4   0x08009af4   0x0000005c   Code   RO         2008    i.DatalogPrint      common.o
    0x08009b50   0x08009b50   0x0000000a   Code   RO          646    i.EXTI0_1_IRQHandler  stm32l0xx_it.o
    0x08009b5a   0x08009b5a   0x00000020   Code   RO          647    i.EXTI4_15_IRQHandler  stm32l0xx_it.o
    0x08009b7a   0x08009b7a   0x00000002   PAD
    0x08009b7c   0x08009b7c   0x000000fc   Code   RO         2009    i.EX_GPIO_Init      common.o
    0x08009c78   0x08009c78   0x000000b4   Code   RO         2010    i.EX_GPIO_Init_pa0  common.o
    0x08009d2c   0x08009d2c   0x000000b8   Code   RO         2011    i.EX_GPIO_Init_pa4  common.o
    0x08009de4   0x08009de4   0x0000001c   Code   RO         2012    i.Entersleep_Write  common.o
    0x08009e00   0x08009e00   0x00000002   Code   RO           12    i.Error_Handler     main.o
    0x08009e02   0x08009e02   0x00000002   PAD
    0x08009e04   0x08009e04   0x0000002c   Code   RO         5383    i.FLASH_PageErase   stm32l0xx_hal_flash_ex.o
    0x08009e30   0x08009e30   0x00000090   Code   RO         5288    i.FLASH_SetErrorCode  stm32l0xx_hal_flash.o
    0x08009ec0   0x08009ec0   0x00000070   Code   RO         5289    i.FLASH_WaitForLastOperation  stm32l0xx_hal_flash.o
    0x08009f30   0x08009f30   0x00000058   Code   RO         2209    i.FLASH_erase       flash_eraseprogram.o
    0x08009f88   0x08009f88   0x00000074   Code   RO         2210    i.FLASH_program     flash_eraseprogram.o
    0x08009ffc   0x08009ffc   0x00000010   Code   RO         2211    i.FLASH_read        flash_eraseprogram.o
    0x0800a00c   0x0800a00c   0x0000000c   Code   RO           13    i.GNSSTimerEvent    main.o
    0x0800a018   0x0800a018   0x00000030   Code   RO           14    i.GNSS_Start        main.o
    0x0800a048   0x0800a048   0x00000044   Code   RO           15    i.GNSS_tdc_TimerEvent  main.o
    0x0800a08c   0x0800a08c   0x00000038   Code   RO           16    i.GPIO_BLE_STATUS_Ioinit  main.o
    0x0800a0c4   0x0800a0c4   0x0000003c   Code   RO         2612    i.GPIO_ULT_INPUT_DeInit  ultrasound.o
    0x0800a100   0x0800a100   0x0000003c   Code   RO         2613    i.GPIO_ULT_INPUT_Init  ultrasound.o
    0x0800a13c   0x0800a13c   0x0000003c   Code   RO         2614    i.GPIO_ULT_OUTPUT_DeInit  ultrasound.o
    0x0800a178   0x0800a178   0x00000040   Code   RO         2615    i.GPIO_ULT_OUTPUT_Init  ultrasound.o
    0x0800a1b8   0x0800a1b8   0x00000068   Code   RO         2272    i.GetTick           time_server.o
    0x0800a220   0x0800a220   0x00000018   Code   RO         2273    i.GetTime           time_server.o
    0x0800a238   0x0800a238   0x00000010   Code   RO         2547    i.Get_Maopi         weight.o
    0x0800a248   0x0800a248   0x00000048   Code   RO         2548    i.Get_Weight        weight.o
    0x0800a290   0x0800a290   0x000000aa   Code   RO         4239    i.HAL_ADCEx_Calibration_Start  stm32l0xx_hal_adc_ex.o
    0x0800a33a   0x0800a33a   0x00000002   PAD
    0x0800a33c   0x0800a33c   0x00000094   Code   RO         4064    i.HAL_ADC_ConfigChannel  stm32l0xx_hal_adc.o
    0x0800a3d0   0x0800a3d0   0x00000006   Code   RO         4071    i.HAL_ADC_GetValue  stm32l0xx_hal_adc.o
    0x0800a3d6   0x0800a3d6   0x00000002   PAD
    0x0800a3d8   0x0800a3d8   0x000001c8   Code   RO         4073    i.HAL_ADC_Init      stm32l0xx_hal_adc.o
    0x0800a5a0   0x0800a5a0   0x0000001c   Code   RO          441    i.HAL_ADC_MspInit   adc.o
    0x0800a5bc   0x0800a5bc   0x000000c0   Code   RO         4077    i.HAL_ADC_PollForConversion  stm32l0xx_hal_adc.o
    0x0800a67c   0x0800a67c   0x0000005c   Code   RO         4079    i.HAL_ADC_Start     stm32l0xx_hal_adc.o
    0x0800a6d8   0x0800a6d8   0x00000044   Code   RO         5554    i.HAL_DMA_Abort     stm32l0xx_hal_dma.o
    0x0800a71c   0x0800a71c   0x0000004c   Code   RO         5555    i.HAL_DMA_Abort_IT  stm32l0xx_hal_dma.o
    0x0800a768   0x0800a768   0x000000a8   Code   RO         5559    i.HAL_DMA_IRQHandler  stm32l0xx_hal_dma.o
    0x0800a810   0x0800a810   0x00000090   Code   RO         5560    i.HAL_DMA_Init      stm32l0xx_hal_dma.o
    0x0800a8a0   0x0800a8a0   0x00000068   Code   RO         5564    i.HAL_DMA_Start_IT  stm32l0xx_hal_dma.o
    0x0800a908   0x0800a908   0x00000024   Code   RO         4302    i.HAL_Delay         stm32l0xx_hal.o
    0x0800a92c   0x0800a92c   0x00000028   Code   RO         5388    i.HAL_FLASHEx_DATAEEPROM_Erase  stm32l0xx_hal_flash_ex.o
    0x0800a954   0x0800a954   0x00000014   Code   RO         5389    i.HAL_FLASHEx_DATAEEPROM_Lock  stm32l0xx_hal_flash_ex.o
    0x0800a968   0x0800a968   0x00000054   Code   RO         5390    i.HAL_FLASHEx_DATAEEPROM_Program  stm32l0xx_hal_flash_ex.o
    0x0800a9bc   0x0800a9bc   0x00000034   Code   RO         5391    i.HAL_FLASHEx_DATAEEPROM_Unlock  stm32l0xx_hal_flash_ex.o
    0x0800a9f0   0x0800a9f0   0x00000078   Code   RO         5392    i.HAL_FLASHEx_Erase  stm32l0xx_hal_flash_ex.o
    0x0800aa68   0x0800aa68   0x0000000c   Code   RO         5291    i.HAL_FLASH_GetError  stm32l0xx_hal_flash.o
    0x0800aa74   0x0800aa74   0x0000001c   Code   RO         5293    i.HAL_FLASH_Lock    stm32l0xx_hal_flash.o
    0x0800aa90   0x0800aa90   0x0000003c   Code   RO         5298    i.HAL_FLASH_Program  stm32l0xx_hal_flash.o
    0x0800aacc   0x0800aacc   0x0000005c   Code   RO         5300    i.HAL_FLASH_Unlock  stm32l0xx_hal_flash.o
    0x0800ab28   0x0800ab28   0x000001c8   Code   RO           17    i.HAL_GPIO_EXTI_Callback  main.o
    0x0800acf0   0x0800acf0   0x00000018   Code   RO         5493    i.HAL_GPIO_EXTI_IRQHandler  stm32l0xx_hal_gpio.o
    0x0800ad08   0x0800ad08   0x00000184   Code   RO         5494    i.HAL_GPIO_Init     stm32l0xx_hal_gpio.o
    0x0800ae8c   0x0800ae8c   0x0000000a   Code   RO         5496    i.HAL_GPIO_ReadPin  stm32l0xx_hal_gpio.o
    0x0800ae96   0x0800ae96   0x00000008   Code   RO         5497    i.HAL_GPIO_TogglePin  stm32l0xx_hal_gpio.o
    0x0800ae9e   0x0800ae9e   0x0000000c   Code   RO         5498    i.HAL_GPIO_WritePin  stm32l0xx_hal_gpio.o
    0x0800aeaa   0x0800aeaa   0x00000002   PAD
    0x0800aeac   0x0800aeac   0x0000000c   Code   RO         4306    i.HAL_GetTick       stm32l0xx_hal.o
    0x0800aeb8   0x0800aeb8   0x0000004a   Code   RO         4957    i.HAL_I2CEx_ConfigAnalogFilter  stm32l0xx_hal_i2c_ex.o
    0x0800af02   0x0800af02   0x00000048   Code   RO         4958    i.HAL_I2CEx_ConfigDigitalFilter  stm32l0xx_hal_i2c_ex.o
    0x0800af4a   0x0800af4a   0x00000002   PAD
    0x0800af4c   0x0800af4c   0x000000b4   Code   RO         4510    i.HAL_I2C_Init      stm32l0xx_hal_i2c.o
    0x0800b000   0x0800b000   0x00000110   Code   RO         4516    i.HAL_I2C_Master_Receive  stm32l0xx_hal_i2c.o
    0x0800b110   0x0800b110   0x00000110   Code   RO         4523    i.HAL_I2C_Master_Transmit  stm32l0xx_hal_i2c.o
    0x0800b220   0x0800b220   0x00000154   Code   RO         4528    i.HAL_I2C_Mem_Read  stm32l0xx_hal_i2c.o
    0x0800b374   0x0800b374   0x0000014c   Code   RO         4531    i.HAL_I2C_Mem_Write  stm32l0xx_hal_i2c.o
    0x0800b4c0   0x0800b4c0   0x00000002   Code   RO         4534    i.HAL_I2C_MspDeInit  stm32l0xx_hal_i2c.o
    0x0800b4c2   0x0800b4c2   0x00000002   PAD
    0x0800b4c4   0x0800b4c4   0x0000005c   Code   RO          498    i.HAL_I2C_MspInit   i2c.o
    0x0800b520   0x0800b520   0x00000064   Code   RO         5996    i.HAL_IWDG_Init     stm32l0xx_hal_iwdg.o
    0x0800b584   0x0800b584   0x00000010   Code   RO         5997    i.HAL_IWDG_Refresh  stm32l0xx_hal_iwdg.o
    0x0800b594   0x0800b594   0x00000010   Code   RO         4312    i.HAL_IncTick       stm32l0xx_hal.o
    0x0800b5a4   0x0800b5a4   0x00000028   Code   RO         4313    i.HAL_Init          stm32l0xx_hal.o
    0x0800b5cc   0x0800b5cc   0x00000044   Code   RO         4314    i.HAL_InitTick      stm32l0xx_hal.o
    0x0800b610   0x0800b610   0x00000018   Code   RO          735    i.HAL_MspInit       stm32l0xx_hal_msp.o
    0x0800b628   0x0800b628   0x00000018   Code   RO         5821    i.HAL_NVIC_EnableIRQ  stm32l0xx_hal_cortex.o
    0x0800b640   0x0800b640   0x00000008   Code   RO         5825    i.HAL_NVIC_SetPriority  stm32l0xx_hal_cortex.o
    0x0800b648   0x0800b648   0x00000010   Code   RO         5763    i.HAL_PWREx_EnableFastWakeUp  stm32l0xx_hal_pwr_ex.o
    0x0800b658   0x0800b658   0x00000010   Code   RO         5765    i.HAL_PWREx_EnableUltraLowPower  stm32l0xx_hal_pwr_ex.o
    0x0800b668   0x0800b668   0x00000010   Code   RO         5651    i.HAL_PWR_EnableBkUpAccess  stm32l0xx_hal_pwr.o
    0x0800b678   0x0800b678   0x00000064   Code   RO         5658    i.HAL_PWR_EnterSTOPMode  stm32l0xx_hal_pwr.o
    0x0800b6dc   0x0800b6dc   0x0000018c   Code   RO         5117    i.HAL_RCCEx_PeriphCLKConfig  stm32l0xx_hal_rcc_ex.o
    0x0800b868   0x0800b868   0x0000019c   Code   RO         5008    i.HAL_RCC_ClockConfig  stm32l0xx_hal_rcc.o
    0x0800ba04   0x0800ba04   0x00000020   Code   RO         5014    i.HAL_RCC_GetPCLK1Freq  stm32l0xx_hal_rcc.o
    0x0800ba24   0x0800ba24   0x00000020   Code   RO         5015    i.HAL_RCC_GetPCLK2Freq  stm32l0xx_hal_rcc.o
    0x0800ba44   0x0800ba44   0x00000078   Code   RO         5016    i.HAL_RCC_GetSysClockFreq  stm32l0xx_hal_rcc.o
    0x0800babc   0x0800babc   0x0000049e   Code   RO         5019    i.HAL_RCC_OscConfig  stm32l0xx_hal_rcc.o
    0x0800bf5a   0x0800bf5a   0x00000002   PAD
    0x0800bf5c   0x0800bf5c   0x00000114   Code   RO           18    i.HAL_RTCEx_AlarmBEventCallback  main.o
    0x0800c070   0x0800c070   0x0000000c   Code   RO         6624    i.HAL_RTCEx_BKUPRead  stm32l0xx_hal_rtc_ex.o
    0x0800c07c   0x0800c07c   0x0000000c   Code   RO         6625    i.HAL_RTCEx_BKUPWrite  stm32l0xx_hal_rtc_ex.o
    0x0800c088   0x0800c088   0x0000003c   Code   RO         6632    i.HAL_RTCEx_EnableBypassShadow  stm32l0xx_hal_rtc_ex.o
    0x0800c0c4   0x0800c0c4   0x00000008   Code   RO           19    i.HAL_RTC_AlarmAEventCallback  main.o
    0x0800c0cc   0x0800c0cc   0x00000060   Code   RO         6491    i.HAL_RTC_AlarmIRQHandler  stm32l0xx_hal_rtc.o
    0x0800c12c   0x0800c12c   0x000000b8   Code   RO         6493    i.HAL_RTC_DeactivateAlarm  stm32l0xx_hal_rtc.o
    0x0800c1e4   0x0800c1e4   0x00000044   Code   RO         6495    i.HAL_RTC_GetDate   stm32l0xx_hal_rtc.o
    0x0800c228   0x0800c228   0x0000005c   Code   RO         6497    i.HAL_RTC_GetTime   stm32l0xx_hal_rtc.o
    0x0800c284   0x0800c284   0x000000bc   Code   RO         6498    i.HAL_RTC_Init      stm32l0xx_hal_rtc.o
    0x0800c340   0x0800c340   0x0000005c   Code   RO          737    i.HAL_RTC_MspInit   stm32l0xx_hal_msp.o
    0x0800c39c   0x0800c39c   0x00000190   Code   RO         6503    i.HAL_RTC_SetAlarm_IT  stm32l0xx_hal_rtc.o
    0x0800c52c   0x0800c52c   0x000000c4   Code   RO         6504    i.HAL_RTC_SetDate   stm32l0xx_hal_rtc.o
    0x0800c5f0   0x0800c5f0   0x000000e8   Code   RO         6505    i.HAL_RTC_SetTime   stm32l0xx_hal_rtc.o
    0x0800c6d8   0x0800c6d8   0x00000034   Code   RO         6506    i.HAL_RTC_WaitForSynchro  stm32l0xx_hal_rtc.o
    0x0800c70c   0x0800c70c   0x00000010   Code   RO         4317    i.HAL_ResumeTick    stm32l0xx_hal.o
    0x0800c71c   0x0800c71c   0x00000030   Code   RO         5829    i.HAL_SYSTICK_Config  stm32l0xx_hal_cortex.o
    0x0800c74c   0x0800c74c   0x00000010   Code   RO         4323    i.HAL_SuspendTick   stm32l0xx_hal.o
    0x0800c75c   0x0800c75c   0x00000022   Code   RO         6415    i.HAL_UARTEx_EnableStopMode  stm32l0xx_hal_uart_ex.o
    0x0800c77e   0x0800c77e   0x00000002   Code   RO         6031    i.HAL_UARTEx_RxEventCallback  stm32l0xx_hal_uart.o
    0x0800c780   0x0800c780   0x00000098   Code   RO         6419    i.HAL_UARTEx_StopModeWakeUpSourceConfig  stm32l0xx_hal_uart_ex.o
    0x0800c818   0x0800c818   0x00000002   Code   RO         6420    i.HAL_UARTEx_WakeupCallback  stm32l0xx_hal_uart_ex.o
    0x0800c81a   0x0800c81a   0x00000002   Code   RO           20    i.HAL_UART_ErrorCallback  main.o
    0x0800c81c   0x0800c81c   0x00000220   Code   RO         6050    i.HAL_UART_IRQHandler  stm32l0xx_hal_uart.o
    0x0800ca3c   0x0800ca3c   0x0000006a   Code   RO         6051    i.HAL_UART_Init     stm32l0xx_hal_uart.o
    0x0800caa6   0x0800caa6   0x00000002   PAD
    0x0800caa8   0x0800caa8   0x00000130   Code   RO          557    i.HAL_UART_MspInit  usart.o
    0x0800cbd8   0x0800cbd8   0x00000060   Code   RO         6056    i.HAL_UART_Receive_IT  stm32l0xx_hal_uart.o
    0x0800cc38   0x0800cc38   0x000000a8   Code   RO           21    i.HAL_UART_RxCpltCallback  main.o
    0x0800cce0   0x0800cce0   0x000000d2   Code   RO         6060    i.HAL_UART_Transmit  stm32l0xx_hal_uart.o
    0x0800cdb2   0x0800cdb2   0x00000002   PAD
    0x0800cdb4   0x0800cdb4   0x000000b0   Code   RO         6061    i.HAL_UART_Transmit_DMA  stm32l0xx_hal_uart.o
    0x0800ce64   0x0800ce64   0x00000002   Code   RO         6063    i.HAL_UART_TxCpltCallback  stm32l0xx_hal_uart.o
    0x0800ce66   0x0800ce66   0x00000002   Code   RO         6064    i.HAL_UART_TxHalfCpltCallback  stm32l0xx_hal_uart.o
    0x0800ce68   0x0800ce68   0x00000084   Code   RO         1968    i.HW_AdcReadChannel  battery_read.o
    0x0800ceec   0x0800ceec   0x00000054   Code   RO         2549    i.HW_GPIO_Init      weight.o
    0x0800cf40   0x0800cf40   0x00000070   Code   RO           22    i.HW_GetUniqueId    main.o
    0x0800cfb0   0x0800cfb0   0x00000020   Code   RO          843    i.HW_RTC_BKUPRead   hw_rtc.o
    0x0800cfd0   0x0800cfd0   0x00000020   Code   RO          844    i.HW_RTC_BKUPWrite  hw_rtc.o
    0x0800cff0   0x0800cff0   0x00000024   Code   RO          846    i.HW_RTC_GetCalendarTime  hw_rtc.o
    0x0800d014   0x0800d014   0x000000ac   Code   RO          847    i.HW_RTC_GetCalendarValue  hw_rtc.o
    0x0800d0c0   0x0800d0c0   0x00000004   Code   RO          848    i.HW_RTC_GetMinimumTimeout  hw_rtc.o
    0x0800d0c4   0x0800d0c4   0x0000000c   Code   RO          849    i.HW_RTC_GetTimerContext  hw_rtc.o
    0x0800d0d0   0x0800d0d0   0x0000001c   Code   RO          850    i.HW_RTC_GetTimerElapsedTime  hw_rtc.o
    0x0800d0ec   0x0800d0ec   0x00000010   Code   RO          851    i.HW_RTC_GetTimerValue  hw_rtc.o
    0x0800d0fc   0x0800d0fc   0x0000002c   Code   RO          852    i.HW_RTC_Init       hw_rtc.o
    0x0800d128   0x0800d128   0x0000003c   Code   RO          853    i.HW_RTC_IrqHandler  hw_rtc.o
    0x0800d164   0x0800d164   0x0000003c   Code   RO          854    i.HW_RTC_SetAlarm   hw_rtc.o
    0x0800d1a0   0x0800d1a0   0x000000bc   Code   RO          855    i.HW_RTC_SetConfig  hw_rtc.o
    0x0800d25c   0x0800d25c   0x00000018   Code   RO          856    i.HW_RTC_SetTimerContext  hw_rtc.o
    0x0800d274   0x0800d274   0x00000118   Code   RO          857    i.HW_RTC_StartWakeUpAlarm  hw_rtc.o
    0x0800d38c   0x0800d38c   0x00000020   Code   RO          858    i.HW_RTC_StopAlarm  hw_rtc.o
    0x0800d3ac   0x0800d3ac   0x00000010   Code   RO          859    i.HW_RTC_Tick2ms    hw_rtc.o
    0x0800d3bc   0x0800d3bc   0x00000010   Code   RO          861    i.HW_RTC_ms2Tick    hw_rtc.o
    0x0800d3cc   0x0800d3cc   0x00000084   Code   RO         2550    i.HX711_Read        weight.o
    0x0800d450   0x0800d450   0x00000002   Code   RO          648    i.HardFault_Handler  stm32l0xx_it.o
    0x0800d452   0x0800d452   0x00000022   Code   RO         4557    i.I2C_Flush_TXDR    stm32l0xx_hal_i2c.o
    0x0800d474   0x0800d474   0x00000070   Code   RO         4565    i.I2C_IsAcknowledgeFailed  stm32l0xx_hal_i2c.o
    0x0800d4e4   0x0800d4e4   0x00000060   Code   RO         4568    i.I2C_RequestMemoryRead  stm32l0xx_hal_i2c.o
    0x0800d544   0x0800d544   0x00000060   Code   RO         4569    i.I2C_RequestMemoryWrite  stm32l0xx_hal_i2c.o
    0x0800d5a4   0x0800d5a4   0x00000028   Code   RO         4572    i.I2C_TransferConfig  stm32l0xx_hal_i2c.o
    0x0800d5cc   0x0800d5cc   0x0000004e   Code   RO         4574    i.I2C_WaitOnFlagUntilTimeout  stm32l0xx_hal_i2c.o
    0x0800d61a   0x0800d61a   0x00000002   PAD
    0x0800d61c   0x0800d61c   0x00000080   Code   RO         4575    i.I2C_WaitOnRXNEFlagUntilTimeout  stm32l0xx_hal_i2c.o
    0x0800d69c   0x0800d69c   0x0000004c   Code   RO         4576    i.I2C_WaitOnSTOPFlagUntilTimeout  stm32l0xx_hal_i2c.o
    0x0800d6e8   0x0800d6e8   0x00000050   Code   RO         4577    i.I2C_WaitOnTXISFlagUntilTimeout  stm32l0xx_hal_i2c.o
    0x0800d738   0x0800d738   0x00000010   Code   RO         2245    i.LPM_DisableStopMode  lowpower.o
    0x0800d748   0x0800d748   0x00000048   Code   RO         2246    i.LPM_EnterStopMode  lowpower.o
    0x0800d790   0x0800d790   0x00000028   Code   RO         1171    i.LPM_GetMode       low_power_manager.o
    0x0800d7b8   0x0800d7b8   0x00000028   Code   RO         1173    i.LPM_SetStopMode   low_power_manager.o
    0x0800d7e0   0x0800d7e0   0x00000138   Code   RO         2779    i.LidarLite         lidar.o
    0x0800d918   0x0800d918   0x00000028   Code   RO           23    i.LoraStartCheckBLE  main.o
    0x0800d940   0x0800d940   0x00000074   Code   RO          442    i.MX_ADC_Init       adc.o
    0x0800d9b4   0x0800d9b4   0x00000028   Code   RO          478    i.MX_DMA_Init       dma.o
    0x0800d9dc   0x0800d9dc   0x0000016c   Code   RO          417    i.MX_GPIO_Init      gpio.o
    0x0800db48   0x0800db48   0x00000058   Code   RO          499    i.MX_I2C1_Init      i2c.o
    0x0800dba0   0x0800dba0   0x0000002c   Code   RO          530    i.MX_IWDG_Init      iwdg.o
    0x0800dbcc   0x0800dbcc   0x00000044   Code   RO          558    i.MX_LPUART1_UART_Init  usart.o
    0x0800dc10   0x0800dc10   0x00000038   Code   RO          559    i.MX_USART1_UART_Init  usart.o
    0x0800dc48   0x0800dc48   0x00000038   Code   RO          560    i.MX_USART2_UART_Init  usart.o
    0x0800dc80   0x0800dc80   0x000000f8   Code   RO         2274    i.My_AlarmInit      time_server.o
    0x0800dd78   0x0800dd78   0x00000014   Code   RO          561    i.My_UARTEx_StopModeWakeUp  usart.o
    0x0800dd8c   0x0800dd8c   0x000029e0   Code   RO         3001    i.NBTASK            nbinit.o
    0x0801076c   0x0801076c   0x00000002   Code   RO          649    i.NMI_Handler       stm32l0xx_it.o
    0x0801076e   0x0801076e   0x00000002   PAD
    0x08010770   0x08010770   0x0000003c   Code   RO           24    i.OnCheckBLETimesEvent  main.o
    0x080107ac   0x080107ac   0x0000001c   Code   RO           25    i.OnPressButtonTimeoutEvent  main.o
    0x080107c8   0x080107c8   0x00000038   Code   RO           26    i.OnPressButtonTimesLedEvent  main.o
    0x08010800   0x08010800   0x0000002c   Code   RO           27    i.OnTxTimerEvent    main.o
    0x0801082c   0x0801082c   0x000000dc   Code   RO           28    i.OntimesampleEvent  main.o
    0x08010908   0x08010908   0x00000002   Code   RO          650    i.PendSV_Handler    stm32l0xx_it.o
    0x0801090a   0x0801090a   0x00000002   PAD
    0x0801090c   0x0801090c   0x00000010   Code   RO          651    i.RNG_LPUART1_IRQHandler  stm32l0xx_it.o
    0x0801091c   0x0801091c   0x00000010   Code   RO         6507    i.RTC_Bcd2ToByte    stm32l0xx_hal_rtc.o
    0x0801092c   0x0801092c   0x00000018   Code   RO         6508    i.RTC_ByteToBcd2    stm32l0xx_hal_rtc.o
    0x08010944   0x08010944   0x00000038   Code   RO         6509    i.RTC_EnterInitMode  stm32l0xx_hal_rtc.o
    0x0801097c   0x0801097c   0x00000014   Code   RO          652    i.RTC_IRQHandler    stm32l0xx_it.o
    0x08010990   0x08010990   0x00000002   Code   RO          653    i.SVC_Handler       stm32l0xx_it.o
    0x08010992   0x08010992   0x0000004a   Code   RO         2014    i.StrToHex          common.o
    0x080109dc   0x080109dc   0x00000008   Code   RO          654    i.SysTick_Handler   stm32l0xx_it.o
    0x080109e4   0x080109e4   0x00000040   Code   RO          863    i.SysTimeAdd        hw_rtc.o
    0x08010a24   0x08010a24   0x00000036   Code   RO          864    i.SysTimeGet        hw_rtc.o
    0x08010a5a   0x08010a5a   0x00000002   PAD
    0x08010a5c   0x08010a5c   0x000000c0   Code   RO         2275    i.SysTimeLocalTime  time_server.o
    0x08010b1c   0x08010b1c   0x0000003c   Code   RO          865    i.SysTimeSet        hw_rtc.o
    0x08010b58   0x08010b58   0x00000040   Code   RO          866    i.SysTimeSub        hw_rtc.o
    0x08010b98   0x08010b98   0x0000009c   Code   RO           29    i.SystemClock_Config  main.o
    0x08010c34   0x08010c34   0x00000058   Code   RO         6876    i.SystemInit        system_stm32l0xx.o
    0x08010c8c   0x08010c8c   0x00000040   Code   RO         2872    i.TMP117_I2C_Ack    ne117.o
    0x08010ccc   0x08010ccc   0x0000000e   Code   RO         2873    i.TMP117_I2C_Delay  ne117.o
    0x08010cda   0x08010cda   0x00000002   PAD
    0x08010cdc   0x08010cdc   0x00000040   Code   RO         2874    i.TMP117_I2C_GPIO_MODE_Config  ne117.o
    0x08010d1c   0x08010d1c   0x00000040   Code   RO         2875    i.TMP117_I2C_NAck   ne117.o
    0x08010d5c   0x08010d5c   0x00000060   Code   RO         2876    i.TMP117_I2C_ReadByte  ne117.o
    0x08010dbc   0x08010dbc   0x00000064   Code   RO         2878    i.TMP117_I2C_Read_Len  ne117.o
    0x08010e20   0x08010e20   0x00000038   Code   RO         2879    i.TMP117_I2C_SDA_IN  ne117.o
    0x08010e58   0x08010e58   0x0000003c   Code   RO         2880    i.TMP117_I2C_SDA_OUT  ne117.o
    0x08010e94   0x08010e94   0x00000060   Code   RO         2881    i.TMP117_I2C_SendByte  ne117.o
    0x08010ef4   0x08010ef4   0x00000044   Code   RO         2882    i.TMP117_I2C_Start  ne117.o
    0x08010f38   0x08010f38   0x00000040   Code   RO         2883    i.TMP117_I2C_Stop   ne117.o
    0x08010f78   0x08010f78   0x0000005c   Code   RO         2884    i.TMP117_I2C_WaitAck  ne117.o
    0x08010fd4   0x08010fd4   0x00000052   Code   RO         2886    i.TMP117_I2C_Write_Len  ne117.o
    0x08011026   0x08011026   0x0000000c   Code   RO         2276    i.TimerGetCurrentTime  time_server.o
    0x08011032   0x08011032   0x00000018   Code   RO         2277    i.TimerGetElapsedTime  time_server.o
    0x0801104a   0x0801104a   0x0000000e   Code   RO         2278    i.TimerInit         time_server.o
    0x08011058   0x08011058   0x0000001c   Code   RO         2279    i.TimerInsertNewHeadTimer  time_server.o
    0x08011074   0x08011074   0x00000078   Code   RO         2280    i.TimerIrqHandler   time_server.o
    0x080110ec   0x080110ec   0x0000002c   Code   RO         2282    i.TimerSetTimeout   time_server.o
    0x08011118   0x08011118   0x00000022   Code   RO         2283    i.TimerSetValue     time_server.o
    0x0801113a   0x0801113a   0x00000002   PAD
    0x0801113c   0x0801113c   0x00000070   Code   RO         2284    i.TimerStart        time_server.o
    0x080111ac   0x080111ac   0x00000060   Code   RO         2285    i.TimerStop         time_server.o
    0x0801120c   0x0801120c   0x000000ca   Code   RO         6065    i.UART_AdvFeatureConfig  stm32l0xx_hal_uart.o
    0x080112d6   0x080112d6   0x00000002   PAD
    0x080112d8   0x080112d8   0x00000064   Code   RO         6066    i.UART_CheckIdleState  stm32l0xx_hal_uart.o
    0x0801133c   0x0801133c   0x00000014   Code   RO         6067    i.UART_DMAAbortOnError  stm32l0xx_hal_uart.o
    0x08011350   0x08011350   0x0000004c   Code   RO         6068    i.UART_DMAError     stm32l0xx_hal_uart.o
    0x0801139c   0x0801139c   0x00000030   Code   RO         6073    i.UART_DMATransmitCplt  stm32l0xx_hal_uart.o
    0x080113cc   0x080113cc   0x0000000a   Code   RO         6075    i.UART_DMATxHalfCplt  stm32l0xx_hal_uart.o
    0x080113d6   0x080113d6   0x00000032   Code   RO         6077    i.UART_EndRxTransfer  stm32l0xx_hal_uart.o
    0x08011408   0x08011408   0x00000010   Code   RO         6078    i.UART_EndTxTransfer  stm32l0xx_hal_uart.o
    0x08011418   0x08011418   0x00000076   Code   RO         6079    i.UART_RxISR_16BIT  stm32l0xx_hal_uart.o
    0x0801148e   0x0801148e   0x00000076   Code   RO         6080    i.UART_RxISR_8BIT   stm32l0xx_hal_uart.o
    0x08011504   0x08011504   0x00000214   Code   RO         6081    i.UART_SetConfig    stm32l0xx_hal_uart.o
    0x08011718   0x08011718   0x00000098   Code   RO         6083    i.UART_Start_Receive_IT  stm32l0xx_hal_uart.o
    0x080117b0   0x080117b0   0x0000009e   Code   RO         6086    i.UART_WaitOnFlagUntilTimeout  stm32l0xx_hal_uart.o
    0x0801184e   0x0801184e   0x00000002   PAD
    0x08011850   0x08011850   0x00000058   Code   RO         2657    i.ULT_Check_Sum     ult.o
    0x080118a8   0x080118a8   0x0000004c   Code   RO         2658    i.ULT_Connection_Test  ult.o
    0x080118f4   0x080118f4   0x00000048   Code   RO         2660    i.ULT_Data_processing  ult.o
    0x0801193c   0x0801193c   0x0000001c   Code   RO         2663    i.ULT_Rest          ult.o
    0x08011958   0x08011958   0x0000012c   Code   RO         2616    i.ULT_distance      ultrasound.o
    0x08011a84   0x08011a84   0x0000000c   Code   RO         2664    i.ULT_getData       ult.o
    0x08011a90   0x08011a90   0x00000010   Code   RO          655    i.USART1_IRQHandler  stm32l0xx_it.o
    0x08011aa0   0x08011aa0   0x00000010   Code   RO          656    i.USART2_IRQHandler  stm32l0xx_it.o
    0x08011ab0   0x08011ab0   0x0000034c   Code   RO           30    i.USERTASK          main.o
    0x08011dfc   0x08011dfc   0x00000020   Code   RO         2551    i.WEIGHT_DOUT_DeInit  weight.o
    0x08011e1c   0x08011e1c   0x0000003c   Code   RO         2552    i.WEIGHT_DOUT_Init  weight.o
    0x08011e58   0x08011e58   0x00000020   Code   RO         2553    i.WEIGHT_SCK_DeInit  weight.o
    0x08011e78   0x08011e78   0x00000050   Code   RO         2554    i.WEIGHT_SCK_Init   weight.o
    0x08011ec8   0x08011ec8   0x00000020   Code   RO         7222    i.__0printf         mc_p.l(printfa.o)
    0x08011ee8   0x08011ee8   0x00000028   Code   RO         7224    i.__0sprintf        mc_p.l(printfa.o)
    0x08011f10   0x08011f10   0x0000002e   Code   RO         7331    i.__ARM_clz         mf_p.l(depilogue.o)
    0x08011f3e   0x08011f3e   0x00000030   Code   RO          989    i.__ARM_common_ll_muluu  hw_rtc.o
    0x08011f6e   0x08011f6e   0x0000001a   Code   RO         2855    i.__ARM_common_switch8  tiny_sscanf.o
    0x08011f88   0x08011f88   0x00000044   Code   RO         5831    i.__NVIC_SetPriority  stm32l0xx_hal_cortex.o
    0x08011fcc   0x08011fcc   0x0000001c   Code   RO           31    i.__NVIC_SystemReset  main.o
    0x08011fe8   0x08011fe8   0x0000001c   Code   RO         1291    i.__NVIC_SystemReset  at.o
    0x08012004   0x08012004   0x0000001c   Code   RO         2015    i.__NVIC_SystemReset  common.o
    0x08012020   0x08012020   0x00000008   Code   RO         7315    i.__aeabi_errno_addr  mc_p.l(errno.o)
    0x08012028   0x08012028   0x0000000c   Code   RO         7316    i.__read_errno      mc_p.l(errno.o)
    0x08012034   0x08012034   0x0000000e   Code   RO         7358    i.__scatterload_copy  mc_p.l(handlers.o)
    0x08012042   0x08012042   0x00000002   Code   RO         7359    i.__scatterload_null  mc_p.l(handlers.o)
    0x08012044   0x08012044   0x0000000e   Code   RO         7360    i.__scatterload_zeroinit  mc_p.l(handlers.o)
    0x08012052   0x08012052   0x00000002   PAD
    0x08012054   0x08012054   0x0000000c   Code   RO         7317    i.__set_errno       mc_p.l(errno.o)
    0x08012060   0x08012060   0x00000174   Code   RO         7229    i._fp_digits        mc_p.l(printfa.o)
    0x080121d4   0x080121d4   0x0000000e   Code   RO         7343    i._is_digit         mc_p.l(scanf_fp.o)
    0x080121e2   0x080121e2   0x00000002   PAD
    0x080121e4   0x080121e4   0x000006f0   Code   RO         7230    i._printf_core      mc_p.l(printfa.o)
    0x080128d4   0x080128d4   0x00000020   Code   RO         7231    i._printf_post_padding  mc_p.l(printfa.o)
    0x080128f4   0x080128f4   0x0000002c   Code   RO         7232    i._printf_pre_padding  mc_p.l(printfa.o)
    0x08012920   0x08012920   0x0000000a   Code   RO         7234    i._sputc            mc_p.l(printfa.o)
    0x0801292a   0x0801292a   0x00000002   PAD
    0x0801292c   0x0801292c   0x00000038   Code   RO         1292    i.at_5vt_get        at.o
    0x08012964   0x08012964   0x0000001c   Code   RO         1293    i.at_5vt_set        at.o
    0x08012980   0x08012980   0x00000034   Code   RO         1294    i.at_apn_get        at.o
    0x080129b4   0x080129b4   0x00000048   Code   RO         1295    i.at_apn_set        at.o
    0x080129fc   0x080129fc   0x0000000a   Code   RO         1296    i.at_cdp_run        at.o
    0x08012a06   0x08012a06   0x0000001a   Code   RO         1297    i.at_cdp_set        at.o
    0x08012a20   0x08012a20   0x00000030   Code   RO         1298    i.at_cfg_run        at.o
    0x08012a50   0x08012a50   0x00000038   Code   RO         1299    i.at_client_get     at.o
    0x08012a88   0x08012a88   0x00000048   Code   RO         1300    i.at_client_set     at.o
    0x08012ad0   0x08012ad0   0x00000054   Code   RO         1301    i.at_clocklog_get   at.o
    0x08012b24   0x08012b24   0x000000c0   Code   RO         1302    i.at_clocklog_set   at.o
    0x08012be4   0x08012be4   0x0000003c   Code   RO         1303    i.at_csqtime_get    at.o
    0x08012c20   0x08012c20   0x00000024   Code   RO         1304    i.at_csqtime_set    at.o
    0x08012c44   0x08012c44   0x00000038   Code   RO         1305    i.at_deui_get       at.o
    0x08012c7c   0x08012c7c   0x00000048   Code   RO         1306    i.at_deui_set       at.o
    0x08012cc4   0x08012cc4   0x00000038   Code   RO         1307    i.at_dnscfg_get     at.o
    0x08012cfc   0x08012cfc   0x00000048   Code   RO         1308    i.at_dnscfg_set     at.o
    0x08012d44   0x08012d44   0x00000074   Code   RO         1309    i.at_dnstimer_get   at.o
    0x08012db8   0x08012db8   0x000000f8   Code   RO         1310    i.at_dnstimer_set   at.o
    0x08012eb0   0x08012eb0   0x0000003c   Code   RO         1311    i.at_down1t_get     at.o
    0x08012eec   0x08012eec   0x00000048   Code   RO         1312    i.at_down1t_set     at.o
    0x08012f34   0x08012f34   0x00000048   Code   RO         1313    i.at_ext_get        at.o
    0x08012f7c   0x08012f7c   0x00000078   Code   RO         1314    i.at_ext_set        at.o
    0x08012ff4   0x08012ff4   0x00000144   Code   RO         1315    i.at_fdr1_run       at.o
    0x08013138   0x08013138   0x000000a8   Code   RO         1316    i.at_fdr_run        at.o
    0x080131e0   0x080131e0   0x0000003c   Code   RO         1317    i.at_gdns_get       at.o
    0x0801321c   0x0801321c   0x00000024   Code   RO         1318    i.at_gdns_set       at.o
    0x08013240   0x08013240   0x0000000a   Code   RO         1319    i.at_getlog_run     at.o
    0x0801324a   0x0801324a   0x00000002   PAD
    0x0801324c   0x0801324c   0x00000024   Code   RO         1320    i.at_getlog_set     at.o
    0x08013270   0x08013270   0x00000030   Code   RO         1321    i.at_getsensorvalue_set  at.o
    0x080132a0   0x080132a0   0x00000034   Code   RO         1322    i.at_gnsst_get      at.o
    0x080132d4   0x080132d4   0x00000030   Code   RO         1323    i.at_gnsst_set      at.o
    0x08013304   0x08013304   0x00000030   Code   RO         1324    i.at_gps_get        at.o
    0x08013334   0x08013334   0x00000024   Code   RO         1325    i.at_gps_set        at.o
    0x08013358   0x08013358   0x0000003c   Code   RO         1326    i.at_gtdc_get       at.o
    0x08013394   0x08013394   0x0000002c   Code   RO         1327    i.at_gtdc_set       at.o
    0x080133c0   0x080133c0   0x0000004c   Code   RO         1328    i.at_inmod_get      at.o
    0x0801340c   0x0801340c   0x00000080   Code   RO         1329    i.at_inmod_set      at.o
    0x0801348c   0x0801348c   0x0000003c   Code   RO         1330    i.at_iotmod_get     at.o
    0x080134c8   0x080134c8   0x00000024   Code   RO         1331    i.at_iotmod_set     at.o
    0x080134ec   0x080134ec   0x00000034   Code   RO         1332    i.at_iptype_get     at.o
    0x08013520   0x08013520   0x00000028   Code   RO         1333    i.at_iptype_set     at.o
    0x08013548   0x08013548   0x00000050   Code   RO         1334    i.at_ldata_get      at.o
    0x08013598   0x08013598   0x0000003c   Code   RO         1335    i.at_mod_get        at.o
    0x080135d4   0x080135d4   0x00000188   Code   RO         1336    i.at_mod_set        at.o
    0x0801375c   0x0801375c   0x00000048   Code   RO         1337    i.at_model_get      at.o
    0x080137a4   0x080137a4   0x00000034   Code   RO         1338    i.at_mqos_get       at.o
    0x080137d8   0x080137d8   0x00000028   Code   RO         1339    i.at_mqos_set       at.o
    0x08013800   0x08013800   0x0000003c   Code   RO         1340    i.at_pro_get        at.o
    0x0801383c   0x0801383c   0x00000090   Code   RO         1341    i.at_pro_set        at.o
    0x080138cc   0x080138cc   0x0000003c   Code   RO         1342    i.at_pubtopic_get   at.o
    0x08013908   0x08013908   0x00000048   Code   RO         1343    i.at_pubtopic_set   at.o
    0x08013950   0x08013950   0x00000034   Code   RO         1344    i.at_pwd_get        at.o
    0x08013984   0x08013984   0x00000048   Code   RO         1345    i.at_pwd_set        at.o
    0x080139cc   0x080139cc   0x0000003c   Code   RO         1346    i.at_pword_get      at.o
    0x08013a08   0x08013a08   0x000000b0   Code   RO         1347    i.at_pword_set      at.o
    0x08013ab8   0x08013ab8   0x00000038   Code   RO         1348    i.at_qband_get      at.o
    0x08013af0   0x08013af0   0x00000054   Code   RO         1349    i.at_qband_set      at.o
    0x08013b44   0x08013b44   0x00000084   Code   RO         1350    i.at_qsw_run        at.o
    0x08013bc8   0x08013bc8   0x0000003c   Code   RO         1351    i.at_que            at.o
    0x08013c04   0x08013c04   0x00000010   Code   RO         1352    i.at_reset_run      at.o
    0x08013c14   0x08013c14   0x00000004   Code   RO         1353    i.at_return_error   at.o
    0x08013c18   0x08013c18   0x0000003c   Code   RO         1354    i.at_rxdl_get       at.o
    0x08013c54   0x08013c54   0x0000001c   Code   RO         1355    i.at_rxdl_set       at.o
    0x08013c70   0x08013c70   0x00000078   Code   RO         1356    i.at_servaddr_get   at.o
    0x08013ce8   0x08013ce8   0x000000b0   Code   RO         1357    i.at_servaddr_set   at.o
    0x08013d98   0x08013d98   0x0000003c   Code   RO         1358    i.at_sleep_get      at.o
    0x08013dd4   0x08013dd4   0x00000040   Code   RO         1359    i.at_sleep_set      at.o
    0x08013e14   0x08013e14   0x0000003c   Code   RO         1360    i.at_subtopic_get   at.o
    0x08013e50   0x08013e50   0x00000048   Code   RO         1361    i.at_subtopic_set   at.o
    0x08013e98   0x08013e98   0x00000038   Code   RO         1362    i.at_tdc_get        at.o
    0x08013ed0   0x08013ed0   0x0000002c   Code   RO         1363    i.at_tdc_set        at.o
    0x08013efc   0x08013efc   0x0000003c   Code   RO         1364    i.at_tlsmod_get     at.o
    0x08013f38   0x08013f38   0x00000050   Code   RO         1365    i.at_tlsmod_set     at.o
    0x08013f88   0x08013f88   0x0000003c   Code   RO         1366    i.at_tthr_get       at.o
    0x08013fc4   0x08013fc4   0x00000030   Code   RO         1367    i.at_tthr_set       at.o
    0x08013ff4   0x08013ff4   0x00000038   Code   RO         1368    i.at_uname_get      at.o
    0x0801402c   0x0801402c   0x00000048   Code   RO         1369    i.at_uname_set      at.o
    0x08014074   0x08014074   0x00000038   Code   RO         1370    i.at_uri1_get       at.o
    0x080140ac   0x080140ac   0x00000048   Code   RO         1371    i.at_uri1_set       at.o
    0x080140f4   0x080140f4   0x00000038   Code   RO         1372    i.at_uri2_get       at.o
    0x0801412c   0x0801412c   0x00000048   Code   RO         1373    i.at_uri2_set       at.o
    0x08014174   0x08014174   0x00000038   Code   RO         1374    i.at_uri3_get       at.o
    0x080141ac   0x080141ac   0x00000048   Code   RO         1375    i.at_uri3_set       at.o
    0x080141f4   0x080141f4   0x00000038   Code   RO         1376    i.at_uri4_get       at.o
    0x0801422c   0x0801422c   0x00000048   Code   RO         1377    i.at_uri4_set       at.o
    0x08014274   0x08014274   0x00000038   Code   RO         1378    i.at_uri5_get       at.o
    0x080142ac   0x080142ac   0x00000048   Code   RO         1379    i.at_uri5_set       at.o
    0x080142f4   0x080142f4   0x00000038   Code   RO         1380    i.at_uri6_get       at.o
    0x0801432c   0x0801432c   0x00000048   Code   RO         1381    i.at_uri6_set       at.o
    0x08014374   0x08014374   0x00000038   Code   RO         1382    i.at_uri7_get       at.o
    0x080143ac   0x080143ac   0x00000048   Code   RO         1383    i.at_uri7_set       at.o
    0x080143f4   0x080143f4   0x00000038   Code   RO         1384    i.at_uri8_get       at.o
    0x0801442c   0x0801442c   0x00000048   Code   RO         1385    i.at_uri8_set       at.o
    0x08014474   0x08014474   0x0000002a   Code   RO         6908    i.atof              m_ps.l(atof.o)
    0x0801449e   0x0801449e   0x00000002   PAD
    0x080144a0   0x080144a0   0x00000068   Code   RO         2016    i.bg95module_off    common.o
    0x08014508   0x08014508   0x00000074   Code   RO         2017    i.bg95module_on     common.o
    0x0801457c   0x0801457c   0x0000004c   Code   RO           32    i.compare_time      main.o
    0x080145c8   0x080145c8   0x000009e4   Code   RO         1390    i.config_Get        at.o
    0x08014fac   0x08014fac   0x0000082c   Code   RO         1391    i.config_Set        at.o
    0x080157d8   0x080157d8   0x0000001a   Code   RO         2018    i.countchar         common.o
    0x080157f2   0x080157f2   0x00000002   PAD
    0x080157f4   0x080157f4   0x00000020   Code   RO          562    i.fputc             usart.o
    0x08015814   0x08015814   0x00000028   Code   RO         1969    i.getVoltage        battery_read.o
    0x0801583c   0x0801583c   0x0000020c   Code   RO         2019    i.get_sensorvalue   common.o
    0x08015a48   0x08015a48   0x000000fc   Code   RO         2889    i.get_tmp117_temp   ne117.o
    0x08015b44   0x08015b44   0x0000002e   Code   RO         1392    i.hexDetection      at.o
    0x08015b72   0x08015b72   0x00000002   PAD
    0x08015b74   0x08015b74   0x00000084   Code   RO         2021    i.is_ipv4_addr      common.o
    0x08015bf8   0x08015bf8   0x0000008c   Code   RO         2022    i.is_ipv6_addr      common.o
    0x08015c84   0x08015c84   0x00000030   Code   RO         2023    i.led_on            common.o
    0x08015cb4   0x08015cb4   0x00000368   Code   RO           33    i.main              main.o
    0x0801601c   0x0801601c   0x00000798   Code   RO         2806    i.mode_data         nb_payload.o
    0x080167b4   0x080167b4   0x0000002c   Code   RO         3320    i.nb_CACERT_run     nb_mqtt.o
    0x080167e0   0x080167e0   0x00000060   Code   RO         3321    i.nb_CACERT_set     nb_mqtt.o
    0x08016840   0x08016840   0x0000002c   Code   RO         3322    i.nb_CLICERT_run    nb_mqtt.o
    0x0801686c   0x0801686c   0x00000064   Code   RO         3323    i.nb_CLICERT_set    nb_mqtt.o
    0x080168d0   0x080168d0   0x0000002c   Code   RO         3324    i.nb_CLIKEY_run     nb_mqtt.o
    0x080168fc   0x080168fc   0x00000064   Code   RO         3325    i.nb_CLIKEY_set     nb_mqtt.o
    0x08016960   0x08016960   0x0000000c   Code   RO         3781    i.nb_COAP_close_get  nb_coap.o
    0x0801696c   0x0801696c   0x00000040   Code   RO         3782    i.nb_COAP_close_run  nb_coap.o
    0x080169ac   0x080169ac   0x00000034   Code   RO         3783    i.nb_COAP_close_set  nb_coap.o
    0x080169e0   0x080169e0   0x0000000c   Code   RO         3784    i.nb_COAP_config_get  nb_coap.o
    0x080169ec   0x080169ec   0x00000040   Code   RO         3785    i.nb_COAP_config_run  nb_coap.o
    0x08016a2c   0x08016a2c   0x0000003c   Code   RO         3786    i.nb_COAP_config_set  nb_coap.o
    0x08016a68   0x08016a68   0x0000000c   Code   RO         3787    i.nb_COAP_header_get  nb_coap.o
    0x08016a74   0x08016a74   0x00000040   Code   RO         3788    i.nb_COAP_header_run  nb_coap.o
    0x08016ab4   0x08016ab4   0x0000003c   Code   RO         3789    i.nb_COAP_header_set  nb_coap.o
    0x08016af0   0x08016af0   0x0000000c   Code   RO         3790    i.nb_COAP_open_get  nb_coap.o
    0x08016afc   0x08016afc   0x00000040   Code   RO         3791    i.nb_COAP_open_run  nb_coap.o
    0x08016b3c   0x08016b3c   0x000000bc   Code   RO         3792    i.nb_COAP_open_set  nb_coap.o
    0x08016bf8   0x08016bf8   0x0000000c   Code   RO         3793    i.nb_COAP_option1_get  nb_coap.o
    0x08016c04   0x08016c04   0x0000002c   Code   RO         3794    i.nb_COAP_option1_run  nb_coap.o
    0x08016c30   0x08016c30   0x00000068   Code   RO         3795    i.nb_COAP_option1_set  nb_coap.o
    0x08016c98   0x08016c98   0x0000000c   Code   RO         3796    i.nb_COAP_option2_get  nb_coap.o
    0x08016ca4   0x08016ca4   0x0000002c   Code   RO         3797    i.nb_COAP_option2_run  nb_coap.o
    0x08016cd0   0x08016cd0   0x00000068   Code   RO         3798    i.nb_COAP_option2_set  nb_coap.o
    0x08016d38   0x08016d38   0x0000000c   Code   RO         3799    i.nb_COAP_option3_get  nb_coap.o
    0x08016d44   0x08016d44   0x0000002c   Code   RO         3800    i.nb_COAP_option3_run  nb_coap.o
    0x08016d70   0x08016d70   0x00000068   Code   RO         3801    i.nb_COAP_option3_set  nb_coap.o
    0x08016dd8   0x08016dd8   0x0000000c   Code   RO         3802    i.nb_COAP_option4_get  nb_coap.o
    0x08016de4   0x08016de4   0x0000002c   Code   RO         3803    i.nb_COAP_option4_run  nb_coap.o
    0x08016e10   0x08016e10   0x00000068   Code   RO         3804    i.nb_COAP_option4_set  nb_coap.o
    0x08016e78   0x08016e78   0x0000000c   Code   RO         3805    i.nb_COAP_option5_get  nb_coap.o
    0x08016e84   0x08016e84   0x0000002c   Code   RO         3806    i.nb_COAP_option5_run  nb_coap.o
    0x08016eb0   0x08016eb0   0x00000068   Code   RO         3807    i.nb_COAP_option5_set  nb_coap.o
    0x08016f18   0x08016f18   0x0000000c   Code   RO         3808    i.nb_COAP_option6_get  nb_coap.o
    0x08016f24   0x08016f24   0x0000002c   Code   RO         3809    i.nb_COAP_option6_run  nb_coap.o
    0x08016f50   0x08016f50   0x00000068   Code   RO         3810    i.nb_COAP_option6_set  nb_coap.o
    0x08016fb8   0x08016fb8   0x0000000c   Code   RO         3811    i.nb_COAP_option7_get  nb_coap.o
    0x08016fc4   0x08016fc4   0x0000002c   Code   RO         3812    i.nb_COAP_option7_run  nb_coap.o
    0x08016ff0   0x08016ff0   0x00000068   Code   RO         3813    i.nb_COAP_option7_set  nb_coap.o
    0x08017058   0x08017058   0x0000000c   Code   RO         3814    i.nb_COAP_option8_get  nb_coap.o
    0x08017064   0x08017064   0x0000002c   Code   RO         3815    i.nb_COAP_option8_run  nb_coap.o
    0x08017090   0x08017090   0x00000068   Code   RO         3816    i.nb_COAP_option8_set  nb_coap.o
    0x080170f8   0x080170f8   0x000000e8   Code   RO         3817    i.nb_COAP_read_get  nb_coap.o
    0x080171e0   0x080171e0   0x00000020   Code   RO         3818    i.nb_COAP_read_run  nb_coap.o
    0x08017200   0x08017200   0x00000030   Code   RO         3819    i.nb_COAP_send_config_run  nb_coap.o
    0x08017230   0x08017230   0x00000060   Code   RO         3820    i.nb_COAP_send_config_set  nb_coap.o
    0x08017290   0x08017290   0x00000030   Code   RO         3821    i.nb_COAP_send_run  nb_coap.o
    0x080172c0   0x080172c0   0x00000058   Code   RO         3822    i.nb_COAP_send_set  nb_coap.o
    0x08017318   0x08017318   0x00000058   Code   RO         3823    i.nb_COAP_uri_run   nb_coap.o
    0x08017370   0x08017370   0x00000060   Code   RO         3326    i.nb_MQTT_close_run  nb_mqtt.o
    0x080173d0   0x080173d0   0x0000000c   Code   RO         3327    i.nb_MQTT_close_set  nb_mqtt.o
    0x080173dc   0x080173dc   0x00000068   Code   RO         3328    i.nb_MQTT_config_set  nb_mqtt.o
    0x08017444   0x08017444   0x0000002c   Code   RO         3329    i.nb_MQTT_conn_run  nb_mqtt.o
    0x08017470   0x08017470   0x000000b0   Code   RO         3330    i.nb_MQTT_conn_set  nb_mqtt.o
    0x08017520   0x08017520   0x0000000c   Code   RO         3331    i.nb_MQTT_data_read_run  nb_mqtt.o
    0x0801752c   0x0801752c   0x000000d8   Code   RO         3332    i.nb_MQTT_data_read_set  nb_mqtt.o
    0x08017604   0x08017604   0x00000060   Code   RO         3333    i.nb_MQTT_disc_run  nb_mqtt.o
    0x08017664   0x08017664   0x0000000c   Code   RO         3334    i.nb_MQTT_disc_set  nb_mqtt.o
    0x08017670   0x08017670   0x0000002c   Code   RO         3335    i.nb_MQTT_open_run  nb_mqtt.o
    0x0801769c   0x0801769c   0x000000c4   Code   RO         3336    i.nb_MQTT_open_set  nb_mqtt.o
    0x08017760   0x08017760   0x00000030   Code   RO         3337    i.nb_MQTT_pub1_run  nb_mqtt.o
    0x08017790   0x08017790   0x000000e4   Code   RO         3338    i.nb_MQTT_pub1_set  nb_mqtt.o
    0x08017874   0x08017874   0x00000030   Code   RO         3339    i.nb_MQTT_pub2_run  nb_mqtt.o
    0x080178a4   0x080178a4   0x000000ac   Code   RO         3340    i.nb_MQTT_pub2_set  nb_mqtt.o
    0x08017950   0x08017950   0x00000030   Code   RO         3341    i.nb_MQTT_pub3_run  nb_mqtt.o
    0x08017980   0x08017980   0x000000b0   Code   RO         3342    i.nb_MQTT_pub3_set  nb_mqtt.o
    0x08017a30   0x08017a30   0x00000030   Code   RO         3343    i.nb_MQTT_pub5_run  nb_mqtt.o
    0x08017a60   0x08017a60   0x000000ac   Code   RO         3344    i.nb_MQTT_pub5_set  nb_mqtt.o
    0x08017b0c   0x08017b0c   0x0000005c   Code   RO         3345    i.nb_MQTT_pub_run   nb_mqtt.o
    0x08017b68   0x08017b68   0x000000ac   Code   RO         3346    i.nb_MQTT_pub_set   nb_mqtt.o
    0x08017c14   0x08017c14   0x00000030   Code   RO         3347    i.nb_MQTT_send_run  nb_mqtt.o
    0x08017c44   0x08017c44   0x0000007c   Code   RO         3348    i.nb_MQTT_send_set  nb_mqtt.o
    0x08017cc0   0x08017cc0   0x00000030   Code   RO         3349    i.nb_MQTT_sub_run   nb_mqtt.o
    0x08017cf0   0x08017cf0   0x00000110   Code   RO         3350    i.nb_MQTT_sub_set   nb_mqtt.o
    0x08017e00   0x08017e00   0x0000016c   Code   RO         3351    i.nb_MQTT_uri_run   nb_mqtt.o
    0x08017f6c   0x08017f6c   0x0000002c   Code   RO         3352    i.nb_QMTCFGSSL_run  nb_mqtt.o
    0x08017f98   0x08017f98   0x00000050   Code   RO         3353    i.nb_QMTCFGSSL_set  nb_mqtt.o
    0x08017fe8   0x08017fe8   0x0000002c   Code   RO         3354    i.nb_QSSLCFG_run    nb_mqtt.o
    0x08018014   0x08018014   0x00000074   Code   RO         3355    i.nb_QSSLCFG_set    nb_mqtt.o
    0x08018088   0x08018088   0x00000060   Code   RO         3673    i.nb_TCP_close_run  nb_tcp.o
    0x080180e8   0x080180e8   0x0000000c   Code   RO         3674    i.nb_TCP_close_set  nb_tcp.o
    0x080180f4   0x080180f4   0x00000030   Code   RO         3675    i.nb_TCP_data_run   nb_tcp.o
    0x08018124   0x08018124   0x0000002c   Code   RO         3676    i.nb_TCP_data_set   nb_tcp.o
    0x08018150   0x08018150   0x0000002c   Code   RO         3677    i.nb_TCP_open_run   nb_tcp.o
    0x0801817c   0x0801817c   0x000000cc   Code   RO         3678    i.nb_TCP_open_set   nb_tcp.o
    0x08018248   0x08018248   0x0000002c   Code   RO         3679    i.nb_TCP_qird_run   nb_tcp.o
    0x08018274   0x08018274   0x00000054   Code   RO         3680    i.nb_TCP_qird_set   nb_tcp.o
    0x080182c8   0x080182c8   0x00000154   Code   RO         3681    i.nb_TCP_read_get   nb_tcp.o
    0x0801841c   0x0801841c   0x00000020   Code   RO         3682    i.nb_TCP_read_run   nb_tcp.o
    0x0801843c   0x0801843c   0x00000040   Code   RO         3683    i.nb_TCP_send_run   nb_tcp.o
    0x0801847c   0x0801847c   0x0000007c   Code   RO         3684    i.nb_TCP_send_set   nb_tcp.o
    0x080184f8   0x080184f8   0x0000002c   Code   RO         3685    i.nb_TCP_sendex_run  nb_tcp.o
    0x08018524   0x08018524   0x0000007c   Code   RO         3686    i.nb_TCP_sendex_set  nb_tcp.o
    0x080185a0   0x080185a0   0x00000068   Code   RO         3687    i.nb_TCP_uri_run    nb_tcp.o
    0x08018608   0x08018608   0x00000060   Code   RO         3562    i.nb_UDP_close_run  nb_udp.o
    0x08018668   0x08018668   0x0000000c   Code   RO         3563    i.nb_UDP_close_set  nb_udp.o
    0x08018674   0x08018674   0x00000030   Code   RO         3564    i.nb_UDP_data_run   nb_udp.o
    0x080186a4   0x080186a4   0x0000002c   Code   RO         3565    i.nb_UDP_data_set   nb_udp.o
    0x080186d0   0x080186d0   0x0000002c   Code   RO         3566    i.nb_UDP_open_run   nb_udp.o
    0x080186fc   0x080186fc   0x00000150   Code   RO         3567    i.nb_UDP_open_set   nb_udp.o
    0x0801884c   0x0801884c   0x0000002c   Code   RO         3568    i.nb_UDP_qird_run   nb_udp.o
    0x08018878   0x08018878   0x00000070   Code   RO         3569    i.nb_UDP_qird_set   nb_udp.o
    0x080188e8   0x080188e8   0x00000154   Code   RO         3570    i.nb_UDP_read_get   nb_udp.o
    0x08018a3c   0x08018a3c   0x00000020   Code   RO         3571    i.nb_UDP_read_run   nb_udp.o
    0x08018a5c   0x08018a5c   0x0000002c   Code   RO         3572    i.nb_UDP_send_run   nb_udp.o
    0x08018a88   0x08018a88   0x000000e4   Code   RO         3573    i.nb_UDP_send_set   nb_udp.o
    0x08018b6c   0x08018b6c   0x0000002c   Code   RO         3574    i.nb_UDP_sendex_run  nb_udp.o
    0x08018b98   0x08018b98   0x00000080   Code   RO         3575    i.nb_UDP_sendex_set  nb_udp.o
    0x08018c18   0x08018c18   0x00000068   Code   RO         3576    i.nb_UDP_uri_run    nb_udp.o
    0x08018c80   0x08018c80   0x00000038   Code   RO         3002    i.nb_at_run         nbinit.o
    0x08018cb8   0x08018cb8   0x00000094   Code   RO         3003    i.nb_at_send        nbinit.o
    0x08018d4c   0x08018d4c   0x00000038   Code   RO         3004    i.nb_ate_run        nbinit.o
    0x08018d84   0x08018d84   0x000000dc   Code   RO         3005    i.nb_cclk2_get      nbinit.o
    0x08018e60   0x08018e60   0x00000058   Code   RO         3006    i.nb_cclk2_run      nbinit.o
    0x08018eb8   0x08018eb8   0x000000bc   Code   RO         3007    i.nb_cclk_get       nbinit.o
    0x08018f74   0x08018f74   0x00000058   Code   RO         3008    i.nb_cclk_run       nbinit.o
    0x08018fcc   0x08018fcc   0x0000000c   Code   RO         3009    i.nb_cgdcont_get    nbinit.o
    0x08018fd8   0x08018fd8   0x00000030   Code   RO         3010    i.nb_cgdcont_run    nbinit.o
    0x08019008   0x08019008   0x00000050   Code   RO         3011    i.nb_cgdcont_set    nbinit.o
    0x08019058   0x08019058   0x00000068   Code   RO         3012    i.nb_cgmm_get       nbinit.o
    0x080190c0   0x080190c0   0x0000004c   Code   RO         3013    i.nb_cgmm_run       nbinit.o
    0x0801910c   0x0801910c   0x00000078   Code   RO         3014    i.nb_cgsn_get       nbinit.o
    0x08019184   0x08019184   0x00000078   Code   RO         3015    i.nb_cimi_get       nbinit.o
    0x080191fc   0x080191fc   0x00000098   Code   RO         3016    i.nb_csq_get        nbinit.o
    0x08019294   0x08019294   0x0000001c   Code   RO           34    i.nb_intTimeoutEvent  main.o
    0x080192b0   0x080192b0   0x0000000c   Code   RO         3017    i.nb_iotm_get       nbinit.o
    0x080192bc   0x080192bc   0x00000030   Code   RO         3018    i.nb_iotm_run       nbinit.o
    0x080192ec   0x080192ec   0x00000050   Code   RO         3019    i.nb_iotm_set       nbinit.o
    0x0801933c   0x0801933c   0x00000004   Code   RO         3020    i.nb_null_run       nbinit.o
    0x08019340   0x08019340   0x0000000c   Code   RO         3021    i.nb_qband_get      nbinit.o
    0x0801934c   0x0801934c   0x00000030   Code   RO         3022    i.nb_qband_run      nbinit.o
    0x0801937c   0x0801937c   0x0000004c   Code   RO         3023    i.nb_qband_set      nbinit.o
    0x080193c8   0x080193c8   0x00000140   Code   RO         3024    i.nb_qdns_get       nbinit.o
    0x08019508   0x08019508   0x00000038   Code   RO         3025    i.nb_qdns_run       nbinit.o
    0x08019540   0x08019540   0x00000084   Code   RO         3026    i.nb_qdns_set       nbinit.o
    0x080195c4   0x080195c4   0x00000044   Code   RO         3027    i.nb_qdnscfg_run    nbinit.o
    0x08019608   0x08019608   0x00000054   Code   RO         3028    i.nb_qdnscfg_set    nbinit.o
    0x0801965c   0x0801965c   0x00000044   Code   RO         3029    i.nb_qgps_run       nbinit.o
    0x080196a0   0x080196a0   0x00000038   Code   RO         3030    i.nb_qgps_set       nbinit.o
    0x080196d8   0x080196d8   0x00000118   Code   RO         3031    i.nb_qgpsloc_get    nbinit.o
    0x080197f0   0x080197f0   0x00000058   Code   RO         3032    i.nb_qgpsloc_run    nbinit.o
    0x08019848   0x08019848   0x00000030   Code   RO         3033    i.nb_qgpssend_run   nbinit.o
    0x08019878   0x08019878   0x0000003c   Code   RO         3034    i.nb_qgpssend_set   nbinit.o
    0x080198b4   0x080198b4   0x0000000c   Code   RO         3035    i.nb_qiact_get      nbinit.o
    0x080198c0   0x080198c0   0x00000030   Code   RO         3036    i.nb_qiact_run      nbinit.o
    0x080198f0   0x080198f0   0x0000003c   Code   RO         3037    i.nb_qiact_set      nbinit.o
    0x0801992c   0x0801992c   0x0000000c   Code   RO         3038    i.nb_qicfg_get      nbinit.o
    0x08019938   0x08019938   0x00000030   Code   RO         3039    i.nb_qicfg_run      nbinit.o
    0x08019968   0x08019968   0x0000007c   Code   RO         3040    i.nb_qicfg_set      nbinit.o
    0x080199e4   0x080199e4   0x0000000c   Code   RO         3041    i.nb_qicsgp_get     nbinit.o
    0x080199f0   0x080199f0   0x00000030   Code   RO         3042    i.nb_qicsgp_run     nbinit.o
    0x08019a20   0x08019a20   0x00000098   Code   RO         3043    i.nb_qicsgp_set     nbinit.o
    0x08019ab8   0x08019ab8   0x0000000c   Code   RO         3044    i.nb_qideact_get    nbinit.o
    0x08019ac4   0x08019ac4   0x00000030   Code   RO         3045    i.nb_qideact_run    nbinit.o
    0x08019af4   0x08019af4   0x0000003c   Code   RO         3046    i.nb_qideact_set    nbinit.o
    0x08019b30   0x08019b30   0x00000088   Code   RO         3047    i.nb_qnwinfo_get    nbinit.o
    0x08019bb8   0x08019bb8   0x00000054   Code   RO         3048    i.nb_qnwinfo_run    nbinit.o
    0x08019c0c   0x08019c0c   0x00000048   Code   RO         2024    i.new_firmware_update  common.o
    0x08019c54   0x08019c54   0x00000024   Code   RO           35    i.onCalibrationtimeEvent  main.o
    0x08019c78   0x08019c78   0x000006a8   Code   RO         2807    i.pro_data          nb_payload.o
    0x0801a320   0x0801a320   0x00000620   Code   RO         2808    i.pro_data_thingspeak  nb_payload.o
    0x0801a940   0x0801a940   0x00000080   Code   RO         2025    i.product_information_print  common.o
    0x0801a9c0   0x0801a9c0   0x00000168   Code   RO         2026    i.reboot_information_print  common.o
    0x0801ab28   0x0801ab28   0x00000094   Code   RO           36    i.rename_ble        main.o
    0x0801abbc   0x0801abbc   0x00000026   Code   RO         1393    i.rtrim             at.o
    0x0801abe2   0x0801abe2   0x00000002   PAD
    0x0801abe4   0x0801abe4   0x00000940   Code   RO         2027    i.rxPayLoadDeal     common.o
    0x0801b524   0x0801b524   0x00000218   Code   RO         2380    i.sht20Data         sht20.o
    0x0801b73c   0x0801b73c   0x00000048   Code   RO         2381    i.sht2x_Detect      sht20.o
    0x0801b784   0x0801b784   0x00000354   Code   RO         2407    i.sht31Data         sht31.o
    0x0801bad8   0x0801bad8   0x0000002c   Code   RO         2408    i.sht31Init         sht31.o
    0x0801bb04   0x0801bb04   0x0000002c   Code   RO         2409    i.sht31LowPower     sht31.o
    0x0801bb30   0x0801bb30   0x00000048   Code   RO         2410    i.sht3x_Detect      sht31.o
    0x0801bb78   0x0801bb78   0x00000090   Code   RO         2028    i.shtDataClear      common.o
    0x0801bc08   0x0801bc08   0x00000044   Code   RO         2029    i.shtDataINIT       common.o
    0x0801bc4c   0x0801bc4c   0x00000530   Code   RO         2030    i.shtDataPrint      common.o
    0x0801c17c   0x0801c17c   0x00000208   Code   RO         2031    i.shtDataWrite      common.o
    0x0801c384   0x0801c384   0x0000001e   Code   RO         1394    i.space_fun         at.o
    0x0801c3a2   0x0801c3a2   0x00000002   PAD
    0x0801c3a4   0x0801c3a4   0x00000098   Code   RO         3049    i.stored_datalog    nbinit.o
    0x0801c43c   0x0801c43c   0x0000003c   Code   RO         2032    i.string_touint     common.o
    0x0801c478   0x0801c478   0x00000014   Code   RO         2841    i.tiny_sscanf       tiny_sscanf.o
    0x0801c48c   0x0801c48c   0x00000254   Code   RO         2842    i.tiny_vfscanf      tiny_sscanf.o
    0x0801c6e0   0x0801c6e0   0x00000094   Code   RO         2890    i.tmp117_connect    ne117.o
    0x0801c774   0x0801c774   0x0000001c   Code   RO           37    i.trigger_immediate_uplink  main.o
    0x0801c790   0x0801c790   0x00000ff0   Code   RO         2033    i.txPayLoadDeal     common.o
    0x0801d780   0x0801d780   0x00000110   Code   RO         2034    i.txPayLoadDeal2    common.o
    0x0801d890   0x0801d890   0x00000044   Code   RO          563    i.uart1_Init        usart.o
    0x0801d8d4   0x0801d8d4   0x0000003c   Code   RO          564    i.uart1_IoDeInit    usart.o
    0x0801d910   0x0801d910   0x00000258   Code   RO           38    i.user_key_event    main.o
    0x0801db68   0x0801db68   0x0000006c   Code   RO         2780    i.waitbusy          lidar.o
    0x0801dbd4   0x0801dbd4   0x00000018   Data   RO           40    .constdata          main.o
    0x0801dbec   0x0801dbec   0x00000018   Data   RO          868    .constdata          hw_rtc.o
    0x0801dc04   0x0801dc04   0x000004b0   Data   RO         1396    .constdata          at.o
    0x0801e0b4   0x0801e0b4   0x000007e0   Data   RO         3052    .constdata          nbinit.o
    0x0801e894   0x0801e894   0x000007e0   Data   RO         3357    .constdata          nb_mqtt.o
    0x0801f074   0x0801f074   0x000007e0   Data   RO         3577    .constdata          nb_udp.o
    0x0801f854   0x0801f854   0x000007e0   Data   RO         3688    .constdata          nb_tcp.o
    0x08020034   0x08020034   0x000007e0   Data   RO         3824    .constdata          nb_coap.o
    0x08020814   0x08020814   0x00000019   Data   RO         6877    .constdata          system_stm32l0xx.o
    0x0802082d   0x0802082d   0x00000008   Data   RO         6878    .constdata          system_stm32l0xx.o
    0x08020835   0x08020835   0x00000081   Data   RO         6923    .constdata          mc_p.l(ctype_o.o)
    0x080208b6   0x080208b6   0x00000002   PAD
    0x080208b8   0x080208b8   0x00000004   Data   RO         6924    .constdata          mc_p.l(ctype_o.o)
    0x080208bc   0x080208bc   0x0000000c   Data   RO         6959    .constdata          mc_p.l(mktime.o)
    0x080208c8   0x080208c8   0x00000056   Data   RO         6962    .constdata          mc_p.l(strftime.o)
    0x0802091e   0x0802091e   0x0000000c   Data   RO         7309    .constdata          mc_p.l(localtime_i.o)
    0x0802092a   0x0802092a   0x00000002   PAD
    0x0802092c   0x0802092c   0x00000067   Data   RO           42    .conststring        main.o
    0x08020993   0x08020993   0x00000001   PAD
    0x08020994   0x08020994   0x00000b9f   Data   RO         1397    .conststring        at.o
    0x08021533   0x08021533   0x00000001   PAD
    0x08021534   0x08021534   0x000000bd   Data   RO         2038    .conststring        common.o
    0x080215f1   0x080215f1   0x00000003   PAD
    0x080215f4   0x080215f4   0x0000008b   Data   RO         2809    .conststring        nb_payload.o
    0x0802167f   0x0802167f   0x00000001   PAD
    0x08021680   0x08021680   0x000000f6   Data   RO         3053    .conststring        nbinit.o
    0x08021776   0x08021776   0x00000002   PAD
    0x08021778   0x08021778   0x00000020   Data   RO         7356    Region$$Table       anon$$obj.o


    Execution Region RW_IRAM1 (Exec base: 0x20000000, Load base: 0x08021798, Size: 0x00003398, Max: 0x00005000, ABSOLUTE, COMPRESSED[0x00000030])

    Exec Addr    Load Addr    Size         Type   Attr      Idx    E Section Name        Object

    0x20000000   COMPRESSED   0x00000035   Data   RW           44    .data               main.o
    0x20000035   COMPRESSED   0x00000001   PAD
    0x20000036   COMPRESSED   0x00000004   Data   RW          869    .data               hw_rtc.o
    0x2000003a   COMPRESSED   0x00000002   PAD
    0x2000003c   COMPRESSED   0x00000008   Data   RW         1174    .data               low_power_manager.o
    0x20000044   COMPRESSED   0x0000000a   Data   RW         1398    .data               at.o
    0x2000004e   COMPRESSED   0x00000002   PAD
    0x20000050   COMPRESSED   0x000000c0   Data   RW         2039    .data               common.o
    0x20000110   COMPRESSED   0x00000008   Data   RW         2213    .data               flash_eraseprogram.o
    0x20000118   COMPRESSED   0x00000034   Data   RW         2287    .data               time_server.o
    0x2000014c   COMPRESSED   0x00000010   Data   RW         2411    .data               sht31.o
    0x2000015c   COMPRESSED   0x00000010   Data   RW         2461    .data               ds18b20.o
    0x2000016c   COMPRESSED   0x0000000c   Data   RW         2555    .data               weight.o
    0x20000178   COMPRESSED   0x00000054   Data   RW         3054    .data               nbinit.o
    0x200001cc   COMPRESSED   0x00000001   Data   RW         3359    .data               nb_mqtt.o
    0x200001cd   COMPRESSED   0x00000001   PAD
    0x200001ce   COMPRESSED   0x00000002   Data   RW         3579    .data               nb_udp.o
    0x200001d0   COMPRESSED   0x0000000c   Data   RW         4324    .data               stm32l0xx_hal.o
    0x200001dc   COMPRESSED   0x00000004   Data   RW         6879    .data               system_stm32l0xx.o
    0x200001e0   COMPRESSED   0x00000004   Data   RW         7298    .data               mc_p.l(stdout.o)
    0x200001e4   COMPRESSED   0x00000004   Data   RW         7318    .data               mc_p.l(errno.o)
    0x200001e8        -       0x0000026c   Zero   RW           39    .bss                main.o
    0x20000454        -       0x0000005c   Zero   RW          443    .bss                adc.o
    0x200004b0        -       0x0000004c   Zero   RW          500    .bss                i2c.o
    0x200004fc        -       0x00000010   Zero   RW          531    .bss                iwdg.o
    0x2000050c        -       0x000001d4   Zero   RW          565    .bss                usart.o
    0x200006e0        -       0x00000068   Zero   RW          867    .bss                hw_rtc.o
    0x20000748        -       0x000008d4   Zero   RW         1395    .bss                at.o
    0x2000101c        -       0x0000000a   Zero   RW         2035    .bss                common.o
    0x20001026        -       0x00000578   Zero   RW         2036    .bss                common.o
    0x2000159e        -       0x000008cf   Zero   RW         2037    .bss                common.o
    0x20001e6d   COMPRESSED   0x00000003   PAD
    0x20001e70        -       0x0000000c   Zero   RW         2212    .bss                flash_eraseprogram.o
    0x20001e7c        -       0x00000014   Zero   RW         2665    .bss                ult.o
    0x20001e90        -       0x00000028   Zero   RW         2891    .bss                ne117.o
    0x20001eb8        -       0x000002c8   Zero   RW         3050    .bss                nbinit.o
    0x20002180        -       0x00000200   Zero   RW         3051    .bss                nbinit.o
    0x20002380        -       0x00000bb8   Zero   RW         3356    .bss                nb_mqtt.o
    0x20002f38        -       0x00000018   Zero   RW         5301    .bss                stm32l0xx_hal_flash.o
    0x20002f50        -       0x0000001a   Zero   RW         6965    .bss                mc_p.l(asctime_s.o)
    0x20002f6a   COMPRESSED   0x00000002   PAD
    0x20002f6c        -       0x0000002c   Zero   RW         7306    .bss                mc_p.l(localtime_w.o)
    0x20002f98        -       0x00000400   Zero   RW            1    STACK               startup_stm32l072xx.o


==============================================================================

Image component sizes


      Code (inc. data)   RO Data    RW Data    ZI Data      Debug   Object Name

       144         22          0          0         92       1427   adc.o
     11968       2598       4175         10       2260      71823   at.o
       400        126          0          0          0       1872   battery_read.o
     12068       2466        189        192       3665      29936   common.o
        40          4          0          0          0        706   dma.o
      1646        124          0         16          0       9285   ds18b20.o
       220         90          0          8         12       2562   flash_eraseprogram.o
       364         30          0          0          0       1019   gpio.o
      1342        114         24          4        104      14404   hw_rtc.o
       180         26          0          0         76       1545   i2c.o
        44         12          0          0         16        647   iwdg.o
       420        124          0          0          0       1499   lidar.o
        80         10          0          8          0       1624   low_power_manager.o
        88         14          0          0          0        998   lowpower.o
      4472        900        127         53        620     459106   main.o
      2576       1018       2016          0          0      24225   nb_coap.o
      3780       1676       2016          1       3000      25187   nb_mqtt.o
      5216       1374        139          0          0       6599   nb_payload.o
      1408        472       2016          0          0       9710   nb_tcp.o
      1656        546       2016          2          0      10050   nb_udp.o
     14824       6382       2262         84       1224      39763   nbinit.o
      1320        148          0          0         40      10284   ne117.o
       608        136          0          0          0       1415   sht20.o
      1012        272          0         16          0       3467   sht31.o
        28          8        192          0       1024        628   startup_stm32l072xx.o
       204         36          0         12          0      10072   stm32l0xx_hal.o
      1030         36          0          0          0       5898   stm32l0xx_hal_adc.o
       170          0          0          0          0       1406   stm32l0xx_hal_adc_ex.o
       148         24          0          0          0      12105   stm32l0xx_hal_cortex.o
       604         12          0          0          0       4934   stm32l0xx_hal_dma.o
       448         60          0          0         24       4407   stm32l0xx_hal_flash.o
       360         60          0          0          0       5719   stm32l0xx_hal_flash_ex.o
       442         38          0          0          0       4135   stm32l0xx_hal_gpio.o
      2138         62          0          0          0      15041   stm32l0xx_hal_i2c.o
       146          0          0          0          0       1887   stm32l0xx_hal_i2c_ex.o
       116         20          0          0          0       1735   stm32l0xx_hal_iwdg.o
       116         10          0          0          0       4716   stm32l0xx_hal_msp.o
       116         16          0          0          0       1251   stm32l0xx_hal_pwr.o
        32          8          0          0          0       1029   stm32l0xx_hal_pwr_ex.o
      1778         96          0          0          0       5704   stm32l0xx_hal_rcc.o
       396         14          0          0          0       1456   stm32l0xx_hal_rcc_ex.o
      1604         36          0          0          0       9934   stm32l0xx_hal_rtc.o
        84          0          0          0          0       2826   stm32l0xx_hal_rtc_ex.o
      2738        114          0          0          0      16766   stm32l0xx_hal_uart.o
       188          4          0          0          0       2608   stm32l0xx_hal_uart_ex.o
       142         30          0          0          0       5245   stm32l0xx_it.o
        88         22         33          4          0       1199   system_stm32l0xx.o
      1092         54          0         52          0      11277   time_server.o
       642         22          0          0          0       3954   tiny_sscanf.o
         0          0          0          0          0       3500   trace.o
       276         68          0          0         20       3286   ult.o
       544        136          0          0          0       3518   ultrasound.o
       664         72          0          0        468       5043   usart.o
       508         62          0         12          0       5144   weight.o

    ----------------------------------------------------------------------
     82766      19804      15245        480      12648     885576   Object Totals
         0          0         32          0          0          0   (incl. Generated)
        48          0          8          6          3          0   (incl. Padding)

    ----------------------------------------------------------------------

      Code (inc. data)   RO Data    RW Data    ZI Data      Debug   Library Member Name

        42          0          0          0          0         76   atof.o
        86          0          0          0          0          0   __dczerorl2.o
        30          0          0          0          0         60   _chval.o
        68          0          0          0          0         76   _sgetc.o
       166          0          0          0          0         84   _strtoul.o
        60         30          0          0         26         68   asctime_s.o
        26          0          0          0          0         72   atoi.o
        12          0          0          0          0         68   ctime.o
         8          4        133          0          0         60   ctype_o.o
         0          0          0          0          0          0   entry.o
         0          0          0          0          0          0   entry10a.o
         0          0          0          0          0          0   entry11a.o
         4          0          0          0          0          0   entry12b.o
         8          4          0          0          0          0   entry2.o
         4          0          0          0          0          0   entry5.o
         0          0          0          0          0          0   entry7b.o
         0          0          0          0          0          0   entry8b.o
         8          4          0          0          0          0   entry9a.o
        32         16          0          4          0        180   errno.o
        30          0          0          0          0          0   handlers.o
        40          0          0          0          0         72   idiv.o
        36          8          0          0          0         68   init.o
        18          0          0          0          0         68   isspace_o.o
         0          0          0          0          0          0   iusefp.o
       122          0          0          0          0         84   llmul.o
        32          0          0          0          0         68   llshl.o
        38          0          0          0          0         68   llsshr.o
        34          0          0          0          0         68   llushr.o
       116         12         12          0          0         72   localtime_i.o
        16          6          0          0         44         68   localtime_w.o
        36          0          0          0          0         60   memcpya.o
        36          0          0          0          0        100   memseta.o
       140         16         12          0          0         72   mktime.o
      2306        102          0          0          0        556   printfa.o
       898         12          0          0          0        184   scanf_fp.o
         0          0          0          4          0          0   stdout.o
        24          0          0          0          0         60   strcat.o
        20          0          0          0          0         60   strchr.o
        28          0          0          0          0         68   strcmp.o
       940        272         86          0          0        136   strftime.o
        14          0          0          0          0         60   strlen.o
        26          0          0          0          0         68   strncpy.o
        22          0          0          0          0         60   strrchr.o
        40          0          0          0          0         72   strstr.o
       164         16          0          0          0        120   strtod.o
       112          4          0          0          0         76   strtol.o
        12          0          0          0          0         60   toupper.o
        44          0          0          0          0         72   uidiv.o
        96          0          0          0          0         84   uldiv.o
        40          2          0          0          0         68   cdrcmple.o
        56          0          0          0          0         68   d2f.o
       360          6          0          0          0        140   dadd.o
       240          6          0          0          0         84   ddiv.o
       236          0          0          0          0        216   depilogue.o
        72         10          0          0          0         72   dfixi.o
        64         10          0          0          0         68   dfixul.o
        40          6          0          0          0         68   dflti.o
        28          4          0          0          0         68   dfltui.o
        28          6          0          0          0         68   dfltul.o
       208          6          0          0          0         88   dmul.o
        44          0          0          0          0         72   dscalb.o
        40          0          0          0          0         60   f2d.o
       178          0          0          0          0        108   fadd.o
       124          0          0          0          0         72   fdiv.o
       130          0          0          0          0        144   fepilogue.o
        50          0          0          0          0         60   ffixi.o
        40          0          0          0          0         60   ffixui.o
        22          0          0          0          0         68   fflti.o
       122          0          0          0          0         72   fmul.o

    ----------------------------------------------------------------------
      8134        562        247          8         72       5072   Library Totals
        18          0          4          0          2          0   (incl. Padding)

    ----------------------------------------------------------------------

      Code (inc. data)   RO Data    RW Data    ZI Data      Debug   Library Name

        42          0          0          0          0         76   m_ps.l
      5952        506        243          8         70       3272   mc_p.l
      2122         56          0          0          0       1724   mf_p.l

    ----------------------------------------------------------------------
      8134        562        247          8         72       5072   Library Totals

    ----------------------------------------------------------------------

==============================================================================


      Code (inc. data)   RO Data    RW Data    ZI Data      Debug   

     90900      20366      15492        488      12720     863672   Grand Totals
     90900      20366      15492         48      12720     863672   ELF Image Totals (compressed)
     90900      20366      15492         48          0          0   ROM Totals

==============================================================================

    Total RO  Size (Code + RO Data)               106392 ( 103.90kB)
    Total RW  Size (RW Data + ZI Data)             13208 (  12.90kB)
    Total ROM Size (Code + RO Data + RW Data)     106440 ( 103.95kB)

==============================================================================

