<html>
<body>
<pre>
<h1>µVision Build Log</h1>
<h2>Tool Versions:</h2>
IDE-Version: µVision V5.42.0.0
Copyright (C) 2025 ARM Ltd and ARM Germany GmbH. All rights reserved.
License Information: Lukasz Gaworczyk, FABE, LIC=FHYH9-4XULT-SPLGB-F8M31-VUYX7-SS4RH
 
Tool Versions:
Toolchain:       MDK-ARM Cortex-M0/M0+ for ST  Version: 5.42.0.0
Toolchain Path:  C:\Users\LG\AppData\Local\Keil_v5\ARM\Compiler5\Bin
C Compiler:      Armcc.exe V5.06 update 7 (build 960)
Assembler:       Armasm.exe V5.06 update 7 (build 960)
Linker/Locator:  ArmLink.exe V5.06 update 7 (build 960)
Library Manager: ArmAr.exe V5.06 update 7 (build 960)
Hex Converter:   FromElf.exe V5.06 update 7 (build 960)
CPU DLL:         SARMCM3.DLL V5.42.0.0
Dialog DLL:      DARMCM1.DLL V1.19.6.0
Target DLL:      STLink\ST-LINKIII-KEIL_SWO.dll V3.3.0.0
Dialog DLL:      TARMCM1.DLL V1.14.6.0
 
<h2>Project:</h2>
C:\Projekty\DraginoSN50V03-CB\DraginoNBSN95\50v3-CB\MDK-ARM\NBSN95.uvprojx
Project File Date:  08/07/2025

<h2>Output:</h2>
*** Using Compiler 'V5.06 update 7 (build 960)', folder: 'C:\Users\LG\AppData\Local\Keil_v5\ARM\Compiler5\Bin'
Rebuild target 'NBSN95'
assembling startup_stm32l072xx.s...
compiling adc.c...
compiling gpio.c...
compiling main.c...
..\Drivers\BSP\inc\ult.h(25): warning:  #1295-D: Deprecated declaration ULT_getData - give arg types
  void ULT_getData();
..\Drivers\BSP\inc\ult.h(30): warning:  #1295-D: Deprecated declaration ULT_Connection_Test - give arg types
  uint8_t ULT_Connection_Test();
..\Drivers\BSP\inc\maxsonar.h(8): warning:  #1295-D: Deprecated declaration MAXSONAR_getData - give arg types
  void MAXSONAR_getData();
../Src/main.c: 3 warnings, 0 errors
compiling dma.c...
compiling i2c.c...
compiling iwdg.c...
compiling rtc.c...
compiling usart.c...
compiling stm32l0xx_it.c...
compiling timeServer.c...
compiling trace.c...
..\Src\trace.c(150): warning:  #177-D: function "Trace_TxCpltCallback"  was declared but never referenced
  static void Trace_TxCpltCallback(void)
..\Src\trace.c: 1 warning, 0 errors
compiling hw_rtc.c...
compiling stm32l0xx_hal_msp.c...
..\Drivers\BSP\inc\ult.h(25): warning:  #1295-D: Deprecated declaration ULT_getData - give arg types
  void ULT_getData();
..\Drivers\BSP\inc\ult.h(30): warning:  #1295-D: Deprecated declaration ULT_Connection_Test - give arg types
  uint8_t ULT_Connection_Test();
..\Drivers\BSP\inc\maxsonar.h(8): warning:  #1295-D: Deprecated declaration MAXSONAR_getData - give arg types
  void MAXSONAR_getData();
../Src/stm32l0xx_hal_msp.c: 3 warnings, 0 errors
compiling stm32l0xx_nucleo.c...
compiling utilities.c...
compiling low_power_manager.c...
compiling battery_read.c...
..\Drivers\BSP\inc\ult.h(25): warning:  #1295-D: Deprecated declaration ULT_getData - give arg types
  void ULT_getData();
..\Drivers\BSP\inc\ult.h(30): warning:  #1295-D: Deprecated declaration ULT_Connection_Test - give arg types
  uint8_t ULT_Connection_Test();
..\Drivers\BSP\inc\maxsonar.h(8): warning:  #1295-D: Deprecated declaration MAXSONAR_getData - give arg types
  void MAXSONAR_getData();
..\Drivers\BSP\src\battery_read.c: 3 warnings, 0 errors
compiling queue.c...
compiling at.c...
..\Drivers\BSP\inc\ult.h(25): warning:  #1295-D: Deprecated declaration ULT_getData - give arg types
  void ULT_getData();
..\Drivers\BSP\inc\ult.h(30): warning:  #1295-D: Deprecated declaration ULT_Connection_Test - give arg types
  uint8_t ULT_Connection_Test();
..\Drivers\BSP\inc\maxsonar.h(8): warning:  #1295-D: Deprecated declaration MAXSONAR_getData - give arg types
  void MAXSONAR_getData();
..\Drivers\BSP\src\at.c: 3 warnings, 0 errors
compiling flash_eraseprogram.c...
compiling lowpower.c...
compiling common.c...
..\Drivers\BSP\inc\ult.h(25): warning:  #1295-D: Deprecated declaration ULT_getData - give arg types
  void ULT_getData();
..\Drivers\BSP\inc\ult.h(30): warning:  #1295-D: Deprecated declaration ULT_Connection_Test - give arg types
  uint8_t ULT_Connection_Test();
..\Drivers\BSP\inc\maxsonar.h(8): warning:  #1295-D: Deprecated declaration MAXSONAR_getData - give arg types
  void MAXSONAR_getData();
..\Drivers\BSP\src\common.c(1245): warning:  #940-D: missing return statement at end of non-void function "is_ipv6_addr" 
  }
..\Drivers\BSP\src\common.c(1770): warning:  #1-D: last line of file ends without a newline
  }
..\Drivers\BSP\src\common.c: 5 warnings, 0 errors
compiling time_server.c...
..\Drivers\BSP\inc\ult.h(25): warning:  #1295-D: Deprecated declaration ULT_getData - give arg types
  void ULT_getData();
..\Drivers\BSP\inc\ult.h(30): warning:  #1295-D: Deprecated declaration ULT_Connection_Test - give arg types
  uint8_t ULT_Connection_Test();
..\Drivers\BSP\inc\maxsonar.h(8): warning:  #1295-D: Deprecated declaration MAXSONAR_getData - give arg types
  void MAXSONAR_getData();
..\Drivers\BSP\src\time_server.c: 3 warnings, 0 errors
compiling sht20.c...
..\Drivers\BSP\inc\ult.h(25): warning:  #1295-D: Deprecated declaration ULT_getData - give arg types
  void ULT_getData();
..\Drivers\BSP\inc\ult.h(30): warning:  #1295-D: Deprecated declaration ULT_Connection_Test - give arg types
  uint8_t ULT_Connection_Test();
..\Drivers\BSP\inc\maxsonar.h(8): warning:  #1295-D: Deprecated declaration MAXSONAR_getData - give arg types
  void MAXSONAR_getData();
..\Drivers\BSP\src\sht20.c: 3 warnings, 0 errors
compiling sht31.c...
..\Drivers\BSP\inc\ult.h(25): warning:  #1295-D: Deprecated declaration ULT_getData - give arg types
  void ULT_getData();
..\Drivers\BSP\inc\ult.h(30): warning:  #1295-D: Deprecated declaration ULT_Connection_Test - give arg types
  uint8_t ULT_Connection_Test();
..\Drivers\BSP\inc\maxsonar.h(8): warning:  #1295-D: Deprecated declaration MAXSONAR_getData - give arg types
  void MAXSONAR_getData();
..\Drivers\BSP\src\sht31.c(39): warning:  #177-D: variable "tem_sent"  was declared but never referenced
  	uint16_t tem_sent=0;
..\Drivers\BSP\src\sht31.c: 4 warnings, 0 errors
compiling ds18b20.c...
..\Drivers\BSP\inc\ult.h(25): warning:  #1295-D: Deprecated declaration ULT_getData - give arg types
  void ULT_getData();
..\Drivers\BSP\inc\ult.h(30): warning:  #1295-D: Deprecated declaration ULT_Connection_Test - give arg types
  uint8_t ULT_Connection_Test();
..\Drivers\BSP\inc\maxsonar.h(8): warning:  #1295-D: Deprecated declaration MAXSONAR_getData - give arg types
  void MAXSONAR_getData();
..\Drivers\BSP\src\ds18b20.c: 3 warnings, 0 errors
compiling weight.c...
..\Drivers\BSP\inc\ult.h(25): warning:  #1295-D: Deprecated declaration ULT_getData - give arg types
  void ULT_getData();
..\Drivers\BSP\inc\ult.h(30): warning:  #1295-D: Deprecated declaration ULT_Connection_Test - give arg types
  uint8_t ULT_Connection_Test();
..\Drivers\BSP\inc\maxsonar.h(8): warning:  #1295-D: Deprecated declaration MAXSONAR_getData - give arg types
  void MAXSONAR_getData();
..\Drivers\BSP\src\weight.c: 3 warnings, 0 errors
compiling ultrasound.c...
..\Drivers\BSP\inc\ult.h(25): warning:  #1295-D: Deprecated declaration ULT_getData - give arg types
  void ULT_getData();
..\Drivers\BSP\inc\ult.h(30): warning:  #1295-D: Deprecated declaration ULT_Connection_Test - give arg types
  uint8_t ULT_Connection_Test();
..\Drivers\BSP\inc\maxsonar.h(8): warning:  #1295-D: Deprecated declaration MAXSONAR_getData - give arg types
  void MAXSONAR_getData();
..\Drivers\BSP\src\ultrasound.c: 3 warnings, 0 errors
compiling ult.c...
..\Drivers\BSP\inc\maxsonar.h(8): warning:  #1295-D: Deprecated declaration MAXSONAR_getData - give arg types
  void MAXSONAR_getData();
..\Drivers\BSP\inc\ult.h(25): warning:  #1295-D: Deprecated declaration ULT_getData - give arg types
  void ULT_getData();
..\Drivers\BSP\inc\ult.h(30): warning:  #1295-D: Deprecated declaration ULT_Connection_Test - give arg types
  uint8_t ULT_Connection_Test();
..\Drivers\BSP\src\ult.c(97): warning:  #1-D: last line of file ends without a newline
  }
..\Drivers\BSP\src\ult.c: 4 warnings, 0 errors
compiling maxsonar.c...
..\Drivers\BSP\inc\ult.h(25): warning:  #1295-D: Deprecated declaration ULT_getData - give arg types
  void ULT_getData();
..\Drivers\BSP\inc\ult.h(30): warning:  #1295-D: Deprecated declaration ULT_Connection_Test - give arg types
  uint8_t ULT_Connection_Test();
..\Drivers\BSP\inc\maxsonar.h(8): warning:  #1295-D: Deprecated declaration MAXSONAR_getData - give arg types
  void MAXSONAR_getData();
..\Drivers\BSP\src\maxsonar.c(84): warning:  #1-D: last line of file ends without a newline
  }
..\Drivers\BSP\src\maxsonar.c: 4 warnings, 0 errors
compiling tiny_sscanf.c...
compiling lidar.c...
..\Drivers\BSP\inc\ult.h(25): warning:  #1295-D: Deprecated declaration ULT_getData - give arg types
  void ULT_getData();
..\Drivers\BSP\inc\ult.h(30): warning:  #1295-D: Deprecated declaration ULT_Connection_Test - give arg types
  uint8_t ULT_Connection_Test();
..\Drivers\BSP\inc\maxsonar.h(8): warning:  #1295-D: Deprecated declaration MAXSONAR_getData - give arg types
  void MAXSONAR_getData();
..\Drivers\BSP\src\lidar.c(61): warning:  #1-D: last line of file ends without a newline
  }
..\Drivers\BSP\src\lidar.c: 4 warnings, 0 errors
compiling nb_payload.c...
..\Drivers\BSP\inc\ult.h(25): warning:  #1295-D: Deprecated declaration ULT_getData - give arg types
  void ULT_getData();
..\Drivers\BSP\inc\ult.h(30): warning:  #1295-D: Deprecated declaration ULT_Connection_Test - give arg types
  uint8_t ULT_Connection_Test();
..\Drivers\BSP\inc\maxsonar.h(8): warning:  #1295-D: Deprecated declaration MAXSONAR_getData - give arg types
  void MAXSONAR_getData();
..\Drivers\BSP\src\nb_payload.c(378): warning:  #1-D: last line of file ends without a newline
  }
..\Drivers\BSP\src\nb_payload.c: 4 warnings, 0 errors
compiling ne117.c...
..\Drivers\BSP\inc\ult.h(25): warning:  #1295-D: Deprecated declaration ULT_getData - give arg types
  void ULT_getData();
..\Drivers\BSP\inc\ult.h(30): warning:  #1295-D: Deprecated declaration ULT_Connection_Test - give arg types
  uint8_t ULT_Connection_Test();
..\Drivers\BSP\inc\maxsonar.h(8): warning:  #1295-D: Deprecated declaration MAXSONAR_getData - give arg types
  void MAXSONAR_getData();
..\Drivers\BSP\src\ne117.c: 3 warnings, 0 errors
compiling nb_mqtt.c...
..\Drivers\BSP\inc\ult.h(25): warning:  #1295-D: Deprecated declaration ULT_getData - give arg types
  void ULT_getData();
..\Drivers\BSP\inc\ult.h(30): warning:  #1295-D: Deprecated declaration ULT_Connection_Test - give arg types
  uint8_t ULT_Connection_Test();
..\Drivers\BSP\inc\maxsonar.h(8): warning:  #1295-D: Deprecated declaration MAXSONAR_getData - give arg types
  void MAXSONAR_getData();
..\Drivers\BSP\src\nb_mqtt.c: 3 warnings, 0 errors
compiling nbInit.c...
..\Drivers\BSP\inc\ult.h(25): warning:  #1295-D: Deprecated declaration ULT_getData - give arg types
  void ULT_getData();
..\Drivers\BSP\inc\ult.h(30): warning:  #1295-D: Deprecated declaration ULT_Connection_Test - give arg types
  uint8_t ULT_Connection_Test();
..\Drivers\BSP\inc\maxsonar.h(8): warning:  #1295-D: Deprecated declaration MAXSONAR_getData - give arg types
  void MAXSONAR_getData();
..\Drivers\BSP\src\nbInit.c(2424): warning:  #1-D: last line of file ends without a newline
  		 }					
..\Drivers\BSP\src\nbInit.c: 4 warnings, 0 errors
compiling nb_udp.c...
..\Drivers\BSP\inc\ult.h(25): warning:  #1295-D: Deprecated declaration ULT_getData - give arg types
  void ULT_getData();
..\Drivers\BSP\inc\ult.h(30): warning:  #1295-D: Deprecated declaration ULT_Connection_Test - give arg types
  uint8_t ULT_Connection_Test();
..\Drivers\BSP\inc\maxsonar.h(8): warning:  #1295-D: Deprecated declaration MAXSONAR_getData - give arg types
  void MAXSONAR_getData();
..\Drivers\BSP\src\nb_udp.c: 3 warnings, 0 errors
compiling stm32l0xx_hal_adc.c...
compiling nb_coap.c...
..\Drivers\BSP\inc\ult.h(25): warning:  #1295-D: Deprecated declaration ULT_getData - give arg types
  void ULT_getData();
..\Drivers\BSP\inc\ult.h(30): warning:  #1295-D: Deprecated declaration ULT_Connection_Test - give arg types
  uint8_t ULT_Connection_Test();
..\Drivers\BSP\inc\maxsonar.h(8): warning:  #1295-D: Deprecated declaration MAXSONAR_getData - give arg types
  void MAXSONAR_getData();
..\Drivers\BSP\src\nb_coap.c(523): warning:  #177-D: variable "pch"  was declared but never referenced
  		char *pch; 
..\Drivers\BSP\src\nb_coap.c(605): warning:  #1-D: last line of file ends without a newline
  }
..\Drivers\BSP\src\nb_coap.c: 5 warnings, 0 errors
compiling nb_tcp.c...
..\Drivers\BSP\inc\ult.h(25): warning:  #1295-D: Deprecated declaration ULT_getData - give arg types
  void ULT_getData();
..\Drivers\BSP\inc\ult.h(30): warning:  #1295-D: Deprecated declaration ULT_Connection_Test - give arg types
  uint8_t ULT_Connection_Test();
..\Drivers\BSP\inc\maxsonar.h(8): warning:  #1295-D: Deprecated declaration MAXSONAR_getData - give arg types
  void MAXSONAR_getData();
..\Drivers\BSP\src\nb_tcp.c: 3 warnings, 0 errors
compiling stm32l0xx_hal_adc_ex.c...
compiling stm32l0xx_hal.c...
compiling stm32l0xx_hal_i2c.c...
compiling stm32l0xx_hal_i2c_ex.c...
compiling stm32l0xx_hal_rcc.c...
compiling stm32l0xx_hal_rcc_ex.c...
compiling stm32l0xx_hal_flash_ramfunc.c...
compiling stm32l0xx_hal_flash.c...
compiling stm32l0xx_hal_flash_ex.c...
compiling stm32l0xx_hal_gpio.c...
compiling stm32l0xx_hal_pwr.c...
compiling stm32l0xx_hal_dma.c...
compiling stm32l0xx_hal_pwr_ex.c...
compiling stm32l0xx_hal_cortex.c...
compiling stm32l0xx_hal_exti.c...
compiling stm32l0xx_hal_iwdg.c...
compiling stm32l0xx_hal_uart_ex.c...
compiling stm32l0xx_hal_uart.c...
compiling stm32l0xx_hal_tim.c...
compiling stm32l0xx_hal_rtc.c...
compiling stm32l0xx_hal_rtc_ex.c...
compiling stm32l0xx_hal_tim_ex.c...
compiling system_stm32l0xx.c...
linking...
Program Size: Code=90900 RO-data=15512 RW-data=488 ZI-data=12720  
FromELF: creating hex file...
After Build - User command #1: C:\Users\LG\AppData\Local\Keil_v5\ARM\ARMCLANG\bin\fromelf.exe --bin --output=SN50V3-NB-GE.bin .\NBSN95\SN50V3-NB-GE.axf
".\NBSN95\SN50V3-NB-GE.axf" - 0 Error(s), 74 Warning(s).

<h2>Software Packages used:</h2>

Package Vendor: ARM
                https://www.keil.com/pack/ARM.CMSIS.6.1.0.pack
                ARM::CMSIS@6.1.0
                CMSIS (Common Microcontroller Software Interface Standard)
   * Component: CORE Version: 6.1.0

Package Vendor: Keil
                https://www.keil.com/pack/Keil.STM32L0xx_DFP.3.0.0.pack
                Keil::STM32L0xx_DFP@3.0.0
                STMicroelectronics STM32L0 Series Device Support

<h2>Collection of Component include folders:</h2>
  ./RTE/_NBSN95
  C:/Users/LG/AppData/Local/Arm/Packs/ARM/CMSIS/6.1.0/CMSIS/Core/Include

<h2>Collection of Component Files used:</h2>

   * Component: ARM::CMSIS:CORE@6.1.0
Build Time Elapsed:  00:00:51
</pre>
</body>
</html>
