Component: ARM Compiler 5.06 update 7 (build 960) Tool: armlink [4d3601]

==============================================================================

Section Cross References

    startup_stm32l072xx.o(RESET) refers to startup_stm32l072xx.o(STACK) for __initial_sp
    startup_stm32l072xx.o(RESET) refers to startup_stm32l072xx.o(.text) for Reset_Handler
    startup_stm32l072xx.o(RESET) refers to stm32l0xx_it.o(i.NMI_Handler) for NMI_Handler
    startup_stm32l072xx.o(RESET) refers to stm32l0xx_it.o(i.HardFault_Handler) for HardFault_Handler
    startup_stm32l072xx.o(RESET) refers to stm32l0xx_it.o(i.SVC_Handler) for SVC_Handler
    startup_stm32l072xx.o(RESET) refers to stm32l0xx_it.o(i.PendSV_Handler) for PendSV_Handler
    startup_stm32l072xx.o(RESET) refers to stm32l0xx_it.o(i.SysTick_Handler) for SysTick_Handler
    startup_stm32l072xx.o(RESET) refers to stm32l0xx_it.o(i.RTC_IRQHandler) for RTC_IRQHandler
    startup_stm32l072xx.o(RESET) refers to stm32l0xx_it.o(i.EXTI0_1_IRQHandler) for EXTI0_1_IRQHandler
    startup_stm32l072xx.o(RESET) refers to stm32l0xx_it.o(i.EXTI4_15_IRQHandler) for EXTI4_15_IRQHandler
    startup_stm32l072xx.o(RESET) refers to stm32l0xx_it.o(i.DMA1_Channel2_3_IRQHandler) for DMA1_Channel2_3_IRQHandler
    startup_stm32l072xx.o(RESET) refers to stm32l0xx_it.o(i.USART1_IRQHandler) for USART1_IRQHandler
    startup_stm32l072xx.o(RESET) refers to stm32l0xx_it.o(i.USART2_IRQHandler) for USART2_IRQHandler
    startup_stm32l072xx.o(RESET) refers to stm32l0xx_it.o(i.RNG_LPUART1_IRQHandler) for RNG_LPUART1_IRQHandler
    startup_stm32l072xx.o(.text) refers to system_stm32l0xx.o(i.SystemInit) for SystemInit
    startup_stm32l072xx.o(.text) refers to entry.o(.ARM.Collect$$$$00000000) for __main
    main.o(i.GNSSTimerEvent) refers to main.o(.data) for .data
    main.o(i.GNSS_Start) refers to time_server.o(i.TimerInit) for TimerInit
    main.o(i.GNSS_Start) refers to time_server.o(i.TimerSetValue) for TimerSetValue
    main.o(i.GNSS_Start) refers to time_server.o(i.TimerStart) for TimerStart
    main.o(i.GNSS_Start) refers to main.o(i.GNSS_tdc_TimerEvent) for GNSS_tdc_TimerEvent
    main.o(i.GNSS_Start) refers to main.o(.bss) for .bss
    main.o(i.GNSS_Start) refers to common.o(.data) for sys
    main.o(i.GNSS_tdc_TimerEvent) refers to time_server.o(i.TimerSetValue) for TimerSetValue
    main.o(i.GNSS_tdc_TimerEvent) refers to time_server.o(i.TimerStart) for TimerStart
    main.o(i.GNSS_tdc_TimerEvent) refers to common.o(.data) for sys
    main.o(i.GNSS_tdc_TimerEvent) refers to main.o(.bss) for .bss
    main.o(i.GNSS_tdc_TimerEvent) refers to at.o(.data) for gps_flag
    main.o(i.GNSS_tdc_TimerEvent) refers to main.o(.data) for .data
    main.o(i.GPIO_BLE_STATUS_Ioinit) refers to memseta.o(.text) for __aeabi_memclr4
    main.o(i.GPIO_BLE_STATUS_Ioinit) refers to stm32l0xx_hal_gpio.o(i.HAL_GPIO_Init) for HAL_GPIO_Init
    main.o(i.HAL_GPIO_EXTI_Callback) refers to stm32l0xx_hal_gpio.o(i.HAL_GPIO_ReadPin) for HAL_GPIO_ReadPin
    main.o(i.HAL_GPIO_EXTI_Callback) refers to lowpower.o(i.LPM_DisableStopMode) for LPM_DisableStopMode
    main.o(i.HAL_GPIO_EXTI_Callback) refers to printfa.o(i.__0printf) for __2printf
    main.o(i.HAL_GPIO_EXTI_Callback) refers to nbinit.o(.data) for nb
    main.o(i.HAL_GPIO_EXTI_Callback) refers to main.o(.data) for .data
    main.o(i.HAL_GPIO_EXTI_Callback) refers to common.o(.data) for sensor
    main.o(i.HAL_RTCEx_AlarmBEventCallback) refers to stm32l0xx_hal_iwdg.o(i.HAL_IWDG_Refresh) for HAL_IWDG_Refresh
    main.o(i.HAL_RTCEx_AlarmBEventCallback) refers to time_server.o(i.My_AlarmInit) for My_AlarmInit
    main.o(i.HAL_RTCEx_AlarmBEventCallback) refers to iwdg.o(.bss) for hiwdg
    main.o(i.HAL_RTCEx_AlarmBEventCallback) refers to common.o(.data) for sys
    main.o(i.HAL_RTCEx_AlarmBEventCallback) refers to main.o(.data) for .data
    main.o(i.HAL_RTCEx_AlarmBEventCallback) refers to nbinit.o(.data) for nb
    main.o(i.HAL_RTC_AlarmAEventCallback) refers to time_server.o(i.TimerIrqHandler) for TimerIrqHandler
    main.o(i.HAL_UART_RxCpltCallback) refers to stm32l0xx_hal_uart.o(i.HAL_UART_Receive_IT) for HAL_UART_Receive_IT
    main.o(i.HAL_UART_RxCpltCallback) refers to usart.o(.bss) for hlpuart1
    main.o(i.HAL_UART_RxCpltCallback) refers to main.o(.data) for .data
    main.o(i.HAL_UART_RxCpltCallback) refers to nbinit.o(.data) for nb
    main.o(i.HAL_UART_RxCpltCallback) refers to main.o(.bss) for .bss
    main.o(i.HW_GetUniqueId) refers to printfa.o(i.__0sprintf) for __2sprintf
    main.o(i.HW_GetUniqueId) refers to strcat.o(.text) for strcat
    main.o(i.HW_GetUniqueId) refers to main.o(.bss) for .bss
    main.o(i.LoraStartCheckBLE) refers to time_server.o(i.TimerInit) for TimerInit
    main.o(i.LoraStartCheckBLE) refers to time_server.o(i.TimerSetValue) for TimerSetValue
    main.o(i.LoraStartCheckBLE) refers to time_server.o(i.TimerStart) for TimerStart
    main.o(i.LoraStartCheckBLE) refers to main.o(i.OnCheckBLETimesEvent) for OnCheckBLETimesEvent
[...]
    user_key_exti_flag                       0x20000015   Data           1  main.o(.data)
    act_network_flag                         0x20000016   Data           1  main.o(.data)
    first_clock_flag                         0x20000017   Data           1  main.o(.data)
    first_clock_time                         0x20000018   Data           1  main.o(.data)
    nbecho_flag                              0x20000019   Data           1  main.o(.data)
    gnss_tdc_flag                            0x2000001a   Data           1  main.o(.data)
    ble_sleep_flags                          0x2000001c   Data           1  main.o(.data)
    ble_sleep_command                        0x2000001d   Data           1  main.o(.data)
    sleep_status                             0x2000001e   Data           1  main.o(.data)
    tdc_clock_log_flag                       0x2000001f   Data           1  main.o(.data)
    Calibrat_flag                            0x20000020   Data           1  main.o(.data)
    gpstime_flag                             0x20000021   Data           1  main.o(.data)
    MCU_ID                                   0x20000029   Data           8  main.o(.data)
    mqtt_qos_flags                           0x20000042   Data           1  at.o(.data)
    mqtt_qos                                 0x20000043   Data           1  at.o(.data)
    ipv46                                    0x20000044   Data           1  at.o(.data)
    gps_flag                                 0x20000045   Data           1  at.o(.data)
    getsensorvalue_flag                      0x20000046   Data           1  at.o(.data)
    gnss_timer                               0x20000048   Data           2  at.o(.data)
    detect_flags                             0x20000050   Data           1  common.o(.data)
    mode2_flag                               0x20000051   Data           1  common.o(.data)
    fdr_qsw                                  0x20000052   Data           1  common.o(.data)
    debugss                                  0x20000054   Data           1  common.o(.data)
    tmp117_connect_status                    0x20000055   Data           1  common.o(.data)
    fire_version                             0x20000056   Data           2  common.o(.data)
    fire_pro                                 0x20000058   Data           2  common.o(.data)
    hum_store                                0x2000005a   Data           2  common.o(.data)
    tem_store                                0x2000005c   Data           2  common.o(.data)
    adc0_datalog                             0x2000005e   Data           2  common.o(.data)
    adc1_datalog                             0x20000060   Data           2  common.o(.data)
    adc4_datalog                             0x20000062   Data           2  common.o(.data)
    distance_datalog                         0x20000064   Data           2  common.o(.data)
    sys                                      0x20000068   Data          64  common.o(.data)
    sensor                                   0x200000a8   Data          96  common.o(.data)
    PAGEError                                0x20000108   Data           4  flash_eraseprogram.o(.data)
    data32                                   0x2000010c   Data           4  flash_eraseprogram.o(.data)
    gxht30_temp_record                       0x20000144   Data           4  sht31.o(.data)
    gxht30_hum_record                        0x20000148   Data           4  sht31.o(.data)
    hum_value                                0x2000014c   Data           4  sht31.o(.data)
    tem_value                                0x20000150   Data           4  sht31.o(.data)
    ds18b20_connect_status                   0x20000154   Data           1  ds18b20.o(.data)
    ds1820_value                             0x20000158   Data           4  ds18b20.o(.data)
    ds1820_value2                            0x2000015c   Data           4  ds18b20.o(.data)
    ds1820_value3                            0x20000160   Data           4  ds18b20.o(.data)
    HX711_Buffer                             0x20000164   Data           4  weight.o(.data)
    Weight_Maopi                             0x20000168   Data           4  weight.o(.data)
    Weight_Shiwu                             0x2000016c   Data           4  weight.o(.data)
    clock_cal_time_flag                      0x20000170   Data           1  nbinit.o(.data)
    reupload_time                            0x20000172   Data           1  nbinit.o(.data)
    succes_Status                            0x20000173   Data           1  nbinit.o(.data)
    udp_close_flag                           0x20000174   Data           1  nbinit.o(.data)
    gnss_time_num                            0x20000175   Data           1  nbinit.o(.data)
    no_singal_flag                           0x20000176   Data           1  nbinit.o(.data)
    DNS_RE_FLAG                              0x20000177   Data           1  nbinit.o(.data)
    first_sample                             0x20000178   Data           1  nbinit.o(.data)
    tcp_close_flag                           0x20000179   Data           1  nbinit.o(.data)
    try_num                                  0x2000017c   Data           1  nbinit.o(.data)
    nb_cmd_status                            0x2000017d   Data           1  nbinit.o(.data)
    cal_time_difference                      0x20000180   Data           4  nbinit.o(.data)
    ATSendStr                                0x20000184   Data           4  nbinit.o(.data)
    len_string                               0x20000188   Data           4  nbinit.o(.data)
    nb                                       0x2000018c   Data          56  nbinit.o(.data)
    at_downlink_flag                         0x200001c4   Data           1  nb_mqtt.o(.data)
    pro_data_num                             0x200001c6   Data           2  nb_udp.o(.data)
    uwTickFreq                               0x200001c8   Data           1  stm32l0xx_hal.o(.data)
    uwTickPrio                               0x200001cc   Data           4  stm32l0xx_hal.o(.data)
    uwTick                                   0x200001d0   Data           4  stm32l0xx_hal.o(.data)
    SystemCoreClock                          0x200001d4   Data           4  system_stm32l0xx.o(.data)
    __stdout                                 0x200001d8   Data           4  stdout.o(.data)
    rxDATA_u1                                0x2000030c   Data         100  main.o(.bss)
    MCU_pwd                                  0x20000370   Data          20  main.o(.bss)
    MCU_pwd_tem                              0x20000384   Data          20  main.o(.bss)
    TxTimer                                  0x20000398   Data          20  main.o(.bss)
    CheckBLETimesTimer                       0x200003ac   Data          20  main.o(.bss)
    PressButtonTimesLedTimer                 0x200003c0   Data          20  main.o(.bss)
    PressButtonTimeoutTimer                  0x200003d4   Data          20  main.o(.bss)
    nb_intTimeoutTimer                       0x200003e8   Data          20  main.o(.bss)
    timesampleTimer                          0x200003fc   Data          20  main.o(.bss)
    CalibrationtimeTimer                     0x20000410   Data          20  main.o(.bss)
    GNSSTimer                                0x20000424   Data          20  main.o(.bss)
    GNSS_tdc_Timer                           0x20000438   Data          20  main.o(.bss)
    hadc                                     0x2000044c   Data          92  adc.o(.bss)
    hi2c1                                    0x200004a8   Data          76  i2c.o(.bss)
    hiwdg                                    0x200004f4   Data          16  iwdg.o(.bss)
    hlpuart1                                 0x20000504   Data         132  usart.o(.bss)
    huart1                                   0x20000588   Data         132  usart.o(.bss)
    huart2                                   0x2000060c   Data         132  usart.o(.bss)
    hdma_lpuart1_tx                          0x20000690   Data          72  usart.o(.bss)
    RtcHandle                                0x200006d8   Data          36  hw_rtc.o(.bss)
    user                                     0x20001596   Data        2035  common.o(.bss)
    record_log                               0x20001f78   Data         512  nbinit.o(.bss)
    buff                                     0x20002378   Data        2000  nb_mqtt.o(.bss)
    downlink_data                            0x20002b48   Data        1000  nb_mqtt.o(.bss)
    pFlash                                   0x20002f30   Data          24  stm32l0xx_hal_flash.o(.bss)
    __initial_sp                             0x20003390   Data           0  startup_stm32l072xx.o(STACK)



==============================================================================

Memory Map of the image

  Image Entry point : 0x080078c1

  Load Region LR_IROM1 (Base: 0x08007800, Size: 0x00019e0c, Max: 0x00028800, ABSOLUTE, COMPRESSED[0x00019c5c])

    Execution Region ER_IROM1 (Exec base: 0x08007800, Load base: 0x08007800, Size: 0x00019c2c, Max: 0x00028800, ABSOLUTE)

    Exec Addr    Load Addr    Size         Type   Attr      Idx    E Section Name        Object

    0x08007800   0x08007800   0x000000c0   Data   RO            3    RESET               startup_stm32l072xx.o
    0x080078c0   0x080078c0   0x00000000   Code   RO         6885  * .ARM.Collect$$$$00000000  mc_p.l(entry.o)
    0x080078c0   0x080078c0   0x00000004   Code   RO         7256    .ARM.Collect$$$$00000001  mc_p.l(entry2.o)
    0x080078c4   0x080078c4   0x00000004   Code   RO         7259    .ARM.Collect$$$$00000004  mc_p.l(entry5.o)
    0x080078c8   0x080078c8   0x00000000   Code   RO         7261    .ARM.Collect$$$$00000008  mc_p.l(entry7b.o)
    0x080078c8   0x080078c8   0x00000000   Code   RO         7263    .ARM.Collect$$$$0000000A  mc_p.l(entry8b.o)
    0x080078c8   0x080078c8   0x00000008   Code   RO         7264    .ARM.Collect$$$$0000000B  mc_p.l(entry9a.o)
    0x080078d0   0x080078d0   0x00000004   Code   RO         7271    .ARM.Collect$$$$0000000E  mc_p.l(entry12b.o)
    0x080078d4   0x080078d4   0x00000000   Code   RO         7266    .ARM.Collect$$$$0000000F  mc_p.l(entry10a.o)
    0x080078d4   0x080078d4   0x00000000   Code   RO         7268    .ARM.Collect$$$$00000011  mc_p.l(entry11a.o)
    0x080078d4   0x080078d4   0x00000004   Code   RO         7257    .ARM.Collect$$$$00002712  mc_p.l(entry2.o)
    0x080078d8   0x080078d8   0x0000001c   Code   RO            4    .text               startup_stm32l072xx.o
    0x080078f4   0x080078f4   0x0000002c   Code   RO         6888    .text               mc_p.l(uidiv.o)
    0x08007920   0x08007920   0x00000028   Code   RO         6890    .text               mc_p.l(idiv.o)
    0x08007948   0x08007948   0x00000060   Code   RO         6892    .text               mc_p.l(uldiv.o)
    0x080079a8   0x080079a8   0x0000007a   Code   RO         6894    .text               mc_p.l(llmul.o)
    0x08007a22   0x08007a22   0x00000002   PAD
    0x08007a24   0x08007a24   0x00000008   Code   RO         6896    .text               mc_p.l(ctype_o.o)
    0x08007a2c   0x08007a2c   0x00000012   Code   RO         6918    .text               mc_p.l(isspace_o.o)
    0x08007a3e   0x08007a3e   0x0000000c   Code   RO         6924    .text               mc_p.l(toupper.o)
    0x08007a4a   0x08007a4a   0x00000002   PAD
    0x08007a4c   0x08007a4c   0x0000008c   Code   RO         6932    .text               mc_p.l(mktime.o)
    0x08007ad8   0x08007ad8   0x000003ac   Code   RO         6935    .text               mc_p.l(strftime.o)
    0x08007e84   0x08007e84   0x0000003c   Code   RO         6938    .text               mc_p.l(asctime_s.o)
    0x08007ec0   0x08007ec0   0x0000000c   Code   RO         6941    .text               mc_p.l(ctime.o)
    0x08007ecc   0x08007ecc   0x00000024   Code   RO         6943    .text               mc_p.l(memcpya.o)
    0x08007ef0   0x08007ef0   0x00000024   Code   RO         6945    .text               mc_p.l(memseta.o)
    0x08007f14   0x08007f14   0x00000018   Code   RO         6947    .text               mc_p.l(strcat.o)
    0x08007f2c   0x08007f2c   0x00000028   Code   RO         6949    .text               mc_p.l(strstr.o)
    0x08007f54   0x08007f54   0x0000001a   Code   RO         6951    .text               mc_p.l(strncpy.o)
    0x08007f6e   0x08007f6e   0x00000014   Code   RO         6953    .text               mc_p.l(strchr.o)
    0x08007f82   0x08007f82   0x0000000e   Code   RO         6955    .text               mc_p.l(strlen.o)
    0x08007f90   0x08007f90   0x0000001c   Code   RO         6957    .text               mc_p.l(strcmp.o)
    0x08007fac   0x08007fac   0x00000016   Code   RO         6959    .text               mc_p.l(strrchr.o)
    0x08007fc2   0x08007fc2   0x0000001a   Code   RO         7224    .text               mc_p.l(atoi.o)
    0x08007fdc   0x08007fdc   0x000000b2   Code   RO         7226    .text               mf_p.l(fadd.o)
    0x0800808e   0x0800808e   0x0000007a   Code   RO         7228    .text               mf_p.l(fmul.o)
    0x08008108   0x08008108   0x0000007c   Code   RO         7230    .text               mf_p.l(fdiv.o)
    0x08008184   0x08008184   0x00000168   Code   RO         7232    .text               mf_p.l(dadd.o)
    0x080082ec   0x080082ec   0x000000d0   Code   RO         7234    .text               mf_p.l(dmul.o)
    0x080083bc   0x080083bc   0x000000f0   Code   RO         7236    .text               mf_p.l(ddiv.o)
    0x080084ac   0x080084ac   0x0000002c   Code   RO         7238    .text               mf_p.l(dscalb.o)
    0x080084d8   0x080084d8   0x00000016   Code   RO         7240    .text               mf_p.l(fflti.o)
    0x080084ee   0x080084ee   0x00000002   PAD
    0x080084f0   0x080084f0   0x00000028   Code   RO         7242    .text               mf_p.l(dflti.o)
    0x08008518   0x08008518   0x0000001c   Code   RO         7244    .text               mf_p.l(dfltui.o)
    0x08008534   0x08008534   0x00000032   Code   RO         7246    .text               mf_p.l(ffixi.o)
    0x08008566   0x08008566   0x00000028   Code   RO         7248    .text               mf_p.l(ffixui.o)
    0x0800858e   0x0800858e   0x00000002   PAD
    0x08008590   0x08008590   0x00000048   Code   RO         7250    .text               mf_p.l(dfixi.o)
    0x080085d8   0x080085d8   0x00000028   Code   RO         7252    .text               mf_p.l(f2d.o)
    0x08008600   0x08008600   0x00000038   Code   RO         7254    .text               mf_p.l(d2f.o)
    0x08008638   0x08008638   0x00000020   Code   RO         7273    .text               mc_p.l(llshl.o)
    0x08008658   0x08008658   0x00000022   Code   RO         7275    .text               mc_p.l(llushr.o)
    0x0800867a   0x0800867a   0x00000026   Code   RO         7277    .text               mc_p.l(llsshr.o)
    0x080086a0   0x080086a0   0x00000010   Code   RO         7279    .text               mc_p.l(localtime_w.o)
    0x080086b0   0x080086b0   0x00000074   Code   RO         7282    .text               mc_p.l(localtime_i.o)
    0x08008724   0x08008724   0x000000a4   Code   RO         7296    .text               mc_p.l(strtod.o)
    0x080087c8   0x080087c8   0x00000070   Code   RO         7298    .text               mc_p.l(strtol.o)
    0x08008838   0x08008838   0x00000000   Code   RO         7300    .text               mc_p.l(iusefp.o)
    0x08008838   0x08008838   0x00000082   Code   RO         7301    .text               mf_p.l(fepilogue.o)
    0x080088ba   0x080088ba   0x000000be   Code   RO         7303    .text               mf_p.l(depilogue.o)
    0x08008978   0x08008978   0x00000040   Code   RO         7307    .text               mf_p.l(dfixul.o)
    0x080089b8   0x080089b8   0x00000028   Code   RO         7309    .text               mf_p.l(cdrcmple.o)
    0x080089e0   0x080089e0   0x00000024   Code   RO         7311    .text               mc_p.l(init.o)
    0x08008a04   0x08008a04   0x00000374   Code   RO         7315    .text               mc_p.l(scanf_fp.o)
    0x08008d78   0x08008d78   0x00000044   Code   RO         7319    .text               mc_p.l(_sgetc.o)
    0x08008dbc   0x08008dbc   0x000000a6   Code   RO         7321    .text               mc_p.l(_strtoul.o)
    0x08008e62   0x08008e62   0x0000001e   Code   RO         7326    .text               mc_p.l(_chval.o)
    0x08008e80   0x08008e80   0x0000001c   Code   RO         7328    .text               mf_p.l(dfltul.o)
    0x08008e9c   0x08008e9c   0x00000056   Code   RO         7338    .text               mc_p.l(__dczerorl2.o)
    0x08008ef2   0x08008ef2   0x00000002   PAD
    0x08008ef4   0x08008ef4   0x000000e4   Code   RO         1946    i.ADCModel          battery_read.o
    0x08008fd8   0x08008fd8   0x00000024   Code   RO         4034    i.ADC_DelayMicroSecond  stm32l0xx_hal_adc.o
    0x08008ffc   0x08008ffc   0x00000064   Code   RO         4036    i.ADC_Enable        stm32l0xx_hal_adc.o
    0x08009060   0x08009060   0x000000dc   Code   RO         1281    i.ATInsPro          at.o
    0x0800913c   0x0800913c   0x000002d4   Code   RO         1985    i.BSP_sensor_Init   common.o
    0x08009410   0x08009410   0x00000028   Code   RO         2249    i.CalendarDiv60     time_server.o
    0x08009438   0x08009438   0x00000010   Code   RO          640    i.DMA1_Channel2_3_IRQHandler  stm32l0xx_it.o
    0x08009448   0x08009448   0x0000002c   Code   RO         5527    i.DMA_SetConfig     stm32l0xx_hal_dma.o
    0x08009474   0x08009474   0x00000118   Code   RO         2425    i.DS18B20_GetTemp_SkipRom  ds18b20.o
    0x0800958c   0x0800958c   0x00000044   Code   RO         2426    i.DS18B20_Init      ds18b20.o
    0x080095d0   0x080095d0   0x00000074   Code   RO         2427    i.DS18B20_IoDeInit  ds18b20.o
    0x08009644   0x08009644   0x00000098   Code   RO         2428    i.DS18B20_Mode_IPU  ds18b20.o
    0x080096dc   0x080096dc   0x00000070   Code   RO         2429    i.DS18B20_Mode_Out_PP  ds18b20.o
    0x0800974c   0x0800974c   0x00000108   Code   RO         2430    i.DS18B20_Presence  ds18b20.o
    0x08009854   0x08009854   0x00000098   Code   RO         2432    i.DS18B20_ReadBit   ds18b20.o
    0x080098ec   0x080098ec   0x00000020   Code   RO         2433    i.DS18B20_ReadByte  ds18b20.o
    0x0800990c   0x0800990c   0x00000074   Code   RO         2434    i.DS18B20_Rst       ds18b20.o
    0x08009980   0x08009980   0x00000018   Code   RO         2435    i.DS18B20_SkipRom   ds18b20.o
    0x08009998   0x08009998   0x00000134   Code   RO         2437    i.DS18B20_WriteByte  ds18b20.o
    0x08009acc   0x08009acc   0x00000016   Code   RO         2438    i.DS18B20_delay     ds18b20.o
    0x08009ae2   0x08009ae2   0x00000002   PAD
    0x08009ae4   0x08009ae4   0x00000010   Code   RO         1986    i.DatalogClear      common.o
    0x08009af4   0x08009af4   0x0000005c   Code   RO         1987    i.DatalogPrint      common.o
    0x08009b50   0x08009b50   0x0000000a   Code   RO          641    i.EXTI0_1_IRQHandler  stm32l0xx_it.o
    0x08009b5a   0x08009b5a   0x00000020   Code   RO          642    i.EXTI4_15_IRQHandler  stm32l0xx_it.o
    0x08009b7a   0x08009b7a   0x00000002   PAD
    0x08009b7c   0x08009b7c   0x000000fc   Code   RO         1988    i.EX_GPIO_Init      common.o
    0x08009c78   0x08009c78   0x000000b4   Code   RO         1989    i.EX_GPIO_Init_pa0  common.o
    0x08009d2c   0x08009d2c   0x000000b8   Code   RO         1990    i.EX_GPIO_Init_pa4  common.o
    0x08009de4   0x08009de4   0x0000001c   Code   RO         1991    i.Entersleep_Write  common.o
    0x08009e00   0x08009e00   0x00000002   Code   RO           12    i.Error_Handler     main.o
    0x08009e02   0x08009e02   0x00000002   PAD
    0x08009e04   0x08009e04   0x0000002c   Code   RO         5357    i.FLASH_PageErase   stm32l0xx_hal_flash_ex.o
    0x08009e30   0x08009e30   0x00000090   Code   RO         5262    i.FLASH_SetErrorCode  stm32l0xx_hal_flash.o
    0x08009ec0   0x08009ec0   0x00000070   Code   RO         5263    i.FLASH_WaitForLastOperation  stm32l0xx_hal_flash.o
    0x08009f30   0x08009f30   0x00000058   Code   RO         2187    i.FLASH_erase       flash_eraseprogram.o
    0x08009f88   0x08009f88   0x00000074   Code   RO         2188    i.FLASH_program     flash_eraseprogram.o
    0x08009ffc   0x08009ffc   0x00000010   Code   RO         2189    i.FLASH_read        flash_eraseprogram.o
    0x0800a00c   0x0800a00c   0x0000000c   Code   RO           13    i.GNSSTimerEvent    main.o
    0x0800a018   0x0800a018   0x00000030   Code   RO           14    i.GNSS_Start        main.o
    0x0800a048   0x0800a048   0x00000044   Code   RO           15    i.GNSS_tdc_TimerEvent  main.o
    0x0800a08c   0x0800a08c   0x00000038   Code   RO           16    i.GPIO_BLE_STATUS_Ioinit  main.o
    0x0800a0c4   0x0800a0c4   0x0000003c   Code   RO         2590    i.GPIO_ULT_INPUT_DeInit  ultrasound.o
    0x0800a100   0x0800a100   0x0000003c   Code   RO         2591    i.GPIO_ULT_INPUT_Init  ultrasound.o
    0x0800a13c   0x0800a13c   0x0000003c   Code   RO         2592    i.GPIO_ULT_OUTPUT_DeInit  ultrasound.o
    0x0800a178   0x0800a178   0x00000040   Code   RO         2593    i.GPIO_ULT_OUTPUT_Init  ultrasound.o
    0x0800a1b8   0x0800a1b8   0x00000068   Code   RO         2250    i.GetTick           time_server.o
    0x0800a220   0x0800a220   0x00000018   Code   RO         2251    i.GetTime           time_server.o
    0x0800a238   0x0800a238   0x00000010   Code   RO         2525    i.Get_Maopi         weight.o
    0x0800a248   0x0800a248   0x00000048   Code   RO         2526    i.Get_Weight        weight.o
    0x0800a290   0x0800a290   0x000000aa   Code   RO         4213    i.HAL_ADCEx_Calibration_Start  stm32l0xx_hal_adc_ex.o
    0x0800a33a   0x0800a33a   0x00000002   PAD
    0x0800a33c   0x0800a33c   0x00000094   Code   RO         4038    i.HAL_ADC_ConfigChannel  stm32l0xx_hal_adc.o
    0x0800a3d0   0x0800a3d0   0x00000006   Code   RO         4045    i.HAL_ADC_GetValue  stm32l0xx_hal_adc.o
    0x0800a3d6   0x0800a3d6   0x00000002   PAD
    0x0800a3d8   0x0800a3d8   0x000001c8   Code   RO         4047    i.HAL_ADC_Init      stm32l0xx_hal_adc.o
    0x0800a5a0   0x0800a5a0   0x0000001c   Code   RO          436    i.HAL_ADC_MspInit   adc.o
    0x0800a5bc   0x0800a5bc   0x000000c0   Code   RO         4051    i.HAL_ADC_PollForConversion  stm32l0xx_hal_adc.o
    0x0800a67c   0x0800a67c   0x0000005c   Code   RO         4053    i.HAL_ADC_Start     stm32l0xx_hal_adc.o
    0x0800a6d8   0x0800a6d8   0x00000044   Code   RO         5528    i.HAL_DMA_Abort     stm32l0xx_hal_dma.o
    0x0800a71c   0x0800a71c   0x0000004c   Code   RO         5529    i.HAL_DMA_Abort_IT  stm32l0xx_hal_dma.o
    0x0800a768   0x0800a768   0x000000a8   Code   RO         5533    i.HAL_DMA_IRQHandler  stm32l0xx_hal_dma.o
    0x0800a810   0x0800a810   0x00000090   Code   RO         5534    i.HAL_DMA_Init      stm32l0xx_hal_dma.o
    0x0800a8a0   0x0800a8a0   0x00000068   Code   RO         5538    i.HAL_DMA_Start_IT  stm32l0xx_hal_dma.o
    0x0800a908   0x0800a908   0x00000024   Code   RO         4276    i.HAL_Delay         stm32l0xx_hal.o
    0x0800a92c   0x0800a92c   0x00000028   Code   RO         5362    i.HAL_FLASHEx_DATAEEPROM_Erase  stm32l0xx_hal_flash_ex.o
    0x0800a954   0x0800a954   0x00000014   Code   RO         5363    i.HAL_FLASHEx_DATAEEPROM_Lock  stm32l0xx_hal_flash_ex.o
    0x0800a968   0x0800a968   0x00000054   Code   RO         5364    i.HAL_FLASHEx_DATAEEPROM_Program  stm32l0xx_hal_flash_ex.o
    0x0800a9bc   0x0800a9bc   0x00000034   Code   RO         5365    i.HAL_FLASHEx_DATAEEPROM_Unlock  stm32l0xx_hal_flash_ex.o
    0x0800a9f0   0x0800a9f0   0x00000078   Code   RO         5366    i.HAL_FLASHEx_Erase  stm32l0xx_hal_flash_ex.o
    0x0800aa68   0x0800aa68   0x0000000c   Code   RO         5265    i.HAL_FLASH_GetError  stm32l0xx_hal_flash.o
    0x0800aa74   0x0800aa74   0x0000001c   Code   RO         5267    i.HAL_FLASH_Lock    stm32l0xx_hal_flash.o
    0x0800aa90   0x0800aa90   0x0000003c   Code   RO         5272    i.HAL_FLASH_Program  stm32l0xx_hal_flash.o
    0x0800aacc   0x0800aacc   0x0000005c   Code   RO         5274    i.HAL_FLASH_Unlock  stm32l0xx_hal_flash.o
    0x0800ab28   0x0800ab28   0x000001c8   Code   RO           17    i.HAL_GPIO_EXTI_Callback  main.o
    0x0800acf0   0x0800acf0   0x00000018   Code   RO         5467    i.HAL_GPIO_EXTI_IRQHandler  stm32l0xx_hal_gpio.o
    0x0800ad08   0x0800ad08   0x00000184   Code   RO         5468    i.HAL_GPIO_Init     stm32l0xx_hal_gpio.o
    0x0800ae8c   0x0800ae8c   0x0000000a   Code   RO         5470    i.HAL_GPIO_ReadPin  stm32l0xx_hal_gpio.o
    0x0800ae96   0x0800ae96   0x00000008   Code   RO         5471    i.HAL_GPIO_TogglePin  stm32l0xx_hal_gpio.o
    0x0800ae9e   0x0800ae9e   0x0000000c   Code   RO         5472    i.HAL_GPIO_WritePin  stm32l0xx_hal_gpio.o
    0x0800aeaa   0x0800aeaa   0x00000002   PAD
    0x0800aeac   0x0800aeac   0x0000000c   Code   RO         4280    i.HAL_GetTick       stm32l0xx_hal.o
    0x0800aeb8   0x0800aeb8   0x0000004a   Code   RO         4931    i.HAL_I2CEx_ConfigAnalogFilter  stm32l0xx_hal_i2c_ex.o
    0x0800af02   0x0800af02   0x00000048   Code   RO         4932    i.HAL_I2CEx_ConfigDigitalFilter  stm32l0xx_hal_i2c_ex.o
    0x0800af4a   0x0800af4a   0x00000002   PAD
    0x0800af4c   0x0800af4c   0x000000b4   Code   RO         4484    i.HAL_I2C_Init      stm32l0xx_hal_i2c.o
    0x0800b000   0x0800b000   0x00000110   Code   RO         4490    i.HAL_I2C_Master_Receive  stm32l0xx_hal_i2c.o
    0x0800b110   0x0800b110   0x00000110   Code   RO         4497    i.HAL_I2C_Master_Transmit  stm32l0xx_hal_i2c.o
    0x0800b220   0x0800b220   0x00000154   Code   RO         4502    i.HAL_I2C_Mem_Read  stm32l0xx_hal_i2c.o
    0x0800b374   0x0800b374   0x0000014c   Code   RO         4505    i.HAL_I2C_Mem_Write  stm32l0xx_hal_i2c.o
    0x0800b4c0   0x0800b4c0   0x00000002   Code   RO         4508    i.HAL_I2C_MspDeInit  stm32l0xx_hal_i2c.o
    0x0800b4c2   0x0800b4c2   0x00000002   PAD
    0x0800b4c4   0x0800b4c4   0x0000005c   Code   RO          493    i.HAL_I2C_MspInit   i2c.o
    0x0800b520   0x0800b520   0x00000064   Code   RO         5970    i.HAL_IWDG_Init     stm32l0xx_hal_iwdg.o
    0x0800b584   0x0800b584   0x00000010   Code   RO         5971    i.HAL_IWDG_Refresh  stm32l0xx_hal_iwdg.o
    0x0800b594   0x0800b594   0x00000010   Code   RO         4286    i.HAL_IncTick       stm32l0xx_hal.o
    0x0800b5a4   0x0800b5a4   0x00000028   Code   RO         4287    i.HAL_Init          stm32l0xx_hal.o
    0x0800b5cc   0x0800b5cc   0x00000044   Code   RO         4288    i.HAL_InitTick      stm32l0xx_hal.o
    0x0800b610   0x0800b610   0x00000018   Code   RO          730    i.HAL_MspInit       stm32l0xx_hal_msp.o
    0x0800b628   0x0800b628   0x00000018   Code   RO         5795    i.HAL_NVIC_EnableIRQ  stm32l0xx_hal_cortex.o
    0x0800b640   0x0800b640   0x00000008   Code   RO         5799    i.HAL_NVIC_SetPriority  stm32l0xx_hal_cortex.o
    0x0800b648   0x0800b648   0x00000010   Code   RO         5737    i.HAL_PWREx_EnableFastWakeUp  stm32l0xx_hal_pwr_ex.o
    0x0800b658   0x0800b658   0x00000010   Code   RO         5739    i.HAL_PWREx_EnableUltraLowPower  stm32l0xx_hal_pwr_ex.o
    0x0800b668   0x0800b668   0x00000010   Code   RO         5625    i.HAL_PWR_EnableBkUpAccess  stm32l0xx_hal_pwr.o
    0x0800b678   0x0800b678   0x00000064   Code   RO         5632    i.HAL_PWR_EnterSTOPMode  stm32l0xx_hal_pwr.o
    0x0800b6dc   0x0800b6dc   0x0000018c   Code   RO         5091    i.HAL_RCCEx_PeriphCLKConfig  stm32l0xx_hal_rcc_ex.o
    0x0800b868   0x0800b868   0x0000019c   Code   RO         4982    i.HAL_RCC_ClockConfig  stm32l0xx_hal_rcc.o
    0x0800ba04   0x0800ba04   0x00000020   Code   RO         4988    i.HAL_RCC_GetPCLK1Freq  stm32l0xx_hal_rcc.o
    0x0800ba24   0x0800ba24   0x00000020   Code   RO         4989    i.HAL_RCC_GetPCLK2Freq  stm32l0xx_hal_rcc.o
    0x0800ba44   0x0800ba44   0x00000078   Code   RO         4990    i.HAL_RCC_GetSysClockFreq  stm32l0xx_hal_rcc.o
    0x0800babc   0x0800babc   0x0000049e   Code   RO         4993    i.HAL_RCC_OscConfig  stm32l0xx_hal_rcc.o
    0x0800bf5a   0x0800bf5a   0x00000002   PAD
    0x0800bf5c   0x0800bf5c   0x00000114   Code   RO           18    i.HAL_RTCEx_AlarmBEventCallback  main.o
    0x0800c070   0x0800c070   0x0000000c   Code   RO         6598    i.HAL_RTCEx_BKUPRead  stm32l0xx_hal_rtc_ex.o
    0x0800c07c   0x0800c07c   0x0000000c   Code   RO         6599    i.HAL_RTCEx_BKUPWrite  stm32l0xx_hal_rtc_ex.o
    0x0800c088   0x0800c088   0x0000003c   Code   RO         6606    i.HAL_RTCEx_EnableBypassShadow  stm32l0xx_hal_rtc_ex.o
    0x0800c0c4   0x0800c0c4   0x00000008   Code   RO           19    i.HAL_RTC_AlarmAEventCallback  main.o
    0x0800c0cc   0x0800c0cc   0x00000060   Code   RO         6465    i.HAL_RTC_AlarmIRQHandler  stm32l0xx_hal_rtc.o
    0x0800c12c   0x0800c12c   0x000000b8   Code   RO         6467    i.HAL_RTC_DeactivateAlarm  stm32l0xx_hal_rtc.o
    0x0800c1e4   0x0800c1e4   0x00000044   Code   RO         6469    i.HAL_RTC_GetDate   stm32l0xx_hal_rtc.o
    0x0800c228   0x0800c228   0x0000005c   Code   RO         6471    i.HAL_RTC_GetTime   stm32l0xx_hal_rtc.o
    0x0800c284   0x0800c284   0x000000bc   Code   RO         6472    i.HAL_RTC_Init      stm32l0xx_hal_rtc.o
    0x0800c340   0x0800c340   0x0000005c   Code   RO          732    i.HAL_RTC_MspInit   stm32l0xx_hal_msp.o
    0x0800c39c   0x0800c39c   0x00000190   Code   RO         6477    i.HAL_RTC_SetAlarm_IT  stm32l0xx_hal_rtc.o
    0x0800c52c   0x0800c52c   0x000000c4   Code   RO         6478    i.HAL_RTC_SetDate   stm32l0xx_hal_rtc.o
    0x0800c5f0   0x0800c5f0   0x000000e8   Code   RO         6479    i.HAL_RTC_SetTime   stm32l0xx_hal_rtc.o
    0x0800c6d8   0x0800c6d8   0x00000034   Code   RO         6480    i.HAL_RTC_WaitForSynchro  stm32l0xx_hal_rtc.o
    0x0800c70c   0x0800c70c   0x00000010   Code   RO         4291    i.HAL_ResumeTick    stm32l0xx_hal.o
    0x0800c71c   0x0800c71c   0x00000030   Code   RO         5803    i.HAL_SYSTICK_Config  stm32l0xx_hal_cortex.o
    0x0800c74c   0x0800c74c   0x00000010   Code   RO         4297    i.HAL_SuspendTick   stm32l0xx_hal.o
    0x0800c75c   0x0800c75c   0x00000022   Code   RO         6389    i.HAL_UARTEx_EnableStopMode  stm32l0xx_hal_uart_ex.o
    0x0800c77e   0x0800c77e   0x00000002   Code   RO         6005    i.HAL_UARTEx_RxEventCallback  stm32l0xx_hal_uart.o
    0x0800c780   0x0800c780   0x00000098   Code   RO         6393    i.HAL_UARTEx_StopModeWakeUpSourceConfig  stm32l0xx_hal_uart_ex.o
    0x0800c818   0x0800c818   0x00000002   Code   RO         6394    i.HAL_UARTEx_WakeupCallback  stm32l0xx_hal_uart_ex.o
    0x0800c81a   0x0800c81a   0x00000002   Code   RO           20    i.HAL_UART_ErrorCallback  main.o
    0x0800c81c   0x0800c81c   0x00000220   Code   RO         6024    i.HAL_UART_IRQHandler  stm32l0xx_hal_uart.o
    0x0800ca3c   0x0800ca3c   0x0000006a   Code   RO         6025    i.HAL_UART_Init     stm32l0xx_hal_uart.o
    0x0800caa6   0x0800caa6   0x00000002   PAD
    0x0800caa8   0x0800caa8   0x00000130   Code   RO          552    i.HAL_UART_MspInit  usart.o
    0x0800cbd8   0x0800cbd8   0x00000060   Code   RO         6030    i.HAL_UART_Receive_IT  stm32l0xx_hal_uart.o
    0x0800cc38   0x0800cc38   0x000000a8   Code   RO           21    i.HAL_UART_RxCpltCallback  main.o
    0x0800cce0   0x0800cce0   0x000000d2   Code   RO         6034    i.HAL_UART_Transmit  stm32l0xx_hal_uart.o
    0x0800cdb2   0x0800cdb2   0x00000002   PAD
    0x0800cdb4   0x0800cdb4   0x000000b0   Code   RO         6035    i.HAL_UART_Transmit_DMA  stm32l0xx_hal_uart.o
    0x0800ce64   0x0800ce64   0x00000002   Code   RO         6037    i.HAL_UART_TxCpltCallback  stm32l0xx_hal_uart.o
    0x0800ce66   0x0800ce66   0x00000002   Code   RO         6038    i.HAL_UART_TxHalfCpltCallback  stm32l0xx_hal_uart.o
    0x0800ce68   0x0800ce68   0x00000084   Code   RO         1947    i.HW_AdcReadChannel  battery_read.o
    0x0800ceec   0x0800ceec   0x00000054   Code   RO         2527    i.HW_GPIO_Init      weight.o
    0x0800cf40   0x0800cf40   0x00000070   Code   RO           22    i.HW_GetUniqueId    main.o
    0x0800cfb0   0x0800cfb0   0x00000020   Code   RO          834    i.HW_RTC_BKUPRead   hw_rtc.o
    0x0800cfd0   0x0800cfd0   0x00000020   Code   RO          835    i.HW_RTC_BKUPWrite  hw_rtc.o
    0x0800cff0   0x0800cff0   0x00000024   Code   RO          837    i.HW_RTC_GetCalendarTime  hw_rtc.o
    0x0800d014   0x0800d014   0x000000ac   Code   RO          838    i.HW_RTC_GetCalendarValue  hw_rtc.o
    0x0800d0c0   0x0800d0c0   0x00000004   Code   RO          839    i.HW_RTC_GetMinimumTimeout  hw_rtc.o
    0x0800d0c4   0x0800d0c4   0x0000000c   Code   RO          840    i.HW_RTC_GetTimerContext  hw_rtc.o
    0x0800d0d0   0x0800d0d0   0x0000001c   Code   RO          841    i.HW_RTC_GetTimerElapsedTime  hw_rtc.o
    0x0800d0ec   0x0800d0ec   0x00000010   Code   RO          842    i.HW_RTC_GetTimerValue  hw_rtc.o
    0x0800d0fc   0x0800d0fc   0x0000002c   Code   RO          843    i.HW_RTC_Init       hw_rtc.o
    0x0800d128   0x0800d128   0x0000003c   Code   RO          844    i.HW_RTC_IrqHandler  hw_rtc.o
    0x0800d164   0x0800d164   0x0000003c   Code   RO          845    i.HW_RTC_SetAlarm   hw_rtc.o
    0x0800d1a0   0x0800d1a0   0x000000bc   Code   RO          846    i.HW_RTC_SetConfig  hw_rtc.o
    0x0800d25c   0x0800d25c   0x00000018   Code   RO          847    i.HW_RTC_SetTimerContext  hw_rtc.o
    0x0800d274   0x0800d274   0x00000118   Code   RO          848    i.HW_RTC_StartWakeUpAlarm  hw_rtc.o
    0x0800d38c   0x0800d38c   0x00000020   Code   RO          849    i.HW_RTC_StopAlarm  hw_rtc.o
    0x0800d3ac   0x0800d3ac   0x00000010   Code   RO          850    i.HW_RTC_Tick2ms    hw_rtc.o
    0x0800d3bc   0x0800d3bc   0x00000010   Code   RO          852    i.HW_RTC_ms2Tick    hw_rtc.o
    0x0800d3cc   0x0800d3cc   0x00000084   Code   RO         2528    i.HX711_Read        weight.o
    0x0800d450   0x0800d450   0x00000002   Code   RO          643    i.HardFault_Handler  stm32l0xx_it.o
    0x0800d452   0x0800d452   0x00000022   Code   RO         4531    i.I2C_Flush_TXDR    stm32l0xx_hal_i2c.o
    0x0800d474   0x0800d474   0x00000070   Code   RO         4539    i.I2C_IsAcknowledgeFailed  stm32l0xx_hal_i2c.o
    0x0800d4e4   0x0800d4e4   0x00000060   Code   RO         4542    i.I2C_RequestMemoryRead  stm32l0xx_hal_i2c.o
    0x0800d544   0x0800d544   0x00000060   Code   RO         4543    i.I2C_RequestMemoryWrite  stm32l0xx_hal_i2c.o
    0x0800d5a4   0x0800d5a4   0x00000028   Code   RO         4546    i.I2C_TransferConfig  stm32l0xx_hal_i2c.o
    0x0800d5cc   0x0800d5cc   0x0000004e   Code   RO         4548    i.I2C_WaitOnFlagUntilTimeout  stm32l0xx_hal_i2c.o
    0x0800d61a   0x0800d61a   0x00000002   PAD
    0x0800d61c   0x0800d61c   0x00000080   Code   RO         4549    i.I2C_WaitOnRXNEFlagUntilTimeout  stm32l0xx_hal_i2c.o
    0x0800d69c   0x0800d69c   0x0000004c   Code   RO         4550    i.I2C_WaitOnSTOPFlagUntilTimeout  stm32l0xx_hal_i2c.o
    0x0800d6e8   0x0800d6e8   0x00000050   Code   RO         4551    i.I2C_WaitOnTXISFlagUntilTimeout  stm32l0xx_hal_i2c.o
    0x0800d738   0x0800d738   0x00000010   Code   RO         2223    i.LPM_DisableStopMode  lowpower.o
    0x0800d748   0x0800d748   0x00000048   Code   RO         2224    i.LPM_EnterStopMode  lowpower.o
    0x0800d790   0x0800d790   0x00000028   Code   RO         1162    i.LPM_GetMode       low_power_manager.o
    0x0800d7b8   0x0800d7b8   0x00000028   Code   RO         1164    i.LPM_SetStopMode   low_power_manager.o
    0x0800d7e0   0x0800d7e0   0x00000138   Code   RO         2757    i.LidarLite         lidar.o
    0x0800d918   0x0800d918   0x00000028   Code   RO           23    i.LoraStartCheckBLE  main.o
    0x0800d940   0x0800d940   0x00000074   Code   RO          437    i.MX_ADC_Init       adc.o
    0x0800d9b4   0x0800d9b4   0x00000028   Code   RO          473    i.MX_DMA_Init       dma.o
    0x0800d9dc   0x0800d9dc   0x0000016c   Code   RO          412    i.MX_GPIO_Init      gpio.o
    0x0800db48   0x0800db48   0x00000058   Code   RO          494    i.MX_I2C1_Init      i2c.o
    0x0800dba0   0x0800dba0   0x0000002c   Code   RO          525    i.MX_IWDG_Init      iwdg.o
    0x0800dbcc   0x0800dbcc   0x00000044   Code   RO          553    i.MX_LPUART1_UART_Init  usart.o
    0x0800dc10   0x0800dc10   0x00000038   Code   RO          554    i.MX_USART1_UART_Init  usart.o
    0x0800dc48   0x0800dc48   0x00000038   Code   RO          555    i.MX_USART2_UART_Init  usart.o
    0x0800dc80   0x0800dc80   0x000000f8   Code   RO         2252    i.My_AlarmInit      time_server.o
    0x0800dd78   0x0800dd78   0x00000014   Code   RO          556    i.My_UARTEx_StopModeWakeUp  usart.o
    0x0800dd8c   0x0800dd8c   0x00002990   Code   RO         2979    i.NBTASK            nbinit.o
    0x0801071c   0x0801071c   0x00000002   Code   RO          644    i.NMI_Handler       stm32l0xx_it.o
    0x0801071e   0x0801071e   0x00000002   PAD
    0x08010720   0x08010720   0x0000003c   Code   RO           24    i.OnCheckBLETimesEvent  main.o
    0x0801075c   0x0801075c   0x0000001c   Code   RO           25    i.OnPressButtonTimeoutEvent  main.o
    0x08010778   0x08010778   0x00000038   Code   RO           26    i.OnPressButtonTimesLedEvent  main.o
    0x080107b0   0x080107b0   0x0000002c   Code   RO           27    i.OnTxTimerEvent    main.o
    0x080107dc   0x080107dc   0x000000dc   Code   RO           28    i.OntimesampleEvent  main.o
    0x080108b8   0x080108b8   0x00000002   Code   RO          645    i.PendSV_Handler    stm32l0xx_it.o
    0x080108ba   0x080108ba   0x00000002   PAD
    0x080108bc   0x080108bc   0x00000010   Code   RO          646    i.RNG_LPUART1_IRQHandler  stm32l0xx_it.o
    0x080108cc   0x080108cc   0x00000010   Code   RO         6481    i.RTC_Bcd2ToByte    stm32l0xx_hal_rtc.o
    0x080108dc   0x080108dc   0x00000018   Code   RO         6482    i.RTC_ByteToBcd2    stm32l0xx_hal_rtc.o
    0x080108f4   0x080108f4   0x00000038   Code   RO         6483    i.RTC_EnterInitMode  stm32l0xx_hal_rtc.o
    0x0801092c   0x0801092c   0x00000014   Code   RO          647    i.RTC_IRQHandler    stm32l0xx_it.o
    0x08010940   0x08010940   0x00000002   Code   RO          648    i.SVC_Handler       stm32l0xx_it.o
    0x08010942   0x08010942   0x0000004a   Code   RO         1993    i.StrToHex          common.o
    0x0801098c   0x0801098c   0x00000008   Code   RO          649    i.SysTick_Handler   stm32l0xx_it.o
    0x08010994   0x08010994   0x00000040   Code   RO          854    i.SysTimeAdd        hw_rtc.o
    0x080109d4   0x080109d4   0x00000036   Code   RO          855    i.SysTimeGet        hw_rtc.o
    0x08010a0a   0x08010a0a   0x00000002   PAD
    0x08010a0c   0x08010a0c   0x000000c0   Code   RO         2253    i.SysTimeLocalTime  time_server.o
    0x08010acc   0x08010acc   0x0000003c   Code   RO          856    i.SysTimeSet        hw_rtc.o
    0x08010b08   0x08010b08   0x00000040   Code   RO          857    i.SysTimeSub        hw_rtc.o
    0x08010b48   0x08010b48   0x0000009c   Code   RO           29    i.SystemClock_Config  main.o
    0x08010be4   0x08010be4   0x00000058   Code   RO         6850    i.SystemInit        system_stm32l0xx.o
    0x08010c3c   0x08010c3c   0x00000040   Code   RO         2850    i.TMP117_I2C_Ack    ne117.o
    0x08010c7c   0x08010c7c   0x0000000e   Code   RO         2851    i.TMP117_I2C_Delay  ne117.o
    0x08010c8a   0x08010c8a   0x00000002   PAD
    0x08010c8c   0x08010c8c   0x00000040   Code   RO         2852    i.TMP117_I2C_GPIO_MODE_Config  ne117.o
    0x08010ccc   0x08010ccc   0x00000040   Code   RO         2853    i.TMP117_I2C_NAck   ne117.o
    0x08010d0c   0x08010d0c   0x00000060   Code   RO         2854    i.TMP117_I2C_ReadByte  ne117.o
    0x08010d6c   0x08010d6c   0x00000064   Code   RO         2856    i.TMP117_I2C_Read_Len  ne117.o
    0x08010dd0   0x08010dd0   0x00000038   Code   RO         2857    i.TMP117_I2C_SDA_IN  ne117.o
    0x08010e08   0x08010e08   0x0000003c   Code   RO         2858    i.TMP117_I2C_SDA_OUT  ne117.o
    0x08010e44   0x08010e44   0x00000060   Code   RO         2859    i.TMP117_I2C_SendByte  ne117.o
    0x08010ea4   0x08010ea4   0x00000044   Code   RO         2860    i.TMP117_I2C_Start  ne117.o
    0x08010ee8   0x08010ee8   0x00000040   Code   RO         2861    i.TMP117_I2C_Stop   ne117.o
    0x08010f28   0x08010f28   0x0000005c   Code   RO         2862    i.TMP117_I2C_WaitAck  ne117.o
    0x08010f84   0x08010f84   0x00000052   Code   RO         2864    i.TMP117_I2C_Write_Len  ne117.o
    0x08010fd6   0x08010fd6   0x0000000c   Code   RO         2254    i.TimerGetCurrentTime  time_server.o
    0x08010fe2   0x08010fe2   0x00000018   Code   RO         2255    i.TimerGetElapsedTime  time_server.o
    0x08010ffa   0x08010ffa   0x0000000e   Code   RO         2256    i.TimerInit         time_server.o
    0x08011008   0x08011008   0x0000001c   Code   RO         2257    i.TimerInsertNewHeadTimer  time_server.o
    0x08011024   0x08011024   0x00000078   Code   RO         2258    i.TimerIrqHandler   time_server.o
    0x0801109c   0x0801109c   0x0000002c   Code   RO         2260    i.TimerSetTimeout   time_server.o
    0x080110c8   0x080110c8   0x00000022   Code   RO         2261    i.TimerSetValue     time_server.o
    0x080110ea   0x080110ea   0x00000002   PAD
    0x080110ec   0x080110ec   0x00000070   Code   RO         2262    i.TimerStart        time_server.o
    0x0801115c   0x0801115c   0x00000060   Code   RO         2263    i.TimerStop         time_server.o
    0x080111bc   0x080111bc   0x000000ca   Code   RO         6039    i.UART_AdvFeatureConfig  stm32l0xx_hal_uart.o
    0x08011286   0x08011286   0x00000002   PAD
    0x08011288   0x08011288   0x00000064   Code   RO         6040    i.UART_CheckIdleState  stm32l0xx_hal_uart.o
    0x080112ec   0x080112ec   0x00000014   Code   RO         6041    i.UART_DMAAbortOnError  stm32l0xx_hal_uart.o
    0x08011300   0x08011300   0x0000004c   Code   RO         6042    i.UART_DMAError     stm32l0xx_hal_uart.o
    0x0801134c   0x0801134c   0x00000030   Code   RO         6047    i.UART_DMATransmitCplt  stm32l0xx_hal_uart.o
    0x0801137c   0x0801137c   0x0000000a   Code   RO         6049    i.UART_DMATxHalfCplt  stm32l0xx_hal_uart.o
    0x08011386   0x08011386   0x00000032   Code   RO         6051    i.UART_EndRxTransfer  stm32l0xx_hal_uart.o
    0x080113b8   0x080113b8   0x00000010   Code   RO         6052    i.UART_EndTxTransfer  stm32l0xx_hal_uart.o
    0x080113c8   0x080113c8   0x00000076   Code   RO         6053    i.UART_RxISR_16BIT  stm32l0xx_hal_uart.o
    0x0801143e   0x0801143e   0x00000076   Code   RO         6054    i.UART_RxISR_8BIT   stm32l0xx_hal_uart.o
    0x080114b4   0x080114b4   0x00000214   Code   RO         6055    i.UART_SetConfig    stm32l0xx_hal_uart.o
    0x080116c8   0x080116c8   0x00000098   Code   RO         6057    i.UART_Start_Receive_IT  stm32l0xx_hal_uart.o
    0x08011760   0x08011760   0x0000009e   Code   RO         6060    i.UART_WaitOnFlagUntilTimeout  stm32l0xx_hal_uart.o
    0x080117fe   0x080117fe   0x00000002   PAD
    0x08011800   0x08011800   0x00000058   Code   RO         2635    i.ULT_Check_Sum     ult.o
    0x08011858   0x08011858   0x0000004c   Code   RO         2636    i.ULT_Connection_Test  ult.o
    0x080118a4   0x080118a4   0x00000048   Code   RO         2638    i.ULT_Data_processing  ult.o
    0x080118ec   0x080118ec   0x0000001c   Code   RO         2641    i.ULT_Rest          ult.o
    0x08011908   0x08011908   0x0000012c   Code   RO         2594    i.ULT_distance      ultrasound.o
    0x08011a34   0x08011a34   0x0000000c   Code   RO         2642    i.ULT_getData       ult.o
    0x08011a40   0x08011a40   0x00000010   Code   RO          650    i.USART1_IRQHandler  stm32l0xx_it.o
    0x08011a50   0x08011a50   0x00000010   Code   RO          651    i.USART2_IRQHandler  stm32l0xx_it.o
    0x08011a60   0x08011a60   0x00000250   Code   RO           30    i.USERTASK          main.o
    0x08011cb0   0x08011cb0   0x00000020   Code   RO         2529    i.WEIGHT_DOUT_DeInit  weight.o
    0x08011cd0   0x08011cd0   0x0000003c   Code   RO         2530    i.WEIGHT_DOUT_Init  weight.o
    0x08011d0c   0x08011d0c   0x00000020   Code   RO         2531    i.WEIGHT_SCK_DeInit  weight.o
    0x08011d2c   0x08011d2c   0x00000050   Code   RO         2532    i.WEIGHT_SCK_Init   weight.o
    0x08011d7c   0x08011d7c   0x00000020   Code   RO         7196    i.__0printf         mc_p.l(printfa.o)
    0x08011d9c   0x08011d9c   0x00000028   Code   RO         7198    i.__0sprintf        mc_p.l(printfa.o)
    0x08011dc4   0x08011dc4   0x0000002e   Code   RO         7305    i.__ARM_clz         mf_p.l(depilogue.o)
    0x08011df2   0x08011df2   0x00000030   Code   RO          980    i.__ARM_common_ll_muluu  hw_rtc.o
    0x08011e22   0x08011e22   0x0000001a   Code   RO         2833    i.__ARM_common_switch8  tiny_sscanf.o
    0x08011e3c   0x08011e3c   0x00000044   Code   RO         5805    i.__NVIC_SetPriority  stm32l0xx_hal_cortex.o
    0x08011e80   0x08011e80   0x0000001c   Code   RO           31    i.__NVIC_SystemReset  main.o
    0x08011e9c   0x08011e9c   0x0000001c   Code   RO         1282    i.__NVIC_SystemReset  at.o
    0x08011eb8   0x08011eb8   0x0000001c   Code   RO         1994    i.__NVIC_SystemReset  common.o
    0x08011ed4   0x08011ed4   0x00000008   Code   RO         7289    i.__aeabi_errno_addr  mc_p.l(errno.o)
    0x08011edc   0x08011edc   0x0000000c   Code   RO         7290    i.__read_errno      mc_p.l(errno.o)
    0x08011ee8   0x08011ee8   0x0000000e   Code   RO         7332    i.__scatterload_copy  mc_p.l(handlers.o)
    0x08011ef6   0x08011ef6   0x00000002   Code   RO         7333    i.__scatterload_null  mc_p.l(handlers.o)
    0x08011ef8   0x08011ef8   0x0000000e   Code   RO         7334    i.__scatterload_zeroinit  mc_p.l(handlers.o)
    0x08011f06   0x08011f06   0x00000002   PAD
    0x08011f08   0x08011f08   0x0000000c   Code   RO         7291    i.__set_errno       mc_p.l(errno.o)
    0x08011f14   0x08011f14   0x00000174   Code   RO         7203    i._fp_digits        mc_p.l(printfa.o)
    0x08012088   0x08012088   0x0000000e   Code   RO         7317    i._is_digit         mc_p.l(scanf_fp.o)
    0x08012096   0x08012096   0x00000002   PAD
    0x08012098   0x08012098   0x000006f0   Code   RO         7204    i._printf_core      mc_p.l(printfa.o)
    0x08012788   0x08012788   0x00000020   Code   RO         7205    i._printf_post_padding  mc_p.l(printfa.o)
    0x080127a8   0x080127a8   0x0000002c   Code   RO         7206    i._printf_pre_padding  mc_p.l(printfa.o)
    0x080127d4   0x080127d4   0x0000000a   Code   RO         7208    i._sputc            mc_p.l(printfa.o)
    0x080127de   0x080127de   0x00000002   PAD
    0x080127e0   0x080127e0   0x00000038   Code   RO         1283    i.at_5vt_get        at.o
    0x08012818   0x08012818   0x0000001c   Code   RO         1284    i.at_5vt_set        at.o
    0x08012834   0x08012834   0x00000034   Code   RO         1285    i.at_apn_get        at.o
    0x08012868   0x08012868   0x00000048   Code   RO         1286    i.at_apn_set        at.o
    0x080128b0   0x080128b0   0x0000000a   Code   RO         1287    i.at_cdp_run        at.o
    0x080128ba   0x080128ba   0x0000001a   Code   RO         1288    i.at_cdp_set        at.o
    0x080128d4   0x080128d4   0x00000030   Code   RO         1289    i.at_cfg_run        at.o
    0x08012904   0x08012904   0x00000038   Code   RO         1290    i.at_client_get     at.o
    0x0801293c   0x0801293c   0x00000048   Code   RO         1291    i.at_client_set     at.o
    0x08012984   0x08012984   0x00000054   Code   RO         1292    i.at_clocklog_get   at.o
    0x080129d8   0x080129d8   0x000000c0   Code   RO         1293    i.at_clocklog_set   at.o
    0x08012a98   0x08012a98   0x0000003c   Code   RO         1294    i.at_csqtime_get    at.o
    0x08012ad4   0x08012ad4   0x00000024   Code   RO         1295    i.at_csqtime_set    at.o
    0x08012af8   0x08012af8   0x00000038   Code   RO         1296    i.at_deui_get       at.o
    0x08012b30   0x08012b30   0x00000048   Code   RO         1297    i.at_deui_set       at.o
    0x08012b78   0x08012b78   0x00000038   Code   RO         1298    i.at_dnscfg_get     at.o
    0x08012bb0   0x08012bb0   0x00000048   Code   RO         1299    i.at_dnscfg_set     at.o
    0x08012bf8   0x08012bf8   0x00000074   Code   RO         1300    i.at_dnstimer_get   at.o
    0x08012c6c   0x08012c6c   0x000000f8   Code   RO         1301    i.at_dnstimer_set   at.o
    0x08012d64   0x08012d64   0x0000003c   Code   RO         1302    i.at_down1t_get     at.o
    0x08012da0   0x08012da0   0x00000048   Code   RO         1303    i.at_down1t_set     at.o
    0x08012de8   0x08012de8   0x00000048   Code   RO         1304    i.at_ext_get        at.o
    0x08012e30   0x08012e30   0x00000078   Code   RO         1305    i.at_ext_set        at.o
    0x08012ea8   0x08012ea8   0x00000144   Code   RO         1306    i.at_fdr1_run       at.o
    0x08012fec   0x08012fec   0x000000a8   Code   RO         1307    i.at_fdr_run        at.o
    0x08013094   0x08013094   0x0000003c   Code   RO         1308    i.at_gdns_get       at.o
    0x080130d0   0x080130d0   0x00000024   Code   RO         1309    i.at_gdns_set       at.o
    0x080130f4   0x080130f4   0x0000000a   Code   RO         1310    i.at_getlog_run     at.o
    0x080130fe   0x080130fe   0x00000002   PAD
    0x08013100   0x08013100   0x00000024   Code   RO         1311    i.at_getlog_set     at.o
    0x08013124   0x08013124   0x00000030   Code   RO         1312    i.at_getsensorvalue_set  at.o
    0x08013154   0x08013154   0x00000034   Code   RO         1313    i.at_gnsst_get      at.o
    0x08013188   0x08013188   0x00000030   Code   RO         1314    i.at_gnsst_set      at.o
    0x080131b8   0x080131b8   0x00000030   Code   RO         1315    i.at_gps_get        at.o
    0x080131e8   0x080131e8   0x00000024   Code   RO         1316    i.at_gps_set        at.o
    0x0801320c   0x0801320c   0x0000003c   Code   RO         1317    i.at_gtdc_get       at.o
    0x08013248   0x08013248   0x0000002c   Code   RO         1318    i.at_gtdc_set       at.o
    0x08013274   0x08013274   0x0000004c   Code   RO         1319    i.at_inmod_get      at.o
    0x080132c0   0x080132c0   0x00000080   Code   RO         1320    i.at_inmod_set      at.o
    0x08013340   0x08013340   0x0000003c   Code   RO         1321    i.at_iotmod_get     at.o
    0x0801337c   0x0801337c   0x00000024   Code   RO         1322    i.at_iotmod_set     at.o
    0x080133a0   0x080133a0   0x00000034   Code   RO         1323    i.at_iptype_get     at.o
    0x080133d4   0x080133d4   0x00000028   Code   RO         1324    i.at_iptype_set     at.o
    0x080133fc   0x080133fc   0x00000050   Code   RO         1325    i.at_ldata_get      at.o
    0x0801344c   0x0801344c   0x0000003c   Code   RO         1326    i.at_mod_get        at.o
    0x08013488   0x08013488   0x00000188   Code   RO         1327    i.at_mod_set        at.o
    0x08013610   0x08013610   0x00000044   Code   RO         1328    i.at_model_get      at.o
    0x08013654   0x08013654   0x00000034   Code   RO         1329    i.at_mqos_get       at.o
    0x08013688   0x08013688   0x00000028   Code   RO         1330    i.at_mqos_set       at.o
    0x080136b0   0x080136b0   0x0000003c   Code   RO         1331    i.at_pro_get        at.o
    0x080136ec   0x080136ec   0x00000090   Code   RO         1332    i.at_pro_set        at.o
    0x0801377c   0x0801377c   0x0000003c   Code   RO         1333    i.at_pubtopic_get   at.o
    0x080137b8   0x080137b8   0x00000048   Code   RO         1334    i.at_pubtopic_set   at.o
    0x08013800   0x08013800   0x00000034   Code   RO         1335    i.at_pwd_get        at.o
    0x08013834   0x08013834   0x00000048   Code   RO         1336    i.at_pwd_set        at.o
    0x0801387c   0x0801387c   0x0000003c   Code   RO         1337    i.at_pword_get      at.o
    0x080138b8   0x080138b8   0x000000b0   Code   RO         1338    i.at_pword_set      at.o
    0x08013968   0x08013968   0x00000038   Code   RO         1339    i.at_qband_get      at.o
    0x080139a0   0x080139a0   0x00000054   Code   RO         1340    i.at_qband_set      at.o
    0x080139f4   0x080139f4   0x00000084   Code   RO         1341    i.at_qsw_run        at.o
    0x08013a78   0x08013a78   0x0000003c   Code   RO         1342    i.at_que            at.o
    0x08013ab4   0x08013ab4   0x00000010   Code   RO         1343    i.at_reset_run      at.o
    0x08013ac4   0x08013ac4   0x00000004   Code   RO         1344    i.at_return_error   at.o
    0x08013ac8   0x08013ac8   0x0000003c   Code   RO         1345    i.at_rxdl_get       at.o
    0x08013b04   0x08013b04   0x0000001c   Code   RO         1346    i.at_rxdl_set       at.o
    0x08013b20   0x08013b20   0x00000078   Code   RO         1347    i.at_servaddr_get   at.o
    0x08013b98   0x08013b98   0x000000b0   Code   RO         1348    i.at_servaddr_set   at.o
    0x08013c48   0x08013c48   0x0000003c   Code   RO         1349    i.at_sleep_get      at.o
    0x08013c84   0x08013c84   0x00000040   Code   RO         1350    i.at_sleep_set      at.o
    0x08013cc4   0x08013cc4   0x0000003c   Code   RO         1351    i.at_subtopic_get   at.o
    0x08013d00   0x08013d00   0x00000048   Code   RO         1352    i.at_subtopic_set   at.o
    0x08013d48   0x08013d48   0x00000038   Code   RO         1353    i.at_tdc_get        at.o
    0x08013d80   0x08013d80   0x0000002c   Code   RO         1354    i.at_tdc_set        at.o
    0x08013dac   0x08013dac   0x0000003c   Code   RO         1355    i.at_tlsmod_get     at.o
    0x08013de8   0x08013de8   0x00000050   Code   RO         1356    i.at_tlsmod_set     at.o
    0x08013e38   0x08013e38   0x00000038   Code   RO         1357    i.at_uname_get      at.o
    0x08013e70   0x08013e70   0x00000048   Code   RO         1358    i.at_uname_set      at.o
    0x08013eb8   0x08013eb8   0x00000038   Code   RO         1359    i.at_uri1_get       at.o
    0x08013ef0   0x08013ef0   0x00000048   Code   RO         1360    i.at_uri1_set       at.o
    0x08013f38   0x08013f38   0x00000038   Code   RO         1361    i.at_uri2_get       at.o
    0x08013f70   0x08013f70   0x00000048   Code   RO         1362    i.at_uri2_set       at.o
    0x08013fb8   0x08013fb8   0x00000038   Code   RO         1363    i.at_uri3_get       at.o
    0x08013ff0   0x08013ff0   0x00000048   Code   RO         1364    i.at_uri3_set       at.o
    0x08014038   0x08014038   0x00000038   Code   RO         1365    i.at_uri4_get       at.o
    0x08014070   0x08014070   0x00000048   Code   RO         1366    i.at_uri4_set       at.o
    0x080140b8   0x080140b8   0x00000038   Code   RO         1367    i.at_uri5_get       at.o
    0x080140f0   0x080140f0   0x00000048   Code   RO         1368    i.at_uri5_set       at.o
    0x08014138   0x08014138   0x00000038   Code   RO         1369    i.at_uri6_get       at.o
    0x08014170   0x08014170   0x00000048   Code   RO         1370    i.at_uri6_set       at.o
    0x080141b8   0x080141b8   0x00000038   Code   RO         1371    i.at_uri7_get       at.o
    0x080141f0   0x080141f0   0x00000048   Code   RO         1372    i.at_uri7_set       at.o
    0x08014238   0x08014238   0x00000038   Code   RO         1373    i.at_uri8_get       at.o
    0x08014270   0x08014270   0x00000048   Code   RO         1374    i.at_uri8_set       at.o
    0x080142b8   0x080142b8   0x0000002a   Code   RO         6882    i.atof              m_ps.l(atof.o)
    0x080142e2   0x080142e2   0x00000002   PAD
    0x080142e4   0x080142e4   0x00000068   Code   RO         1995    i.bg95module_off    common.o
    0x0801434c   0x0801434c   0x00000074   Code   RO         1996    i.bg95module_on     common.o
    0x080143c0   0x080143c0   0x0000004c   Code   RO           32    i.compare_time      main.o
    0x0801440c   0x0801440c   0x000009c4   Code   RO         1379    i.config_Get        at.o
    0x08014dd0   0x08014dd0   0x00000824   Code   RO         1380    i.config_Set        at.o
    0x080155f4   0x080155f4   0x0000001a   Code   RO         1997    i.countchar         common.o
    0x0801560e   0x0801560e   0x00000002   PAD
    0x08015610   0x08015610   0x00000020   Code   RO          557    i.fputc             usart.o
    0x08015630   0x08015630   0x00000028   Code   RO         1948    i.getVoltage        battery_read.o
    0x08015658   0x08015658   0x0000020c   Code   RO         1998    i.get_sensorvalue   common.o
    0x08015864   0x08015864   0x000000fc   Code   RO         2867    i.get_tmp117_temp   ne117.o
    0x08015960   0x08015960   0x0000002e   Code   RO         1381    i.hexDetection      at.o
    0x0801598e   0x0801598e   0x00000002   PAD
    0x08015990   0x08015990   0x00000084   Code   RO         2000    i.is_ipv4_addr      common.o
    0x08015a14   0x08015a14   0x0000008c   Code   RO         2001    i.is_ipv6_addr      common.o
    0x08015aa0   0x08015aa0   0x00000030   Code   RO         2002    i.led_on            common.o
    0x08015ad0   0x08015ad0   0x00000368   Code   RO           33    i.main              main.o
    0x08015e38   0x08015e38   0x00000798   Code   RO         2784    i.mode_data         nb_payload.o
    0x080165d0   0x080165d0   0x0000002c   Code   RO         3298    i.nb_CACERT_run     nb_mqtt.o
    0x080165fc   0x080165fc   0x00000060   Code   RO         3299    i.nb_CACERT_set     nb_mqtt.o
    0x0801665c   0x0801665c   0x0000002c   Code   RO         3300    i.nb_CLICERT_run    nb_mqtt.o
    0x08016688   0x08016688   0x00000064   Code   RO         3301    i.nb_CLICERT_set    nb_mqtt.o
    0x080166ec   0x080166ec   0x0000002c   Code   RO         3302    i.nb_CLIKEY_run     nb_mqtt.o
    0x08016718   0x08016718   0x00000064   Code   RO         3303    i.nb_CLIKEY_set     nb_mqtt.o
    0x0801677c   0x0801677c   0x0000000c   Code   RO         3755    i.nb_COAP_close_get  nb_coap.o
    0x08016788   0x08016788   0x00000040   Code   RO         3756    i.nb_COAP_close_run  nb_coap.o
    0x080167c8   0x080167c8   0x00000034   Code   RO         3757    i.nb_COAP_close_set  nb_coap.o
    0x080167fc   0x080167fc   0x0000000c   Code   RO         3758    i.nb_COAP_config_get  nb_coap.o
    0x08016808   0x08016808   0x00000040   Code   RO         3759    i.nb_COAP_config_run  nb_coap.o
    0x08016848   0x08016848   0x0000003c   Code   RO         3760    i.nb_COAP_config_set  nb_coap.o
    0x08016884   0x08016884   0x0000000c   Code   RO         3761    i.nb_COAP_header_get  nb_coap.o
    0x08016890   0x08016890   0x00000040   Code   RO         3762    i.nb_COAP_header_run  nb_coap.o
    0x080168d0   0x080168d0   0x0000003c   Code   RO         3763    i.nb_COAP_header_set  nb_coap.o
    0x0801690c   0x0801690c   0x0000000c   Code   RO         3764    i.nb_COAP_open_get  nb_coap.o
    0x08016918   0x08016918   0x00000040   Code   RO         3765    i.nb_COAP_open_run  nb_coap.o
    0x08016958   0x08016958   0x000000bc   Code   RO         3766    i.nb_COAP_open_set  nb_coap.o
    0x08016a14   0x08016a14   0x0000000c   Code   RO         3767    i.nb_COAP_option1_get  nb_coap.o
    0x08016a20   0x08016a20   0x0000002c   Code   RO         3768    i.nb_COAP_option1_run  nb_coap.o
    0x08016a4c   0x08016a4c   0x00000068   Code   RO         3769    i.nb_COAP_option1_set  nb_coap.o
    0x08016ab4   0x08016ab4   0x0000000c   Code   RO         3770    i.nb_COAP_option2_get  nb_coap.o
    0x08016ac0   0x08016ac0   0x0000002c   Code   RO         3771    i.nb_COAP_option2_run  nb_coap.o
    0x08016aec   0x08016aec   0x00000068   Code   RO         3772    i.nb_COAP_option2_set  nb_coap.o
    0x08016b54   0x08016b54   0x0000000c   Code   RO         3773    i.nb_COAP_option3_get  nb_coap.o
    0x08016b60   0x08016b60   0x0000002c   Code   RO         3774    i.nb_COAP_option3_run  nb_coap.o
    0x08016b8c   0x08016b8c   0x00000068   Code   RO         3775    i.nb_COAP_option3_set  nb_coap.o
    0x08016bf4   0x08016bf4   0x0000000c   Code   RO         3776    i.nb_COAP_option4_get  nb_coap.o
    0x08016c00   0x08016c00   0x0000002c   Code   RO         3777    i.nb_COAP_option4_run  nb_coap.o
    0x08016c2c   0x08016c2c   0x00000068   Code   RO         3778    i.nb_COAP_option4_set  nb_coap.o
    0x08016c94   0x08016c94   0x0000000c   Code   RO         3779    i.nb_COAP_option5_get  nb_coap.o
    0x08016ca0   0x08016ca0   0x0000002c   Code   RO         3780    i.nb_COAP_option5_run  nb_coap.o
    0x08016ccc   0x08016ccc   0x00000068   Code   RO         3781    i.nb_COAP_option5_set  nb_coap.o
    0x08016d34   0x08016d34   0x0000000c   Code   RO         3782    i.nb_COAP_option6_get  nb_coap.o
    0x08016d40   0x08016d40   0x0000002c   Code   RO         3783    i.nb_COAP_option6_run  nb_coap.o
    0x08016d6c   0x08016d6c   0x00000068   Code   RO         3784    i.nb_COAP_option6_set  nb_coap.o
    0x08016dd4   0x08016dd4   0x0000000c   Code   RO         3785    i.nb_COAP_option7_get  nb_coap.o
    0x08016de0   0x08016de0   0x0000002c   Code   RO         3786    i.nb_COAP_option7_run  nb_coap.o
    0x08016e0c   0x08016e0c   0x00000068   Code   RO         3787    i.nb_COAP_option7_set  nb_coap.o
    0x08016e74   0x08016e74   0x0000000c   Code   RO         3788    i.nb_COAP_option8_get  nb_coap.o
    0x08016e80   0x08016e80   0x0000002c   Code   RO         3789    i.nb_COAP_option8_run  nb_coap.o
    0x08016eac   0x08016eac   0x00000068   Code   RO         3790    i.nb_COAP_option8_set  nb_coap.o
    0x08016f14   0x08016f14   0x000000e8   Code   RO         3791    i.nb_COAP_read_get  nb_coap.o
    0x08016ffc   0x08016ffc   0x00000020   Code   RO         3792    i.nb_COAP_read_run  nb_coap.o
    0x0801701c   0x0801701c   0x00000030   Code   RO         3793    i.nb_COAP_send_config_run  nb_coap.o
    0x0801704c   0x0801704c   0x00000060   Code   RO         3794    i.nb_COAP_send_config_set  nb_coap.o
    0x080170ac   0x080170ac   0x00000030   Code   RO         3795    i.nb_COAP_send_run  nb_coap.o
    0x080170dc   0x080170dc   0x00000058   Code   RO         3796    i.nb_COAP_send_set  nb_coap.o
    0x08017134   0x08017134   0x00000058   Code   RO         3797    i.nb_COAP_uri_run   nb_coap.o
    0x0801718c   0x0801718c   0x00000060   Code   RO         3304    i.nb_MQTT_close_run  nb_mqtt.o
    0x080171ec   0x080171ec   0x0000000c   Code   RO         3305    i.nb_MQTT_close_set  nb_mqtt.o
    0x080171f8   0x080171f8   0x00000068   Code   RO         3306    i.nb_MQTT_config_set  nb_mqtt.o
    0x08017260   0x08017260   0x0000002c   Code   RO         3307    i.nb_MQTT_conn_run  nb_mqtt.o
    0x0801728c   0x0801728c   0x000000b0   Code   RO         3308    i.nb_MQTT_conn_set  nb_mqtt.o
    0x0801733c   0x0801733c   0x0000000c   Code   RO         3309    i.nb_MQTT_data_read_run  nb_mqtt.o
    0x08017348   0x08017348   0x000000d8   Code   RO         3310    i.nb_MQTT_data_read_set  nb_mqtt.o
    0x08017420   0x08017420   0x00000060   Code   RO         3311    i.nb_MQTT_disc_run  nb_mqtt.o
    0x08017480   0x08017480   0x0000000c   Code   RO         3312    i.nb_MQTT_disc_set  nb_mqtt.o
    0x0801748c   0x0801748c   0x0000002c   Code   RO         3313    i.nb_MQTT_open_run  nb_mqtt.o
    0x080174b8   0x080174b8   0x000000c4   Code   RO         3314    i.nb_MQTT_open_set  nb_mqtt.o
    0x0801757c   0x0801757c   0x00000030   Code   RO         3315    i.nb_MQTT_pub1_run  nb_mqtt.o
    0x080175ac   0x080175ac   0x000000e4   Code   RO         3316    i.nb_MQTT_pub1_set  nb_mqtt.o
    0x08017690   0x08017690   0x00000030   Code   RO         3317    i.nb_MQTT_pub2_run  nb_mqtt.o
    0x080176c0   0x080176c0   0x000000ac   Code   RO         3318    i.nb_MQTT_pub2_set  nb_mqtt.o
    0x0801776c   0x0801776c   0x00000030   Code   RO         3319    i.nb_MQTT_pub3_run  nb_mqtt.o
    0x0801779c   0x0801779c   0x000000b0   Code   RO         3320    i.nb_MQTT_pub3_set  nb_mqtt.o
    0x0801784c   0x0801784c   0x00000030   Code   RO         3321    i.nb_MQTT_pub5_run  nb_mqtt.o
    0x0801787c   0x0801787c   0x000000ac   Code   RO         3322    i.nb_MQTT_pub5_set  nb_mqtt.o
    0x08017928   0x08017928   0x0000005c   Code   RO         3323    i.nb_MQTT_pub_run   nb_mqtt.o
    0x08017984   0x08017984   0x000000ac   Code   RO         3324    i.nb_MQTT_pub_set   nb_mqtt.o
    0x08017a30   0x08017a30   0x00000030   Code   RO         3325    i.nb_MQTT_send_run  nb_mqtt.o
    0x08017a60   0x08017a60   0x0000007c   Code   RO         3326    i.nb_MQTT_send_set  nb_mqtt.o
    0x08017adc   0x08017adc   0x00000030   Code   RO         3327    i.nb_MQTT_sub_run   nb_mqtt.o
    0x08017b0c   0x08017b0c   0x00000110   Code   RO         3328    i.nb_MQTT_sub_set   nb_mqtt.o
    0x08017c1c   0x08017c1c   0x0000016c   Code   RO         3329    i.nb_MQTT_uri_run   nb_mqtt.o
    0x08017d88   0x08017d88   0x0000002c   Code   RO         3330    i.nb_QMTCFGSSL_run  nb_mqtt.o
    0x08017db4   0x08017db4   0x00000050   Code   RO         3331    i.nb_QMTCFGSSL_set  nb_mqtt.o
    0x08017e04   0x08017e04   0x0000002c   Code   RO         3332    i.nb_QSSLCFG_run    nb_mqtt.o
    0x08017e30   0x08017e30   0x00000074   Code   RO         3333    i.nb_QSSLCFG_set    nb_mqtt.o
    0x08017ea4   0x08017ea4   0x00000060   Code   RO         3647    i.nb_TCP_close_run  nb_tcp.o
    0x08017f04   0x08017f04   0x0000000c   Code   RO         3648    i.nb_TCP_close_set  nb_tcp.o
    0x08017f10   0x08017f10   0x00000030   Code   RO         3649    i.nb_TCP_data_run   nb_tcp.o
    0x08017f40   0x08017f40   0x0000002c   Code   RO         3650    i.nb_TCP_data_set   nb_tcp.o
    0x08017f6c   0x08017f6c   0x0000002c   Code   RO         3651    i.nb_TCP_open_run   nb_tcp.o
    0x08017f98   0x08017f98   0x000000cc   Code   RO         3652    i.nb_TCP_open_set   nb_tcp.o
    0x08018064   0x08018064   0x0000002c   Code   RO         3653    i.nb_TCP_qird_run   nb_tcp.o
    0x08018090   0x08018090   0x00000054   Code   RO         3654    i.nb_TCP_qird_set   nb_tcp.o
    0x080180e4   0x080180e4   0x00000154   Code   RO         3655    i.nb_TCP_read_get   nb_tcp.o
    0x08018238   0x08018238   0x00000020   Code   RO         3656    i.nb_TCP_read_run   nb_tcp.o
    0x08018258   0x08018258   0x00000040   Code   RO         3657    i.nb_TCP_send_run   nb_tcp.o
    0x08018298   0x08018298   0x0000007c   Code   RO         3658    i.nb_TCP_send_set   nb_tcp.o
    0x08018314   0x08018314   0x0000002c   Code   RO         3659    i.nb_TCP_sendex_run  nb_tcp.o
    0x08018340   0x08018340   0x0000007c   Code   RO         3660    i.nb_TCP_sendex_set  nb_tcp.o
    0x080183bc   0x080183bc   0x00000068   Code   RO         3661    i.nb_TCP_uri_run    nb_tcp.o
    0x08018424   0x08018424   0x00000060   Code   RO         3536    i.nb_UDP_close_run  nb_udp.o
    0x08018484   0x08018484   0x0000000c   Code   RO         3537    i.nb_UDP_close_set  nb_udp.o
    0x08018490   0x08018490   0x00000030   Code   RO         3538    i.nb_UDP_data_run   nb_udp.o
    0x080184c0   0x080184c0   0x0000002c   Code   RO         3539    i.nb_UDP_data_set   nb_udp.o
    0x080184ec   0x080184ec   0x0000002c   Code   RO         3540    i.nb_UDP_open_run   nb_udp.o
    0x08018518   0x08018518   0x00000150   Code   RO         3541    i.nb_UDP_open_set   nb_udp.o
    0x08018668   0x08018668   0x0000002c   Code   RO         3542    i.nb_UDP_qird_run   nb_udp.o
    0x08018694   0x08018694   0x00000070   Code   RO         3543    i.nb_UDP_qird_set   nb_udp.o
    0x08018704   0x08018704   0x00000154   Code   RO         3544    i.nb_UDP_read_get   nb_udp.o
    0x08018858   0x08018858   0x00000020   Code   RO         3545    i.nb_UDP_read_run   nb_udp.o
    0x08018878   0x08018878   0x0000002c   Code   RO         3546    i.nb_UDP_send_run   nb_udp.o
    0x080188a4   0x080188a4   0x000000e4   Code   RO         3547    i.nb_UDP_send_set   nb_udp.o
    0x08018988   0x08018988   0x0000002c   Code   RO         3548    i.nb_UDP_sendex_run  nb_udp.o
    0x080189b4   0x080189b4   0x00000080   Code   RO         3549    i.nb_UDP_sendex_set  nb_udp.o
    0x08018a34   0x08018a34   0x00000068   Code   RO         3550    i.nb_UDP_uri_run    nb_udp.o
    0x08018a9c   0x08018a9c   0x00000038   Code   RO         2980    i.nb_at_run         nbinit.o
    0x08018ad4   0x08018ad4   0x00000094   Code   RO         2981    i.nb_at_send        nbinit.o
    0x08018b68   0x08018b68   0x00000038   Code   RO         2982    i.nb_ate_run        nbinit.o
    0x08018ba0   0x08018ba0   0x000000dc   Code   RO         2983    i.nb_cclk2_get      nbinit.o
    0x08018c7c   0x08018c7c   0x00000058   Code   RO         2984    i.nb_cclk2_run      nbinit.o
    0x08018cd4   0x08018cd4   0x000000bc   Code   RO         2985    i.nb_cclk_get       nbinit.o
    0x08018d90   0x08018d90   0x00000058   Code   RO         2986    i.nb_cclk_run       nbinit.o
    0x08018de8   0x08018de8   0x0000000c   Code   RO         2987    i.nb_cgdcont_get    nbinit.o
    0x08018df4   0x08018df4   0x00000030   Code   RO         2988    i.nb_cgdcont_run    nbinit.o
    0x08018e24   0x08018e24   0x00000050   Code   RO         2989    i.nb_cgdcont_set    nbinit.o
    0x08018e74   0x08018e74   0x00000068   Code   RO         2990    i.nb_cgmm_get       nbinit.o
    0x08018edc   0x08018edc   0x0000004c   Code   RO         2991    i.nb_cgmm_run       nbinit.o
    0x08018f28   0x08018f28   0x00000078   Code   RO         2992    i.nb_cgsn_get       nbinit.o
    0x08018fa0   0x08018fa0   0x00000078   Code   RO         2993    i.nb_cimi_get       nbinit.o
    0x08019018   0x08019018   0x00000098   Code   RO         2994    i.nb_csq_get        nbinit.o
    0x080190b0   0x080190b0   0x0000001c   Code   RO           34    i.nb_intTimeoutEvent  main.o
    0x080190cc   0x080190cc   0x0000000c   Code   RO         2995    i.nb_iotm_get       nbinit.o
    0x080190d8   0x080190d8   0x00000030   Code   RO         2996    i.nb_iotm_run       nbinit.o
    0x08019108   0x08019108   0x00000050   Code   RO         2997    i.nb_iotm_set       nbinit.o
    0x08019158   0x08019158   0x00000004   Code   RO         2998    i.nb_null_run       nbinit.o
    0x0801915c   0x0801915c   0x0000000c   Code   RO         2999    i.nb_qband_get      nbinit.o
    0x08019168   0x08019168   0x00000030   Code   RO         3000    i.nb_qband_run      nbinit.o
    0x08019198   0x08019198   0x0000004c   Code   RO         3001    i.nb_qband_set      nbinit.o
    0x080191e4   0x080191e4   0x00000140   Code   RO         3002    i.nb_qdns_get       nbinit.o
    0x08019324   0x08019324   0x00000038   Code   RO         3003    i.nb_qdns_run       nbinit.o
    0x0801935c   0x0801935c   0x00000084   Code   RO         3004    i.nb_qdns_set       nbinit.o
    0x080193e0   0x080193e0   0x00000044   Code   RO         3005    i.nb_qdnscfg_run    nbinit.o
    0x08019424   0x08019424   0x00000054   Code   RO         3006    i.nb_qdnscfg_set    nbinit.o
    0x08019478   0x08019478   0x00000044   Code   RO         3007    i.nb_qgps_run       nbinit.o
    0x080194bc   0x080194bc   0x00000038   Code   RO         3008    i.nb_qgps_set       nbinit.o
    0x080194f4   0x080194f4   0x00000118   Code   RO         3009    i.nb_qgpsloc_get    nbinit.o
    0x0801960c   0x0801960c   0x00000058   Code   RO         3010    i.nb_qgpsloc_run    nbinit.o
    0x08019664   0x08019664   0x00000030   Code   RO         3011    i.nb_qgpssend_run   nbinit.o
    0x08019694   0x08019694   0x0000003c   Code   RO         3012    i.nb_qgpssend_set   nbinit.o
    0x080196d0   0x080196d0   0x0000000c   Code   RO         3013    i.nb_qiact_get      nbinit.o
    0x080196dc   0x080196dc   0x00000030   Code   RO         3014    i.nb_qiact_run      nbinit.o
    0x0801970c   0x0801970c   0x0000003c   Code   RO         3015    i.nb_qiact_set      nbinit.o
    0x08019748   0x08019748   0x0000000c   Code   RO         3016    i.nb_qicfg_get      nbinit.o
    0x08019754   0x08019754   0x00000030   Code   RO         3017    i.nb_qicfg_run      nbinit.o
    0x08019784   0x08019784   0x0000007c   Code   RO         3018    i.nb_qicfg_set      nbinit.o
    0x08019800   0x08019800   0x0000000c   Code   RO         3019    i.nb_qicsgp_get     nbinit.o
    0x0801980c   0x0801980c   0x00000030   Code   RO         3020    i.nb_qicsgp_run     nbinit.o
    0x0801983c   0x0801983c   0x00000098   Code   RO         3021    i.nb_qicsgp_set     nbinit.o
    0x080198d4   0x080198d4   0x0000000c   Code   RO         3022    i.nb_qideact_get    nbinit.o
    0x080198e0   0x080198e0   0x00000030   Code   RO         3023    i.nb_qideact_run    nbinit.o
    0x08019910   0x08019910   0x0000003c   Code   RO         3024    i.nb_qideact_set    nbinit.o
    0x0801994c   0x0801994c   0x00000088   Code   RO         3025    i.nb_qnwinfo_get    nbinit.o
    0x080199d4   0x080199d4   0x00000054   Code   RO         3026    i.nb_qnwinfo_run    nbinit.o
    0x08019a28   0x08019a28   0x00000048   Code   RO         2003    i.new_firmware_update  common.o
    0x08019a70   0x08019a70   0x00000024   Code   RO           35    i.onCalibrationtimeEvent  main.o
    0x08019a94   0x08019a94   0x000006a8   Code   RO         2785    i.pro_data          nb_payload.o
    0x0801a13c   0x0801a13c   0x00000620   Code   RO         2786    i.pro_data_thingspeak  nb_payload.o
    0x0801a75c   0x0801a75c   0x00000080   Code   RO         2004    i.product_information_print  common.o
    0x0801a7dc   0x0801a7dc   0x00000168   Code   RO         2005    i.reboot_information_print  common.o
    0x0801a944   0x0801a944   0x00000094   Code   RO           36    i.rename_ble        main.o
    0x0801a9d8   0x0801a9d8   0x00000026   Code   RO         1382    i.rtrim             at.o
    0x0801a9fe   0x0801a9fe   0x00000002   PAD
    0x0801aa00   0x0801aa00   0x00000940   Code   RO         2006    i.rxPayLoadDeal     common.o
    0x0801b340   0x0801b340   0x00000218   Code   RO         2358    i.sht20Data         sht20.o
    0x0801b558   0x0801b558   0x00000048   Code   RO         2359    i.sht2x_Detect      sht20.o
    0x0801b5a0   0x0801b5a0   0x000002a4   Code   RO         2385    i.sht31Data         sht31.o
    0x0801b844   0x0801b844   0x0000002c   Code   RO         2386    i.sht31Init         sht31.o
    0x0801b870   0x0801b870   0x0000002c   Code   RO         2387    i.sht31LowPower     sht31.o
    0x0801b89c   0x0801b89c   0x00000048   Code   RO         2388    i.sht3x_Detect      sht31.o
    0x0801b8e4   0x0801b8e4   0x00000090   Code   RO         2007    i.shtDataClear      common.o
    0x0801b974   0x0801b974   0x00000044   Code   RO         2008    i.shtDataINIT       common.o
    0x0801b9b8   0x0801b9b8   0x00000530   Code   RO         2009    i.shtDataPrint      common.o
    0x0801bee8   0x0801bee8   0x00000208   Code   RO         2010    i.shtDataWrite      common.o
    0x0801c0f0   0x0801c0f0   0x0000001e   Code   RO         1383    i.space_fun         at.o
    0x0801c10e   0x0801c10e   0x00000002   PAD
    0x0801c110   0x0801c110   0x0000008c   Code   RO         3027    i.stored_datalog    nbinit.o
    0x0801c19c   0x0801c19c   0x00000038   Code   RO         2011    i.string_touint     common.o
    0x0801c1d4   0x0801c1d4   0x00000014   Code   RO         2819    i.tiny_sscanf       tiny_sscanf.o
    0x0801c1e8   0x0801c1e8   0x00000254   Code   RO         2820    i.tiny_vfscanf      tiny_sscanf.o
    0x0801c43c   0x0801c43c   0x00000094   Code   RO         2868    i.tmp117_connect    ne117.o
    0x0801c4d0   0x0801c4d0   0x00000ff0   Code   RO         2012    i.txPayLoadDeal     common.o
    0x0801d4c0   0x0801d4c0   0x00000110   Code   RO         2013    i.txPayLoadDeal2    common.o
    0x0801d5d0   0x0801d5d0   0x00000044   Code   RO          558    i.uart1_Init        usart.o
    0x0801d614   0x0801d614   0x0000003c   Code   RO          559    i.uart1_IoDeInit    usart.o
    0x0801d650   0x0801d650   0x00000258   Code   RO           37    i.user_key_event    main.o
    0x0801d8a8   0x0801d8a8   0x0000006c   Code   RO         2758    i.waitbusy          lidar.o
    0x0801d914   0x0801d914   0x00000018   Data   RO           39    .constdata          main.o
    0x0801d92c   0x0801d92c   0x00000018   Data   RO          859    .constdata          hw_rtc.o
    0x0801d944   0x0801d944   0x00000498   Data   RO         1385    .constdata          at.o
    0x0801dddc   0x0801dddc   0x000007e0   Data   RO         3030    .constdata          nbinit.o
    0x0801e5bc   0x0801e5bc   0x000007e0   Data   RO         3335    .constdata          nb_mqtt.o
    0x0801ed9c   0x0801ed9c   0x000007e0   Data   RO         3551    .constdata          nb_udp.o
    0x0801f57c   0x0801f57c   0x000007e0   Data   RO         3662    .constdata          nb_tcp.o
    0x0801fd5c   0x0801fd5c   0x000007e0   Data   RO         3798    .constdata          nb_coap.o
    0x0802053c   0x0802053c   0x00000019   Data   RO         6851    .constdata          system_stm32l0xx.o
    0x08020555   0x08020555   0x00000008   Data   RO         6852    .constdata          system_stm32l0xx.o
    0x0802055d   0x0802055d   0x00000081   Data   RO         6897    .constdata          mc_p.l(ctype_o.o)
    0x080205de   0x080205de   0x00000002   PAD
    0x080205e0   0x080205e0   0x00000004   Data   RO         6898    .constdata          mc_p.l(ctype_o.o)
    0x080205e4   0x080205e4   0x0000000c   Data   RO         6933    .constdata          mc_p.l(mktime.o)
    0x080205f0   0x080205f0   0x00000056   Data   RO         6936    .constdata          mc_p.l(strftime.o)
    0x08020646   0x08020646   0x0000000c   Data   RO         7283    .constdata          mc_p.l(localtime_i.o)
    0x08020652   0x08020652   0x00000002   PAD
    0x08020654   0x08020654   0x00000067   Data   RO           41    .conststring        main.o
    0x080206bb   0x080206bb   0x00000001   PAD
    0x080206bc   0x080206bc   0x00000b57   Data   RO         1386    .conststring        at.o
    0x08021213   0x08021213   0x00000001   PAD
    0x08021214   0x08021214   0x000000b9   Data   RO         2017    .conststring        common.o
    0x080212cd   0x080212cd   0x00000003   PAD
    0x080212d0   0x080212d0   0x0000008b   Data   RO         2787    .conststring        nb_payload.o
    0x0802135b   0x0802135b   0x00000001   PAD
    0x0802135c   0x0802135c   0x000000ae   Data   RO         3031    .conststring        nbinit.o
    0x0802140a   0x0802140a   0x00000002   PAD
    0x0802140c   0x0802140c   0x00000020   Data   RO         7330    Region$$Table       anon$$obj.o


    Execution Region RW_IRAM1 (Exec base: 0x20000000, Load base: 0x0802142c, Size: 0x00003390, Max: 0x00005000, ABSOLUTE, COMPRESSED[0x00000030])

    Exec Addr    Load Addr    Size         Type   Attr      Idx    E Section Name        Object

    0x20000000   COMPRESSED   0x00000031   Data   RW           43    .data               main.o
    0x20000031   COMPRESSED   0x00000001   PAD
    0x20000032   COMPRESSED   0x00000004   Data   RW          860    .data               hw_rtc.o
    0x20000036   COMPRESSED   0x00000002   PAD
    0x20000038   COMPRESSED   0x00000008   Data   RW         1165    .data               low_power_manager.o
    0x20000040   COMPRESSED   0x0000000a   Data   RW         1387    .data               at.o
    0x2000004a   COMPRESSED   0x00000006   PAD
    0x20000050   COMPRESSED   0x000000b8   Data   RW         2018    .data               common.o
    0x20000108   COMPRESSED   0x00000008   Data   RW         2191    .data               flash_eraseprogram.o
    0x20000110   COMPRESSED   0x00000034   Data   RW         2265    .data               time_server.o
    0x20000144   COMPRESSED   0x00000010   Data   RW         2389    .data               sht31.o
    0x20000154   COMPRESSED   0x00000010   Data   RW         2439    .data               ds18b20.o
    0x20000164   COMPRESSED   0x0000000c   Data   RW         2533    .data               weight.o
    0x20000170   COMPRESSED   0x00000054   Data   RW         3032    .data               nbinit.o
    0x200001c4   COMPRESSED   0x00000001   Data   RW         3337    .data               nb_mqtt.o
    0x200001c5   COMPRESSED   0x00000001   PAD
    0x200001c6   COMPRESSED   0x00000002   Data   RW         3553    .data               nb_udp.o
    0x200001c8   COMPRESSED   0x0000000c   Data   RW         4298    .data               stm32l0xx_hal.o
    0x200001d4   COMPRESSED   0x00000004   Data   RW         6853    .data               system_stm32l0xx.o
    0x200001d8   COMPRESSED   0x00000004   Data   RW         7272    .data               mc_p.l(stdout.o)
    0x200001dc   COMPRESSED   0x00000004   Data   RW         7292    .data               mc_p.l(errno.o)
    0x200001e0        -       0x0000026c   Zero   RW           38    .bss                main.o
    0x2000044c        -       0x0000005c   Zero   RW          438    .bss                adc.o
    0x200004a8        -       0x0000004c   Zero   RW          495    .bss                i2c.o
    0x200004f4        -       0x00000010   Zero   RW          526    .bss                iwdg.o
    0x20000504        -       0x000001d4   Zero   RW          560    .bss                usart.o
    0x200006d8        -       0x00000068   Zero   RW          858    .bss                hw_rtc.o
    0x20000740        -       0x000008d4   Zero   RW         1384    .bss                at.o
    0x20001014        -       0x0000000a   Zero   RW         2014    .bss                common.o
    0x2000101e        -       0x00000578   Zero   RW         2015    .bss                common.o
    0x20001596        -       0x000008cf   Zero   RW         2016    .bss                common.o
    0x20001e65   COMPRESSED   0x00000003   PAD
    0x20001e68        -       0x0000000c   Zero   RW         2190    .bss                flash_eraseprogram.o
    0x20001e74        -       0x00000014   Zero   RW         2643    .bss                ult.o
    0x20001e88        -       0x00000028   Zero   RW         2869    .bss                ne117.o
    0x20001eb0        -       0x000002c8   Zero   RW         3028    .bss                nbinit.o
    0x20002178        -       0x00000200   Zero   RW         3029    .bss                nbinit.o
    0x20002378        -       0x00000bb8   Zero   RW         3334    .bss                nb_mqtt.o
    0x20002f30        -       0x00000018   Zero   RW         5275    .bss                stm32l0xx_hal_flash.o
    0x20002f48        -       0x0000001a   Zero   RW         6939    .bss                mc_p.l(asctime_s.o)
    0x20002f62   COMPRESSED   0x00000002   PAD
    0x20002f64        -       0x0000002c   Zero   RW         7280    .bss                mc_p.l(localtime_w.o)
    0x20002f90        -       0x00000400   Zero   RW            1    STACK               startup_stm32l072xx.o


==============================================================================

Image component sizes


      Code (inc. data)   RO Data    RW Data    ZI Data      Debug   Object Name

       144         22          0          0         92       1427   adc.o
     11816       2552       4079         10       2260      70635   at.o
       400        126          0          0          0       1872   battery_read.o
     12064       2462        185        184       3665      29860   common.o
        40          4          0          0          0        706   dma.o
      1646        124          0         16          0       9285   ds18b20.o
       220         90          0          8         12       2562   flash_eraseprogram.o
       364         30          0          0          0       1019   gpio.o
      1342        114         24          4        104      14404   hw_rtc.o
       180         26          0          0         76       1545   i2c.o
        44         12          0          0         16        647   iwdg.o
       420        124          0          0          0       1499   lidar.o
        80         10          0          8          0       1624   low_power_manager.o
        88         14          0          0          0        998   lowpower.o
      4192        706        127         49        620     458547   main.o
      2576       1018       2016          0          0      24225   nb_coap.o
      3780       1676       2016          1       3000      21178   nb_mqtt.o
      5216       1374        139          0          0       6599   nb_payload.o
      1408        472       2016          0          0       9710   nb_tcp.o
      1656        546       2016          2          0      10050   nb_udp.o
     14732       6312       2190         84       1224      39755   nbinit.o
      1320        148          0          0         40      10284   ne117.o
       608        136          0          0          0       1415   sht20.o
       836        158          0         16          0       3335   sht31.o
        28          8        192          0       1024        628   startup_stm32l072xx.o
       204         36          0         12          0      10072   stm32l0xx_hal.o
      1030         36          0          0          0       5898   stm32l0xx_hal_adc.o
       170          0          0          0          0       1406   stm32l0xx_hal_adc_ex.o
       148         24          0          0          0      12105   stm32l0xx_hal_cortex.o
       604         12          0          0          0       4934   stm32l0xx_hal_dma.o
       448         60          0          0         24       4407   stm32l0xx_hal_flash.o
       360         60          0          0          0       5719   stm32l0xx_hal_flash_ex.o
       442         38          0          0          0       4135   stm32l0xx_hal_gpio.o
      2138         62          0          0          0      15041   stm32l0xx_hal_i2c.o
       146          0          0          0          0       1887   stm32l0xx_hal_i2c_ex.o
       116         20          0          0          0       1735   stm32l0xx_hal_iwdg.o
       116         10          0          0          0       1872   stm32l0xx_hal_msp.o
       116         16          0          0          0       1251   stm32l0xx_hal_pwr.o
        32          8          0          0          0       1029   stm32l0xx_hal_pwr_ex.o
      1778         96          0          0          0       5704   stm32l0xx_hal_rcc.o
       396         14          0          0          0       1456   stm32l0xx_hal_rcc_ex.o
      1604         36          0          0          0       9934   stm32l0xx_hal_rtc.o
        84          0          0          0          0       2826   stm32l0xx_hal_rtc_ex.o
      2738        114          0          0          0      16766   stm32l0xx_hal_uart.o
       188          4          0          0          0       2608   stm32l0xx_hal_uart_ex.o
       142         30          0          0          0       5245   stm32l0xx_it.o
        88         22         33          4          0       1199   system_stm32l0xx.o
      1092         54          0         52          0      11277   time_server.o
       642         22          0          0          0       3954   tiny_sscanf.o
         0          0          0          0          0       3500   trace.o
       276         68          0          0         20       3286   ult.o
       544        136          0          0          0       3518   ultrasound.o
       664         72          0          0        468       5043   usart.o
       508         62          0         12          0       5144   weight.o

    ----------------------------------------------------------------------
     82062      19376      15073        472      12648     876760   Object Totals
         0          0         32          0          0          0   (incl. Generated)
        48          0          8         10          3          0   (incl. Padding)

    ----------------------------------------------------------------------

      Code (inc. data)   RO Data    RW Data    ZI Data      Debug   Library Member Name

        42          0          0          0          0         76   atof.o
        86          0          0          0          0          0   __dczerorl2.o
        30          0          0          0          0         60   _chval.o
        68          0          0          0          0         76   _sgetc.o
       166          0          0          0          0         84   _strtoul.o
        60         30          0          0         26         68   asctime_s.o
        26          0          0          0          0         72   atoi.o
        12          0          0          0          0         68   ctime.o
         8          4        133          0          0         60   ctype_o.o
         0          0          0          0          0          0   entry.o
         0          0          0          0          0          0   entry10a.o
         0          0          0          0          0          0   entry11a.o
         4          0          0          0          0          0   entry12b.o
         8          4          0          0          0          0   entry2.o
         4          0          0          0          0          0   entry5.o
         0          0          0          0          0          0   entry7b.o
         0          0          0          0          0          0   entry8b.o
         8          4          0          0          0          0   entry9a.o
        32         16          0          4          0        180   errno.o
        30          0          0          0          0          0   handlers.o
        40          0          0          0          0         72   idiv.o
        36          8          0          0          0         68   init.o
        18          0          0          0          0         68   isspace_o.o
         0          0          0          0          0          0   iusefp.o
       122          0          0          0          0         84   llmul.o
        32          0          0          0          0         68   llshl.o
        38          0          0          0          0         68   llsshr.o
        34          0          0          0          0         68   llushr.o
       116         12         12          0          0         72   localtime_i.o
        16          6          0          0         44         68   localtime_w.o
        36          0          0          0          0         60   memcpya.o
        36          0          0          0          0        100   memseta.o
       140         16         12          0          0         72   mktime.o
      2306        102          0          0          0        556   printfa.o
       898         12          0          0          0        184   scanf_fp.o
         0          0          0          4          0          0   stdout.o
        24          0          0          0          0         60   strcat.o
        20          0          0          0          0         60   strchr.o
        28          0          0          0          0         68   strcmp.o
       940        272         86          0          0        136   strftime.o
        14          0          0          0          0         60   strlen.o
        26          0          0          0          0         68   strncpy.o
        22          0          0          0          0         60   strrchr.o
        40          0          0          0          0         72   strstr.o
       164         16          0          0          0        120   strtod.o
       112          4          0          0          0         76   strtol.o
        12          0          0          0          0         60   toupper.o
        44          0          0          0          0         72   uidiv.o
        96          0          0          0          0         84   uldiv.o
        40          2          0          0          0         68   cdrcmple.o
        56          0          0          0          0         68   d2f.o
       360          6          0          0          0        140   dadd.o
       240          6          0          0          0         84   ddiv.o
       236          0          0          0          0        216   depilogue.o
        72         10          0          0          0         72   dfixi.o
        64         10          0          0          0         68   dfixul.o
        40          6          0          0          0         68   dflti.o
        28          4          0          0          0         68   dfltui.o
        28          6          0          0          0         68   dfltul.o
       208          6          0          0          0         88   dmul.o
        44          0          0          0          0         72   dscalb.o
        40          0          0          0          0         60   f2d.o
       178          0          0          0          0        108   fadd.o
       124          0          0          0          0         72   fdiv.o
       130          0          0          0          0        144   fepilogue.o
        50          0          0          0          0         60   ffixi.o
        40          0          0          0          0         60   ffixui.o
        22          0          0          0          0         68   fflti.o
       122          0          0          0          0         72   fmul.o

    ----------------------------------------------------------------------
      8134        562        247          8         72       5072   Library Totals
        18          0          4          0          2          0   (incl. Padding)

    ----------------------------------------------------------------------

      Code (inc. data)   RO Data    RW Data    ZI Data      Debug   Library Name

        42          0          0          0          0         76   m_ps.l
      5952        506        243          8         70       3272   mc_p.l
      2122         56          0          0          0       1724   mf_p.l

    ----------------------------------------------------------------------
      8134        562        247          8         72       5072   Library Totals

    ----------------------------------------------------------------------

==============================================================================


      Code (inc. data)   RO Data    RW Data    ZI Data      Debug   

     90196      19938      15320        480      12720     854988   Grand Totals
     90196      19938      15320         48      12720     854988   ELF Image Totals (compressed)
     90196      19938      15320         48          0          0   ROM Totals

==============================================================================

    Total RO  Size (Code + RO Data)               105516 ( 103.04kB)
    Total RW  Size (RW Data + ZI Data)             13200 (  12.89kB)
    Total ROM Size (Code + RO Data + RW Data)     105564 ( 103.09kB)

==============================================================================

